<!doctype html public "-//w3c//dtd html 4.0 transitional//en">
<html><head>
<title>Static Call Graph - [.\Obj\M24SR_DISCOVERY_MB1138_FOR_F4.axf]</title></head>
<body><HR>
<H1>Static Call Graph for image .\Obj\M24SR_DISCOVERY_MB1138_FOR_F4.axf</H1><HR>
<BR><P>#&#060CALLGRAPH&#062# ARM Linker, 5.03 [Build 69]: Last Updated: Fri Mar 07 16:04:47 2014
<BR><P>
<H3>Maximum Stack Usage =       1112 bytes + Unknown(Cycles, Untraceable Function Pointers)</H3><H3>
Call chain for Maximum Stack Depth:</H3>
ReadURI &rArr; TT4_ReadURI &rArr; NDEF_IdentifyNDEF &rArr; NDEF_IsNDEFPresent &rArr; M24SR_ReadData &rArr; M24SR_ReadBinary &rArr; M24SR_IsAnswerReady &rArr; M24SR_PollI2C &rArr; delay_us &rArr; TimerDelay_us_Config &rArr; TIM_UpdateRequestConfig
<P>
<H3>
Mutually Recursive functions
</H3> <LI><a href="#[3d]">ADC_IRQHandler</a>&nbsp;&nbsp;&nbsp;&rArr;&nbsp;&nbsp;&nbsp;<a href="#[3d]">ADC_IRQHandler</a><BR>
 <LI><a href="#[151]">NDEF_IdentifySPRecord</a>&nbsp;&nbsp;&nbsp;&rArr;&nbsp;&nbsp;&nbsp;<a href="#[150]">NDEF_ParseRecordHeader</a><BR>
</UL>
<P>
<H3>
Function Pointers
</H3><UL>
 <LI><a href="#[3d]">ADC_IRQHandler</a> from startup_stm32f40_41xxx.o(.text) referenced from startup_stm32f40_41xxx.o(RESET)
 <LI><a href="#[20]">AboutFunc</a> from menu.o(i.AboutFunc) referenced 2 times from menu.o(.data)
 <LI><a href="#[1b]">AntennaPres</a> from menu.o(i.AntennaPres) referenced 2 times from menu.o(.data)
 <LI><a href="#[25]">BusFault_Handler</a> from stm32f4xx_it.o(i.BusFault_Handler) referenced from startup_stm32f40_41xxx.o(RESET)
 <LI><a href="#[3f]">CAN1_RX0_IRQHandler</a> from startup_stm32f40_41xxx.o(.text) referenced from startup_stm32f40_41xxx.o(RESET)
 <LI><a href="#[40]">CAN1_RX1_IRQHandler</a> from startup_stm32f40_41xxx.o(.text) referenced from startup_stm32f40_41xxx.o(RESET)
 <LI><a href="#[41]">CAN1_SCE_IRQHandler</a> from startup_stm32f40_41xxx.o(.text) referenced from startup_stm32f40_41xxx.o(RESET)
 <LI><a href="#[3e]">CAN1_TX_IRQHandler</a> from startup_stm32f40_41xxx.o(.text) referenced from startup_stm32f40_41xxx.o(RESET)
 <LI><a href="#[6b]">CAN2_RX0_IRQHandler</a> from startup_stm32f40_41xxx.o(.text) referenced from startup_stm32f40_41xxx.o(RESET)
 <LI><a href="#[6c]">CAN2_RX1_IRQHandler</a> from startup_stm32f40_41xxx.o(.text) referenced from startup_stm32f40_41xxx.o(RESET)
 <LI><a href="#[6d]">CAN2_SCE_IRQHandler</a> from startup_stm32f40_41xxx.o(.text) referenced from startup_stm32f40_41xxx.o(RESET)
 <LI><a href="#[6a]">CAN2_TX_IRQHandler</a> from startup_stm32f40_41xxx.o(.text) referenced from startup_stm32f40_41xxx.o(RESET)
 <LI><a href="#[7a]">CRYP_IRQHandler</a> from startup_stm32f40_41xxx.o(.text) referenced from startup_stm32f40_41xxx.o(RESET)
 <LI><a href="#[79]">DCMI_IRQHandler</a> from startup_stm32f40_41xxx.o(.text) referenced from startup_stm32f40_41xxx.o(RESET)
 <LI><a href="#[36]">DMA1_Stream0_IRQHandler</a> from startup_stm32f40_41xxx.o(.text) referenced from startup_stm32f40_41xxx.o(RESET)
 <LI><a href="#[37]">DMA1_Stream1_IRQHandler</a> from startup_stm32f40_41xxx.o(.text) referenced from startup_stm32f40_41xxx.o(RESET)
 <LI><a href="#[38]">DMA1_Stream2_IRQHandler</a> from startup_stm32f40_41xxx.o(.text) referenced from startup_stm32f40_41xxx.o(RESET)
 <LI><a href="#[39]">DMA1_Stream3_IRQHandler</a> from startup_stm32f40_41xxx.o(.text) referenced from startup_stm32f40_41xxx.o(RESET)
 <LI><a href="#[3a]">DMA1_Stream4_IRQHandler</a> from startup_stm32f40_41xxx.o(.text) referenced from startup_stm32f40_41xxx.o(RESET)
 <LI><a href="#[3b]">DMA1_Stream5_IRQHandler</a> from startup_stm32f40_41xxx.o(.text) referenced from startup_stm32f40_41xxx.o(RESET)
 <LI><a href="#[3c]">DMA1_Stream6_IRQHandler</a> from startup_stm32f40_41xxx.o(.text) referenced from startup_stm32f40_41xxx.o(RESET)
 <LI><a href="#[5a]">DMA1_Stream7_IRQHandler</a> from startup_stm32f40_41xxx.o(.text) referenced from startup_stm32f40_41xxx.o(RESET)
 <LI><a href="#[63]">DMA2_Stream0_IRQHandler</a> from startup_stm32f40_41xxx.o(.text) referenced from startup_stm32f40_41xxx.o(RESET)
 <LI><a href="#[64]">DMA2_Stream1_IRQHandler</a> from startup_stm32f40_41xxx.o(.text) referenced from startup_stm32f40_41xxx.o(RESET)
 <LI><a href="#[65]">DMA2_Stream2_IRQHandler</a> from startup_stm32f40_41xxx.o(.text) referenced from startup_stm32f40_41xxx.o(RESET)
 <LI><a href="#[66]">DMA2_Stream3_IRQHandler</a> from startup_stm32f40_41xxx.o(.text) referenced from startup_stm32f40_41xxx.o(RESET)
 <LI><a href="#[67]">DMA2_Stream4_IRQHandler</a> from startup_stm32f40_41xxx.o(.text) referenced from startup_stm32f40_41xxx.o(RESET)
 <LI><a href="#[6f]">DMA2_Stream5_IRQHandler</a> from startup_stm32f40_41xxx.o(.text) referenced from startup_stm32f40_41xxx.o(RESET)
 <LI><a href="#[70]">DMA2_Stream6_IRQHandler</a> from startup_stm32f40_41xxx.o(.text) referenced from startup_stm32f40_41xxx.o(RESET)
 <LI><a href="#[71]">DMA2_Stream7_IRQHandler</a> from startup_stm32f40_41xxx.o(.text) referenced from startup_stm32f40_41xxx.o(RESET)
 <LI><a href="#[18]">DWLoadPhoneApp</a> from menu.o(i.DWLoadPhoneApp) referenced 4 times from menu.o(.data)
 <LI><a href="#[28]">DebugMon_Handler</a> from stm32f4xx_it.o(i.DebugMon_Handler) referenced from startup_stm32f40_41xxx.o(RESET)
 <LI><a href="#[8]">DisableReadOnlyMode</a> from menu.o(i.DisableReadOnlyMode) referenced 2 times from menu.o(.data)
 <LI><a href="#[4]">DisableReadPWD</a> from menu.o(i.DisableReadPWD) referenced 2 times from menu.o(.data)
 <LI><a href="#[9]">DisableWriteOnlyMode</a> from menu.o(i.DisableWriteOnlyMode) referenced 2 times from menu.o(.data)
 <LI><a href="#[5]">DisableWritePWD</a> from menu.o(i.DisableWritePWD) referenced 2 times from menu.o(.data)
 <LI><a href="#[1d]">Disable_M24SR_RF</a> from menu.o(i.Disable_M24SR_RF) referenced 2 times from menu.o(.data)
 <LI><a href="#[14]">Display_Info</a> from menu.o(i.Display_Info) referenced 2 times from menu.o(.data)
 <LI><a href="#[68]">ETH_IRQHandler</a> from startup_stm32f40_41xxx.o(.text) referenced from startup_stm32f40_41xxx.o(RESET)
 <LI><a href="#[69]">ETH_WKUP_IRQHandler</a> from startup_stm32f40_41xxx.o(.text) referenced from startup_stm32f40_41xxx.o(RESET)
 <LI><a href="#[31]">EXTI0_IRQHandler</a> from startup_stm32f40_41xxx.o(.text) referenced from startup_stm32f40_41xxx.o(RESET)
 <LI><a href="#[53]">EXTI15_10_IRQHandler</a> from startup_stm32f40_41xxx.o(.text) referenced from startup_stm32f40_41xxx.o(RESET)
 <LI><a href="#[32]">EXTI1_IRQHandler</a> from startup_stm32f40_41xxx.o(.text) referenced from startup_stm32f40_41xxx.o(RESET)
 <LI><a href="#[33]">EXTI2_IRQHandler</a> from startup_stm32f40_41xxx.o(.text) referenced from startup_stm32f40_41xxx.o(RESET)
 <LI><a href="#[34]">EXTI3_IRQHandler</a> from startup_stm32f40_41xxx.o(.text) referenced from startup_stm32f40_41xxx.o(RESET)
 <LI><a href="#[35]">EXTI4_IRQHandler</a> from startup_stm32f40_41xxx.o(.text) referenced from startup_stm32f40_41xxx.o(RESET)
 <LI><a href="#[42]">EXTI9_5_IRQHandler</a> from stm32f4xx_it.o(i.EXTI9_5_IRQHandler) referenced from startup_stm32f40_41xxx.o(RESET)
 <LI><a href="#[6]">EnableReadOnlyMode</a> from menu.o(i.EnableReadOnlyMode) referenced 2 times from menu.o(.data)
 <LI><a href="#[0]">EnableReadPWD</a> from menu.o(i.EnableReadPWD) referenced 2 times from menu.o(.data)
 <LI><a href="#[7]">EnableWriteOnlyMode</a> from menu.o(i.EnableWriteOnlyMode) referenced 2 times from menu.o(.data)
 <LI><a href="#[2]">EnableWritePWD</a> from menu.o(i.EnableWritePWD) referenced 2 times from menu.o(.data)
 <LI><a href="#[15]">Enable_BT_Pairing</a> from menu.o(i.Enable_BT_Pairing) referenced 2 times from menu.o(.data)
 <LI><a href="#[1e]">Enable_GPO_RF</a> from menu.o(i.Enable_GPO_RF) referenced 2 times from menu.o(.data)
 <LI><a href="#[1c]">Enable_M24SR_RF</a> from menu.o(i.Enable_M24SR_RF) referenced 2 times from menu.o(.data)
 <LI><a href="#[2f]">FLASH_IRQHandler</a> from startup_stm32f40_41xxx.o(.text) referenced from startup_stm32f40_41xxx.o(RESET)
 <LI><a href="#[7c]">FPU_IRQHandler</a> from startup_stm32f40_41xxx.o(.text) referenced from startup_stm32f40_41xxx.o(RESET)
 <LI><a href="#[5b]">FSMC_IRQHandler</a> from startup_stm32f40_41xxx.o(.text) referenced from startup_stm32f40_41xxx.o(RESET)
 <LI><a href="#[7b]">HASH_RNG_IRQHandler</a> from startup_stm32f40_41xxx.o(.text) referenced from startup_stm32f40_41xxx.o(RESET)
 <LI><a href="#[23]">HardFault_Handler</a> from stm32f4xx_it.o(i.HardFault_Handler) referenced from startup_stm32f40_41xxx.o(RESET)
 <LI><a href="#[4b]">I2C1_ER_IRQHandler</a> from startup_stm32f40_41xxx.o(.text) referenced from startup_stm32f40_41xxx.o(RESET)
 <LI><a href="#[4a]">I2C1_EV_IRQHandler</a> from startup_stm32f40_41xxx.o(.text) referenced from startup_stm32f40_41xxx.o(RESET)
 <LI><a href="#[4d]">I2C2_ER_IRQHandler</a> from startup_stm32f40_41xxx.o(.text) referenced from startup_stm32f40_41xxx.o(RESET)
 <LI><a href="#[4c]">I2C2_EV_IRQHandler</a> from startup_stm32f40_41xxx.o(.text) referenced from startup_stm32f40_41xxx.o(RESET)
 <LI><a href="#[74]">I2C3_ER_IRQHandler</a> from startup_stm32f40_41xxx.o(.text) referenced from startup_stm32f40_41xxx.o(RESET)
 <LI><a href="#[73]">I2C3_EV_IRQHandler</a> from startup_stm32f40_41xxx.o(.text) referenced from startup_stm32f40_41xxx.o(RESET)
 <LI><a href="#[1]">IdleFunc</a> from menu.o(i.IdleFunc) referenced 178 times from menu.o(.data)
 <LI><a href="#[19]">LaunchDemoApp</a> from menu.o(i.LaunchDemoApp) referenced 2 times from menu.o(.data)
 <LI><a href="#[13]">Load_BT_NDEF</a> from menu.o(i.Load_BT_NDEF) referenced 2 times from menu.o(.data)
 <LI><a href="#[b]">Load_URI_Tel</a> from menu.o(i.Load_URI_Tel) referenced 2 times from menu.o(.data)
 <LI><a href="#[a]">Load_URI_URL</a> from menu.o(i.Load_URI_URL) referenced 2 times from menu.o(.data)
 <LI><a href="#[24]">MemManage_Handler</a> from stm32f4xx_it.o(i.MemManage_Handler) referenced from startup_stm32f40_41xxx.o(RESET)
 <LI><a href="#[22]">NMI_Handler</a> from stm32f4xx_it.o(i.NMI_Handler) referenced from startup_stm32f40_41xxx.o(RESET)
 <LI><a href="#[6e]">OTG_FS_IRQHandler</a> from startup_stm32f40_41xxx.o(.text) referenced from startup_stm32f40_41xxx.o(RESET)
 <LI><a href="#[55]">OTG_FS_WKUP_IRQHandler</a> from startup_stm32f40_41xxx.o(.text) referenced from startup_stm32f40_41xxx.o(RESET)
 <LI><a href="#[76]">OTG_HS_EP1_IN_IRQHandler</a> from startup_stm32f40_41xxx.o(.text) referenced from startup_stm32f40_41xxx.o(RESET)
 <LI><a href="#[75]">OTG_HS_EP1_OUT_IRQHandler</a> from startup_stm32f40_41xxx.o(.text) referenced from startup_stm32f40_41xxx.o(RESET)
 <LI><a href="#[78]">OTG_HS_IRQHandler</a> from startup_stm32f40_41xxx.o(.text) referenced from startup_stm32f40_41xxx.o(RESET)
 <LI><a href="#[77]">OTG_HS_WKUP_IRQHandler</a> from startup_stm32f40_41xxx.o(.text) referenced from startup_stm32f40_41xxx.o(RESET)
 <LI><a href="#[2c]">PVD_IRQHandler</a> from startup_stm32f40_41xxx.o(.text) referenced from startup_stm32f40_41xxx.o(RESET)
 <LI><a href="#[29]">PendSV_Handler</a> from stm32f4xx_it.o(i.PendSV_Handler) referenced from startup_stm32f40_41xxx.o(RESET)
 <LI><a href="#[1a]">ProductPres</a> from menu.o(i.ProductPres) referenced 2 times from menu.o(.data)
 <LI><a href="#[30]">RCC_IRQHandler</a> from startup_stm32f40_41xxx.o(.text) referenced from startup_stm32f40_41xxx.o(RESET)
 <LI><a href="#[54]">RTC_Alarm_IRQHandler</a> from startup_stm32f40_41xxx.o(.text) referenced from startup_stm32f40_41xxx.o(RESET)
 <LI><a href="#[2e]">RTC_WKUP_IRQHandler</a> from startup_stm32f40_41xxx.o(.text) referenced from startup_stm32f40_41xxx.o(RESET)
 <LI><a href="#[10]">ReadEmail</a> from menu.o(i.ReadEmail) referenced 2 times from menu.o(.data)
 <LI><a href="#[17]">ReadGeo</a> from menu.o(i.ReadGeo) referenced 2 times from menu.o(.data)
 <LI><a href="#[e]">ReadSMS</a> from menu.o(i.ReadSMS) referenced 2 times from menu.o(.data)
 <LI><a href="#[c]">ReadURI</a> from menu.o(i.ReadURI) referenced 2 times from menu.o(.data)
 <LI><a href="#[12]">ReadVcard</a> from menu.o(i.ReadVcard) referenced 2 times from menu.o(.data)
 <LI><a href="#[21]">Reset_Handler</a> from startup_stm32f40_41xxx.o(.text) referenced from startup_stm32f40_41xxx.o(RESET)
 <LI><a href="#[3]">ReturnFunc</a> from menu.o(i.ReturnFunc) referenced 38 times from menu.o(.data)
 <LI><a href="#[5c]">SDIO_IRQHandler</a> from startup_stm32f40_41xxx.o(.text) referenced from startup_stm32f40_41xxx.o(RESET)
 <LI><a href="#[4e]">SPI1_IRQHandler</a> from startup_stm32f40_41xxx.o(.text) referenced from startup_stm32f40_41xxx.o(RESET)
 <LI><a href="#[4f]">SPI2_IRQHandler</a> from startup_stm32f40_41xxx.o(.text) referenced from startup_stm32f40_41xxx.o(RESET)
 <LI><a href="#[5e]">SPI3_IRQHandler</a> from startup_stm32f40_41xxx.o(.text) referenced from startup_stm32f40_41xxx.o(RESET)
 <LI><a href="#[27]">SVC_Handler</a> from stm32f4xx_it.o(i.SVC_Handler) referenced from startup_stm32f40_41xxx.o(RESET)
 <LI><a href="#[1f]">SuperUser</a> from menu.o(i.SuperUser) referenced 2 times from menu.o(.data)
 <LI><a href="#[2a]">SysTick_Handler</a> from stm32f4xx_it.o(i.SysTick_Handler) referenced from startup_stm32f40_41xxx.o(RESET)
 <LI><a href="#[7e]">SystemInit</a> from system_stm32f4xx.o(i.SystemInit) referenced from startup_stm32f40_41xxx.o(.text)
 <LI><a href="#[2d]">TAMP_STAMP_IRQHandler</a> from startup_stm32f40_41xxx.o(.text) referenced from startup_stm32f40_41xxx.o(RESET)
 <LI><a href="#[43]">TIM1_BRK_TIM9_IRQHandler</a> from startup_stm32f40_41xxx.o(.text) referenced from startup_stm32f40_41xxx.o(RESET)
 <LI><a href="#[46]">TIM1_CC_IRQHandler</a> from startup_stm32f40_41xxx.o(.text) referenced from startup_stm32f40_41xxx.o(RESET)
 <LI><a href="#[45]">TIM1_TRG_COM_TIM11_IRQHandler</a> from startup_stm32f40_41xxx.o(.text) referenced from startup_stm32f40_41xxx.o(RESET)
 <LI><a href="#[44]">TIM1_UP_TIM10_IRQHandler</a> from startup_stm32f40_41xxx.o(.text) referenced from startup_stm32f40_41xxx.o(RESET)
 <LI><a href="#[47]">TIM2_IRQHandler</a> from stm32f4xx_it.o(i.TIM2_IRQHandler) referenced from startup_stm32f40_41xxx.o(RESET)
 <LI><a href="#[48]">TIM3_IRQHandler</a> from stm32f4xx_it.o(i.TIM3_IRQHandler) referenced from startup_stm32f40_41xxx.o(RESET)
 <LI><a href="#[49]">TIM4_IRQHandler</a> from startup_stm32f40_41xxx.o(.text) referenced from startup_stm32f40_41xxx.o(RESET)
 <LI><a href="#[5d]">TIM5_IRQHandler</a> from startup_stm32f40_41xxx.o(.text) referenced from startup_stm32f40_41xxx.o(RESET)
 <LI><a href="#[61]">TIM6_DAC_IRQHandler</a> from startup_stm32f40_41xxx.o(.text) referenced from startup_stm32f40_41xxx.o(RESET)
 <LI><a href="#[62]">TIM7_IRQHandler</a> from startup_stm32f40_41xxx.o(.text) referenced from startup_stm32f40_41xxx.o(RESET)
 <LI><a href="#[56]">TIM8_BRK_TIM12_IRQHandler</a> from startup_stm32f40_41xxx.o(.text) referenced from startup_stm32f40_41xxx.o(RESET)
 <LI><a href="#[59]">TIM8_CC_IRQHandler</a> from startup_stm32f40_41xxx.o(.text) referenced from startup_stm32f40_41xxx.o(RESET)
 <LI><a href="#[58]">TIM8_TRG_COM_TIM14_IRQHandler</a> from startup_stm32f40_41xxx.o(.text) referenced from startup_stm32f40_41xxx.o(RESET)
 <LI><a href="#[57]">TIM8_UP_TIM13_IRQHandler</a> from startup_stm32f40_41xxx.o(.text) referenced from startup_stm32f40_41xxx.o(RESET)
 <LI><a href="#[5f]">UART4_IRQHandler</a> from drv_bluetooth.o(i.UART4_IRQHandler) referenced from startup_stm32f40_41xxx.o(RESET)
 <LI><a href="#[60]">UART5_IRQHandler</a> from startup_stm32f40_41xxx.o(.text) referenced from startup_stm32f40_41xxx.o(RESET)
 <LI><a href="#[50]">USART1_IRQHandler</a> from startup_stm32f40_41xxx.o(.text) referenced from startup_stm32f40_41xxx.o(RESET)
 <LI><a href="#[51]">USART2_IRQHandler</a> from startup_stm32f40_41xxx.o(.text) referenced from startup_stm32f40_41xxx.o(RESET)
 <LI><a href="#[52]">USART3_IRQHandler</a> from startup_stm32f40_41xxx.o(.text) referenced from startup_stm32f40_41xxx.o(RESET)
 <LI><a href="#[72]">USART6_IRQHandler</a> from startup_stm32f40_41xxx.o(.text) referenced from startup_stm32f40_41xxx.o(RESET)
 <LI><a href="#[26]">UsageFault_Handler</a> from stm32f4xx_it.o(i.UsageFault_Handler) referenced from startup_stm32f40_41xxx.o(RESET)
 <LI><a href="#[2b]">WWDG_IRQHandler</a> from startup_stm32f40_41xxx.o(.text) referenced from startup_stm32f40_41xxx.o(RESET)
 <LI><a href="#[f]">WriteEmail</a> from menu.o(i.WriteEmail) referenced 2 times from menu.o(.data)
 <LI><a href="#[16]">WriteGeo</a> from menu.o(i.WriteGeo) referenced 2 times from menu.o(.data)
 <LI><a href="#[d]">WriteSMS</a> from menu.o(i.WriteSMS) referenced 2 times from menu.o(.data)
 <LI><a href="#[11]">WriteVcard</a> from menu.o(i.WriteVcard) referenced 2 times from menu.o(.data)
 <LI><a href="#[7f]">__main</a> from entry.o(.ARM.Collect$$$$00000000) referenced from startup_stm32f40_41xxx.o(.text)
 <LI><a href="#[7d]">main</a> from main.o(i.main) referenced from entry9a.o(.ARM.Collect$$$$0000000B)
</UL>
<P>
<H3>
Global Symbols
</H3>
<P><STRONG><a name="[7f]"></a>__main</STRONG> (Thumb, 0 bytes, Stack size unknown bytes, entry.o(.ARM.Collect$$$$00000000))
<BR>[Address Reference Count : 1]<UL><LI> startup_stm32f40_41xxx.o(.text)
</UL>
<P><STRONG><a name="[191]"></a>_main_stk</STRONG> (Thumb, 0 bytes, Stack size unknown bytes, entry2.o(.ARM.Collect$$$$00000001))

<P><STRONG><a name="[80]"></a>_main_scatterload</STRONG> (Thumb, 0 bytes, Stack size unknown bytes, entry5.o(.ARM.Collect$$$$00000004))
<BR><BR>[Calls]<UL><LI><a href="#[81]">&gt;&gt;</a>&nbsp;&nbsp;&nbsp;__scatterload
</UL>

<P><STRONG><a name="[85]"></a>__main_after_scatterload</STRONG> (Thumb, 0 bytes, Stack size unknown bytes, entry5.o(.ARM.Collect$$$$00000004))
<BR><BR>[Called By]<UL><LI><a href="#[81]">&gt;&gt;</a>&nbsp;&nbsp;&nbsp;__scatterload
</UL>

<P><STRONG><a name="[192]"></a>_main_clock</STRONG> (Thumb, 0 bytes, Stack size unknown bytes, entry7b.o(.ARM.Collect$$$$00000008))

<P><STRONG><a name="[193]"></a>_main_cpp_init</STRONG> (Thumb, 0 bytes, Stack size unknown bytes, entry8b.o(.ARM.Collect$$$$0000000A))

<P><STRONG><a name="[194]"></a>_main_init</STRONG> (Thumb, 0 bytes, Stack size unknown bytes, entry9a.o(.ARM.Collect$$$$0000000B))

<P><STRONG><a name="[195]"></a>__rt_final_cpp</STRONG> (Thumb, 0 bytes, Stack size unknown bytes, entry10a.o(.ARM.Collect$$$$0000000D))

<P><STRONG><a name="[196]"></a>__rt_final_exit</STRONG> (Thumb, 0 bytes, Stack size unknown bytes, entry11a.o(.ARM.Collect$$$$0000000F))

<P><STRONG><a name="[21]"></a>Reset_Handler</STRONG> (Thumb, 8 bytes, Stack size 0 bytes, startup_stm32f40_41xxx.o(.text))
<BR>[Address Reference Count : 1]<UL><LI> startup_stm32f40_41xxx.o(RESET)
</UL>
<P><STRONG><a name="[3d]"></a>ADC_IRQHandler</STRONG> (Thumb, 0 bytes, Stack size 0 bytes, startup_stm32f40_41xxx.o(.text))
<BR><BR>[Calls]<UL><LI><a href="#[3d]">&gt;&gt;</a>&nbsp;&nbsp;&nbsp;ADC_IRQHandler
</UL>
<BR>[Called By]<UL><LI><a href="#[3d]">&gt;&gt;</a>&nbsp;&nbsp;&nbsp;ADC_IRQHandler
</UL>
<BR>[Address Reference Count : 1]<UL><LI> startup_stm32f40_41xxx.o(RESET)
</UL>
<P><STRONG><a name="[3f]"></a>CAN1_RX0_IRQHandler</STRONG> (Thumb, 0 bytes, Stack size 0 bytes, startup_stm32f40_41xxx.o(.text))
<BR>[Address Reference Count : 1]<UL><LI> startup_stm32f40_41xxx.o(RESET)
</UL>
<P><STRONG><a name="[40]"></a>CAN1_RX1_IRQHandler</STRONG> (Thumb, 0 bytes, Stack size 0 bytes, startup_stm32f40_41xxx.o(.text))
<BR>[Address Reference Count : 1]<UL><LI> startup_stm32f40_41xxx.o(RESET)
</UL>
<P><STRONG><a name="[41]"></a>CAN1_SCE_IRQHandler</STRONG> (Thumb, 0 bytes, Stack size 0 bytes, startup_stm32f40_41xxx.o(.text))
<BR>[Address Reference Count : 1]<UL><LI> startup_stm32f40_41xxx.o(RESET)
</UL>
<P><STRONG><a name="[3e]"></a>CAN1_TX_IRQHandler</STRONG> (Thumb, 0 bytes, Stack size 0 bytes, startup_stm32f40_41xxx.o(.text))
<BR>[Address Reference Count : 1]<UL><LI> startup_stm32f40_41xxx.o(RESET)
</UL>
<P><STRONG><a name="[6b]"></a>CAN2_RX0_IRQHandler</STRONG> (Thumb, 0 bytes, Stack size 0 bytes, startup_stm32f40_41xxx.o(.text))
<BR>[Address Reference Count : 1]<UL><LI> startup_stm32f40_41xxx.o(RESET)
</UL>
<P><STRONG><a name="[6c]"></a>CAN2_RX1_IRQHandler</STRONG> (Thumb, 0 bytes, Stack size 0 bytes, startup_stm32f40_41xxx.o(.text))
<BR>[Address Reference Count : 1]<UL><LI> startup_stm32f40_41xxx.o(RESET)
</UL>
<P><STRONG><a name="[6d]"></a>CAN2_SCE_IRQHandler</STRONG> (Thumb, 0 bytes, Stack size 0 bytes, startup_stm32f40_41xxx.o(.text))
<BR>[Address Reference Count : 1]<UL><LI> startup_stm32f40_41xxx.o(RESET)
</UL>
<P><STRONG><a name="[6a]"></a>CAN2_TX_IRQHandler</STRONG> (Thumb, 0 bytes, Stack size 0 bytes, startup_stm32f40_41xxx.o(.text))
<BR>[Address Reference Count : 1]<UL><LI> startup_stm32f40_41xxx.o(RESET)
</UL>
<P><STRONG><a name="[7a]"></a>CRYP_IRQHandler</STRONG> (Thumb, 0 bytes, Stack size 0 bytes, startup_stm32f40_41xxx.o(.text))
<BR>[Address Reference Count : 1]<UL><LI> startup_stm32f40_41xxx.o(RESET)
</UL>
<P><STRONG><a name="[79]"></a>DCMI_IRQHandler</STRONG> (Thumb, 0 bytes, Stack size 0 bytes, startup_stm32f40_41xxx.o(.text))
<BR>[Address Reference Count : 1]<UL><LI> startup_stm32f40_41xxx.o(RESET)
</UL>
<P><STRONG><a name="[36]"></a>DMA1_Stream0_IRQHandler</STRONG> (Thumb, 0 bytes, Stack size 0 bytes, startup_stm32f40_41xxx.o(.text))
<BR>[Address Reference Count : 1]<UL><LI> startup_stm32f40_41xxx.o(RESET)
</UL>
<P><STRONG><a name="[37]"></a>DMA1_Stream1_IRQHandler</STRONG> (Thumb, 0 bytes, Stack size 0 bytes, startup_stm32f40_41xxx.o(.text))
<BR>[Address Reference Count : 1]<UL><LI> startup_stm32f40_41xxx.o(RESET)
</UL>
<P><STRONG><a name="[38]"></a>DMA1_Stream2_IRQHandler</STRONG> (Thumb, 0 bytes, Stack size 0 bytes, startup_stm32f40_41xxx.o(.text))
<BR>[Address Reference Count : 1]<UL><LI> startup_stm32f40_41xxx.o(RESET)
</UL>
<P><STRONG><a name="[39]"></a>DMA1_Stream3_IRQHandler</STRONG> (Thumb, 0 bytes, Stack size 0 bytes, startup_stm32f40_41xxx.o(.text))
<BR>[Address Reference Count : 1]<UL><LI> startup_stm32f40_41xxx.o(RESET)
</UL>
<P><STRONG><a name="[3a]"></a>DMA1_Stream4_IRQHandler</STRONG> (Thumb, 0 bytes, Stack size 0 bytes, startup_stm32f40_41xxx.o(.text))
<BR>[Address Reference Count : 1]<UL><LI> startup_stm32f40_41xxx.o(RESET)
</UL>
<P><STRONG><a name="[3b]"></a>DMA1_Stream5_IRQHandler</STRONG> (Thumb, 0 bytes, Stack size 0 bytes, startup_stm32f40_41xxx.o(.text))
<BR>[Address Reference Count : 1]<UL><LI> startup_stm32f40_41xxx.o(RESET)
</UL>
<P><STRONG><a name="[3c]"></a>DMA1_Stream6_IRQHandler</STRONG> (Thumb, 0 bytes, Stack size 0 bytes, startup_stm32f40_41xxx.o(.text))
<BR>[Address Reference Count : 1]<UL><LI> startup_stm32f40_41xxx.o(RESET)
</UL>
<P><STRONG><a name="[5a]"></a>DMA1_Stream7_IRQHandler</STRONG> (Thumb, 0 bytes, Stack size 0 bytes, startup_stm32f40_41xxx.o(.text))
<BR>[Address Reference Count : 1]<UL><LI> startup_stm32f40_41xxx.o(RESET)
</UL>
<P><STRONG><a name="[63]"></a>DMA2_Stream0_IRQHandler</STRONG> (Thumb, 0 bytes, Stack size 0 bytes, startup_stm32f40_41xxx.o(.text))
<BR>[Address Reference Count : 1]<UL><LI> startup_stm32f40_41xxx.o(RESET)
</UL>
<P><STRONG><a name="[64]"></a>DMA2_Stream1_IRQHandler</STRONG> (Thumb, 0 bytes, Stack size 0 bytes, startup_stm32f40_41xxx.o(.text))
<BR>[Address Reference Count : 1]<UL><LI> startup_stm32f40_41xxx.o(RESET)
</UL>
<P><STRONG><a name="[65]"></a>DMA2_Stream2_IRQHandler</STRONG> (Thumb, 0 bytes, Stack size 0 bytes, startup_stm32f40_41xxx.o(.text))
<BR>[Address Reference Count : 1]<UL><LI> startup_stm32f40_41xxx.o(RESET)
</UL>
<P><STRONG><a name="[66]"></a>DMA2_Stream3_IRQHandler</STRONG> (Thumb, 0 bytes, Stack size 0 bytes, startup_stm32f40_41xxx.o(.text))
<BR>[Address Reference Count : 1]<UL><LI> startup_stm32f40_41xxx.o(RESET)
</UL>
<P><STRONG><a name="[67]"></a>DMA2_Stream4_IRQHandler</STRONG> (Thumb, 0 bytes, Stack size 0 bytes, startup_stm32f40_41xxx.o(.text))
<BR>[Address Reference Count : 1]<UL><LI> startup_stm32f40_41xxx.o(RESET)
</UL>
<P><STRONG><a name="[6f]"></a>DMA2_Stream5_IRQHandler</STRONG> (Thumb, 0 bytes, Stack size 0 bytes, startup_stm32f40_41xxx.o(.text))
<BR>[Address Reference Count : 1]<UL><LI> startup_stm32f40_41xxx.o(RESET)
</UL>
<P><STRONG><a name="[70]"></a>DMA2_Stream6_IRQHandler</STRONG> (Thumb, 0 bytes, Stack size 0 bytes, startup_stm32f40_41xxx.o(.text))
<BR>[Address Reference Count : 1]<UL><LI> startup_stm32f40_41xxx.o(RESET)
</UL>
<P><STRONG><a name="[71]"></a>DMA2_Stream7_IRQHandler</STRONG> (Thumb, 0 bytes, Stack size 0 bytes, startup_stm32f40_41xxx.o(.text))
<BR>[Address Reference Count : 1]<UL><LI> startup_stm32f40_41xxx.o(RESET)
</UL>
<P><STRONG><a name="[68]"></a>ETH_IRQHandler</STRONG> (Thumb, 0 bytes, Stack size 0 bytes, startup_stm32f40_41xxx.o(.text))
<BR>[Address Reference Count : 1]<UL><LI> startup_stm32f40_41xxx.o(RESET)
</UL>
<P><STRONG><a name="[69]"></a>ETH_WKUP_IRQHandler</STRONG> (Thumb, 0 bytes, Stack size 0 bytes, startup_stm32f40_41xxx.o(.text))
<BR>[Address Reference Count : 1]<UL><LI> startup_stm32f40_41xxx.o(RESET)
</UL>
<P><STRONG><a name="[31]"></a>EXTI0_IRQHandler</STRONG> (Thumb, 0 bytes, Stack size 0 bytes, startup_stm32f40_41xxx.o(.text))
<BR>[Address Reference Count : 1]<UL><LI> startup_stm32f40_41xxx.o(RESET)
</UL>
<P><STRONG><a name="[53]"></a>EXTI15_10_IRQHandler</STRONG> (Thumb, 0 bytes, Stack size 0 bytes, startup_stm32f40_41xxx.o(.text))
<BR>[Address Reference Count : 1]<UL><LI> startup_stm32f40_41xxx.o(RESET)
</UL>
<P><STRONG><a name="[32]"></a>EXTI1_IRQHandler</STRONG> (Thumb, 0 bytes, Stack size 0 bytes, startup_stm32f40_41xxx.o(.text))
<BR>[Address Reference Count : 1]<UL><LI> startup_stm32f40_41xxx.o(RESET)
</UL>
<P><STRONG><a name="[33]"></a>EXTI2_IRQHandler</STRONG> (Thumb, 0 bytes, Stack size 0 bytes, startup_stm32f40_41xxx.o(.text))
<BR>[Address Reference Count : 1]<UL><LI> startup_stm32f40_41xxx.o(RESET)
</UL>
<P><STRONG><a name="[34]"></a>EXTI3_IRQHandler</STRONG> (Thumb, 0 bytes, Stack size 0 bytes, startup_stm32f40_41xxx.o(.text))
<BR>[Address Reference Count : 1]<UL><LI> startup_stm32f40_41xxx.o(RESET)
</UL>
<P><STRONG><a name="[35]"></a>EXTI4_IRQHandler</STRONG> (Thumb, 0 bytes, Stack size 0 bytes, startup_stm32f40_41xxx.o(.text))
<BR>[Address Reference Count : 1]<UL><LI> startup_stm32f40_41xxx.o(RESET)
</UL>
<P><STRONG><a name="[2f]"></a>FLASH_IRQHandler</STRONG> (Thumb, 0 bytes, Stack size 0 bytes, startup_stm32f40_41xxx.o(.text))
<BR>[Address Reference Count : 1]<UL><LI> startup_stm32f40_41xxx.o(RESET)
</UL>
<P><STRONG><a name="[7c]"></a>FPU_IRQHandler</STRONG> (Thumb, 0 bytes, Stack size 0 bytes, startup_stm32f40_41xxx.o(.text))
<BR>[Address Reference Count : 1]<UL><LI> startup_stm32f40_41xxx.o(RESET)
</UL>
<P><STRONG><a name="[5b]"></a>FSMC_IRQHandler</STRONG> (Thumb, 0 bytes, Stack size 0 bytes, startup_stm32f40_41xxx.o(.text))
<BR>[Address Reference Count : 1]<UL><LI> startup_stm32f40_41xxx.o(RESET)
</UL>
<P><STRONG><a name="[7b]"></a>HASH_RNG_IRQHandler</STRONG> (Thumb, 0 bytes, Stack size 0 bytes, startup_stm32f40_41xxx.o(.text))
<BR>[Address Reference Count : 1]<UL><LI> startup_stm32f40_41xxx.o(RESET)
</UL>
<P><STRONG><a name="[4b]"></a>I2C1_ER_IRQHandler</STRONG> (Thumb, 0 bytes, Stack size 0 bytes, startup_stm32f40_41xxx.o(.text))
<BR>[Address Reference Count : 1]<UL><LI> startup_stm32f40_41xxx.o(RESET)
</UL>
<P><STRONG><a name="[4a]"></a>I2C1_EV_IRQHandler</STRONG> (Thumb, 0 bytes, Stack size 0 bytes, startup_stm32f40_41xxx.o(.text))
<BR>[Address Reference Count : 1]<UL><LI> startup_stm32f40_41xxx.o(RESET)
</UL>
<P><STRONG><a name="[4d]"></a>I2C2_ER_IRQHandler</STRONG> (Thumb, 0 bytes, Stack size 0 bytes, startup_stm32f40_41xxx.o(.text))
<BR>[Address Reference Count : 1]<UL><LI> startup_stm32f40_41xxx.o(RESET)
</UL>
<P><STRONG><a name="[4c]"></a>I2C2_EV_IRQHandler</STRONG> (Thumb, 0 bytes, Stack size 0 bytes, startup_stm32f40_41xxx.o(.text))
<BR>[Address Reference Count : 1]<UL><LI> startup_stm32f40_41xxx.o(RESET)
</UL>
<P><STRONG><a name="[74]"></a>I2C3_ER_IRQHandler</STRONG> (Thumb, 0 bytes, Stack size 0 bytes, startup_stm32f40_41xxx.o(.text))
<BR>[Address Reference Count : 1]<UL><LI> startup_stm32f40_41xxx.o(RESET)
</UL>
<P><STRONG><a name="[73]"></a>I2C3_EV_IRQHandler</STRONG> (Thumb, 0 bytes, Stack size 0 bytes, startup_stm32f40_41xxx.o(.text))
<BR>[Address Reference Count : 1]<UL><LI> startup_stm32f40_41xxx.o(RESET)
</UL>
<P><STRONG><a name="[6e]"></a>OTG_FS_IRQHandler</STRONG> (Thumb, 0 bytes, Stack size 0 bytes, startup_stm32f40_41xxx.o(.text))
<BR>[Address Reference Count : 1]<UL><LI> startup_stm32f40_41xxx.o(RESET)
</UL>
<P><STRONG><a name="[55]"></a>OTG_FS_WKUP_IRQHandler</STRONG> (Thumb, 0 bytes, Stack size 0 bytes, startup_stm32f40_41xxx.o(.text))
<BR>[Address Reference Count : 1]<UL><LI> startup_stm32f40_41xxx.o(RESET)
</UL>
<P><STRONG><a name="[76]"></a>OTG_HS_EP1_IN_IRQHandler</STRONG> (Thumb, 0 bytes, Stack size 0 bytes, startup_stm32f40_41xxx.o(.text))
<BR>[Address Reference Count : 1]<UL><LI> startup_stm32f40_41xxx.o(RESET)
</UL>
<P><STRONG><a name="[75]"></a>OTG_HS_EP1_OUT_IRQHandler</STRONG> (Thumb, 0 bytes, Stack size 0 bytes, startup_stm32f40_41xxx.o(.text))
<BR>[Address Reference Count : 1]<UL><LI> startup_stm32f40_41xxx.o(RESET)
</UL>
<P><STRONG><a name="[78]"></a>OTG_HS_IRQHandler</STRONG> (Thumb, 0 bytes, Stack size 0 bytes, startup_stm32f40_41xxx.o(.text))
<BR>[Address Reference Count : 1]<UL><LI> startup_stm32f40_41xxx.o(RESET)
</UL>
<P><STRONG><a name="[77]"></a>OTG_HS_WKUP_IRQHandler</STRONG> (Thumb, 0 bytes, Stack size 0 bytes, startup_stm32f40_41xxx.o(.text))
<BR>[Address Reference Count : 1]<UL><LI> startup_stm32f40_41xxx.o(RESET)
</UL>
<P><STRONG><a name="[2c]"></a>PVD_IRQHandler</STRONG> (Thumb, 0 bytes, Stack size 0 bytes, startup_stm32f40_41xxx.o(.text))
<BR>[Address Reference Count : 1]<UL><LI> startup_stm32f40_41xxx.o(RESET)
</UL>
<P><STRONG><a name="[30]"></a>RCC_IRQHandler</STRONG> (Thumb, 0 bytes, Stack size 0 bytes, startup_stm32f40_41xxx.o(.text))
<BR>[Address Reference Count : 1]<UL><LI> startup_stm32f40_41xxx.o(RESET)
</UL>
<P><STRONG><a name="[54]"></a>RTC_Alarm_IRQHandler</STRONG> (Thumb, 0 bytes, Stack size 0 bytes, startup_stm32f40_41xxx.o(.text))
<BR>[Address Reference Count : 1]<UL><LI> startup_stm32f40_41xxx.o(RESET)
</UL>
<P><STRONG><a name="[2e]"></a>RTC_WKUP_IRQHandler</STRONG> (Thumb, 0 bytes, Stack size 0 bytes, startup_stm32f40_41xxx.o(.text))
<BR>[Address Reference Count : 1]<UL><LI> startup_stm32f40_41xxx.o(RESET)
</UL>
<P><STRONG><a name="[5c]"></a>SDIO_IRQHandler</STRONG> (Thumb, 0 bytes, Stack size 0 bytes, startup_stm32f40_41xxx.o(.text))
<BR>[Address Reference Count : 1]<UL><LI> startup_stm32f40_41xxx.o(RESET)
</UL>
<P><STRONG><a name="[4e]"></a>SPI1_IRQHandler</STRONG> (Thumb, 0 bytes, Stack size 0 bytes, startup_stm32f40_41xxx.o(.text))
<BR>[Address Reference Count : 1]<UL><LI> startup_stm32f40_41xxx.o(RESET)
</UL>
<P><STRONG><a name="[4f]"></a>SPI2_IRQHandler</STRONG> (Thumb, 0 bytes, Stack size 0 bytes, startup_stm32f40_41xxx.o(.text))
<BR>[Address Reference Count : 1]<UL><LI> startup_stm32f40_41xxx.o(RESET)
</UL>
<P><STRONG><a name="[5e]"></a>SPI3_IRQHandler</STRONG> (Thumb, 0 bytes, Stack size 0 bytes, startup_stm32f40_41xxx.o(.text))
<BR>[Address Reference Count : 1]<UL><LI> startup_stm32f40_41xxx.o(RESET)
</UL>
<P><STRONG><a name="[2d]"></a>TAMP_STAMP_IRQHandler</STRONG> (Thumb, 0 bytes, Stack size 0 bytes, startup_stm32f40_41xxx.o(.text))
<BR>[Address Reference Count : 1]<UL><LI> startup_stm32f40_41xxx.o(RESET)
</UL>
<P><STRONG><a name="[43]"></a>TIM1_BRK_TIM9_IRQHandler</STRONG> (Thumb, 0 bytes, Stack size 0 bytes, startup_stm32f40_41xxx.o(.text))
<BR>[Address Reference Count : 1]<UL><LI> startup_stm32f40_41xxx.o(RESET)
</UL>
<P><STRONG><a name="[46]"></a>TIM1_CC_IRQHandler</STRONG> (Thumb, 0 bytes, Stack size 0 bytes, startup_stm32f40_41xxx.o(.text))
<BR>[Address Reference Count : 1]<UL><LI> startup_stm32f40_41xxx.o(RESET)
</UL>
<P><STRONG><a name="[45]"></a>TIM1_TRG_COM_TIM11_IRQHandler</STRONG> (Thumb, 0 bytes, Stack size 0 bytes, startup_stm32f40_41xxx.o(.text))
<BR>[Address Reference Count : 1]<UL><LI> startup_stm32f40_41xxx.o(RESET)
</UL>
<P><STRONG><a name="[44]"></a>TIM1_UP_TIM10_IRQHandler</STRONG> (Thumb, 0 bytes, Stack size 0 bytes, startup_stm32f40_41xxx.o(.text))
<BR>[Address Reference Count : 1]<UL><LI> startup_stm32f40_41xxx.o(RESET)
</UL>
<P><STRONG><a name="[49]"></a>TIM4_IRQHandler</STRONG> (Thumb, 0 bytes, Stack size 0 bytes, startup_stm32f40_41xxx.o(.text))
<BR>[Address Reference Count : 1]<UL><LI> startup_stm32f40_41xxx.o(RESET)
</UL>
<P><STRONG><a name="[5d]"></a>TIM5_IRQHandler</STRONG> (Thumb, 0 bytes, Stack size 0 bytes, startup_stm32f40_41xxx.o(.text))
<BR>[Address Reference Count : 1]<UL><LI> startup_stm32f40_41xxx.o(RESET)
</UL>
<P><STRONG><a name="[61]"></a>TIM6_DAC_IRQHandler</STRONG> (Thumb, 0 bytes, Stack size 0 bytes, startup_stm32f40_41xxx.o(.text))
<BR>[Address Reference Count : 1]<UL><LI> startup_stm32f40_41xxx.o(RESET)
</UL>
<P><STRONG><a name="[62]"></a>TIM7_IRQHandler</STRONG> (Thumb, 0 bytes, Stack size 0 bytes, startup_stm32f40_41xxx.o(.text))
<BR>[Address Reference Count : 1]<UL><LI> startup_stm32f40_41xxx.o(RESET)
</UL>
<P><STRONG><a name="[56]"></a>TIM8_BRK_TIM12_IRQHandler</STRONG> (Thumb, 0 bytes, Stack size 0 bytes, startup_stm32f40_41xxx.o(.text))
<BR>[Address Reference Count : 1]<UL><LI> startup_stm32f40_41xxx.o(RESET)
</UL>
<P><STRONG><a name="[59]"></a>TIM8_CC_IRQHandler</STRONG> (Thumb, 0 bytes, Stack size 0 bytes, startup_stm32f40_41xxx.o(.text))
<BR>[Address Reference Count : 1]<UL><LI> startup_stm32f40_41xxx.o(RESET)
</UL>
<P><STRONG><a name="[58]"></a>TIM8_TRG_COM_TIM14_IRQHandler</STRONG> (Thumb, 0 bytes, Stack size 0 bytes, startup_stm32f40_41xxx.o(.text))
<BR>[Address Reference Count : 1]<UL><LI> startup_stm32f40_41xxx.o(RESET)
</UL>
<P><STRONG><a name="[57]"></a>TIM8_UP_TIM13_IRQHandler</STRONG> (Thumb, 0 bytes, Stack size 0 bytes, startup_stm32f40_41xxx.o(.text))
<BR>[Address Reference Count : 1]<UL><LI> startup_stm32f40_41xxx.o(RESET)
</UL>
<P><STRONG><a name="[60]"></a>UART5_IRQHandler</STRONG> (Thumb, 0 bytes, Stack size 0 bytes, startup_stm32f40_41xxx.o(.text))
<BR>[Address Reference Count : 1]<UL><LI> startup_stm32f40_41xxx.o(RESET)
</UL>
<P><STRONG><a name="[50]"></a>USART1_IRQHandler</STRONG> (Thumb, 0 bytes, Stack size 0 bytes, startup_stm32f40_41xxx.o(.text))
<BR>[Address Reference Count : 1]<UL><LI> startup_stm32f40_41xxx.o(RESET)
</UL>
<P><STRONG><a name="[51]"></a>USART2_IRQHandler</STRONG> (Thumb, 0 bytes, Stack size 0 bytes, startup_stm32f40_41xxx.o(.text))
<BR>[Address Reference Count : 1]<UL><LI> startup_stm32f40_41xxx.o(RESET)
</UL>
<P><STRONG><a name="[52]"></a>USART3_IRQHandler</STRONG> (Thumb, 0 bytes, Stack size 0 bytes, startup_stm32f40_41xxx.o(.text))
<BR>[Address Reference Count : 1]<UL><LI> startup_stm32f40_41xxx.o(RESET)
</UL>
<P><STRONG><a name="[72]"></a>USART6_IRQHandler</STRONG> (Thumb, 0 bytes, Stack size 0 bytes, startup_stm32f40_41xxx.o(.text))
<BR>[Address Reference Count : 1]<UL><LI> startup_stm32f40_41xxx.o(RESET)
</UL>
<P><STRONG><a name="[2b]"></a>WWDG_IRQHandler</STRONG> (Thumb, 0 bytes, Stack size 0 bytes, startup_stm32f40_41xxx.o(.text))
<BR>[Address Reference Count : 1]<UL><LI> startup_stm32f40_41xxx.o(RESET)
</UL>
<P><STRONG><a name="[9c]"></a>__aeabi_memcpy</STRONG> (Thumb, 36 bytes, Stack size 0 bytes, memcpya.o(.text))
<BR><BR>[Called By]<UL><LI><a href="#[11]">&gt;&gt;</a>&nbsp;&nbsp;&nbsp;WriteVcard
<LI><a href="#[d]">&gt;&gt;</a>&nbsp;&nbsp;&nbsp;WriteSMS
<LI><a href="#[16]">&gt;&gt;</a>&nbsp;&nbsp;&nbsp;WriteGeo
<LI><a href="#[f]">&gt;&gt;</a>&nbsp;&nbsp;&nbsp;WriteEmail
<LI><a href="#[12]">&gt;&gt;</a>&nbsp;&nbsp;&nbsp;ReadVcard
<LI><a href="#[c]">&gt;&gt;</a>&nbsp;&nbsp;&nbsp;ReadURI
<LI><a href="#[a]">&gt;&gt;</a>&nbsp;&nbsp;&nbsp;Load_URI_URL
<LI><a href="#[b]">&gt;&gt;</a>&nbsp;&nbsp;&nbsp;Load_URI_Tel
<LI><a href="#[19]">&gt;&gt;</a>&nbsp;&nbsp;&nbsp;LaunchDemoApp
<LI><a href="#[1e]">&gt;&gt;</a>&nbsp;&nbsp;&nbsp;Enable_GPO_RF
<LI><a href="#[14]">&gt;&gt;</a>&nbsp;&nbsp;&nbsp;Display_Info
<LI><a href="#[18]">&gt;&gt;</a>&nbsp;&nbsp;&nbsp;DWLoadPhoneApp
<LI><a href="#[5f]">&gt;&gt;</a>&nbsp;&nbsp;&nbsp;UART4_IRQHandler
<LI><a href="#[9e]">&gt;&gt;</a>&nbsp;&nbsp;&nbsp;BT_IdentifyEvent
<LI><a href="#[98]">&gt;&gt;</a>&nbsp;&nbsp;&nbsp;BT_GetAnswer
<LI><a href="#[149]">&gt;&gt;</a>&nbsp;&nbsp;&nbsp;NDEF_FillVcardStruct
<LI><a href="#[14b]">&gt;&gt;</a>&nbsp;&nbsp;&nbsp;NDEF_FillEmailStruct
<LI><a href="#[14d]">&gt;&gt;</a>&nbsp;&nbsp;&nbsp;NDEF_FillSMSStruct
<LI><a href="#[157]">&gt;&gt;</a>&nbsp;&nbsp;&nbsp;NDEF_Parse_WellKnowType
<LI><a href="#[165]">&gt;&gt;</a>&nbsp;&nbsp;&nbsp;NDEF_WriteURI
<LI><a href="#[164]">&gt;&gt;</a>&nbsp;&nbsp;&nbsp;NDEF_WriteSMS
<LI><a href="#[162]">&gt;&gt;</a>&nbsp;&nbsp;&nbsp;NDEF_WriteGeo
<LI><a href="#[161]">&gt;&gt;</a>&nbsp;&nbsp;&nbsp;NDEF_WriteEmail
<LI><a href="#[15f]">&gt;&gt;</a>&nbsp;&nbsp;&nbsp;NDEF_ReadURI
<LI><a href="#[15d]">&gt;&gt;</a>&nbsp;&nbsp;&nbsp;NDEF_ReadSMS
<LI><a href="#[15a]">&gt;&gt;</a>&nbsp;&nbsp;&nbsp;NDEF_ReadGeo
<LI><a href="#[158]">&gt;&gt;</a>&nbsp;&nbsp;&nbsp;NDEF_ReadEmail
<LI><a href="#[14e]">&gt;&gt;</a>&nbsp;&nbsp;&nbsp;NDEF_IdentifyNDEF
<LI><a href="#[147]">&gt;&gt;</a>&nbsp;&nbsp;&nbsp;NDEF_AddAAR
<LI><a href="#[126]">&gt;&gt;</a>&nbsp;&nbsp;&nbsp;M24SR_Verify
<LI><a href="#[142]">&gt;&gt;</a>&nbsp;&nbsp;&nbsp;M24SR_UpdateBinary
<LI><a href="#[13a]">&gt;&gt;</a>&nbsp;&nbsp;&nbsp;M24SR_SelectApplication
<LI><a href="#[131]">&gt;&gt;</a>&nbsp;&nbsp;&nbsp;M24SR_STReadBinary
<LI><a href="#[141]">&gt;&gt;</a>&nbsp;&nbsp;&nbsp;M24SR_ReadBinary
<LI><a href="#[11e]">&gt;&gt;</a>&nbsp;&nbsp;&nbsp;M24SR_ChangeReferenceData
<LI><a href="#[11c]">&gt;&gt;</a>&nbsp;&nbsp;&nbsp;M24SR_BuildIBlockCommand
<LI><a href="#[151]">&gt;&gt;</a>&nbsp;&nbsp;&nbsp;NDEF_IdentifySPRecord
<LI><a href="#[14a]">&gt;&gt;</a>&nbsp;&nbsp;&nbsp;NDEF_Extract_M24SRDiscoveryApp_Input
<LI><a href="#[14c]">&gt;&gt;</a>&nbsp;&nbsp;&nbsp;NDEF_FillGeoStruct
</UL>

<P><STRONG><a name="[c4]"></a>__aeabi_memcpy4</STRONG> (Thumb, 0 bytes, Stack size 0 bytes, memcpya.o(.text))
<BR><BR>[Called By]<UL><LI><a href="#[14]">&gt;&gt;</a>&nbsp;&nbsp;&nbsp;Display_Info
</UL>

<P><STRONG><a name="[197]"></a>__aeabi_memcpy8</STRONG> (Thumb, 0 bytes, Stack size 0 bytes, memcpya.o(.text), UNUSED)

<P><STRONG><a name="[83]"></a>__aeabi_memset</STRONG> (Thumb, 14 bytes, Stack size 0 bytes, memseta.o(.text))
<BR><BR>[Called By]<UL><LI><a href="#[84]">&gt;&gt;</a>&nbsp;&nbsp;&nbsp;_memset$wrapper
<LI><a href="#[82]">&gt;&gt;</a>&nbsp;&nbsp;&nbsp;__aeabi_memclr
</UL>

<P><STRONG><a name="[198]"></a>__aeabi_memset4</STRONG> (Thumb, 0 bytes, Stack size 0 bytes, memseta.o(.text), UNUSED)

<P><STRONG><a name="[199]"></a>__aeabi_memset8</STRONG> (Thumb, 0 bytes, Stack size 0 bytes, memseta.o(.text), UNUSED)

<P><STRONG><a name="[82]"></a>__aeabi_memclr</STRONG> (Thumb, 4 bytes, Stack size 0 bytes, memseta.o(.text))
<BR><BR>[Calls]<UL><LI><a href="#[83]">&gt;&gt;</a>&nbsp;&nbsp;&nbsp;__aeabi_memset
</UL>
<BR>[Called By]<UL><LI><a href="#[a0]">&gt;&gt;</a>&nbsp;&nbsp;&nbsp;BT_Init
<LI><a href="#[96]">&gt;&gt;</a>&nbsp;&nbsp;&nbsp;BT_Disable
<LI><a href="#[9e]">&gt;&gt;</a>&nbsp;&nbsp;&nbsp;BT_IdentifyEvent
</UL>

<P><STRONG><a name="[19a]"></a>__aeabi_memclr4</STRONG> (Thumb, 0 bytes, Stack size 0 bytes, memseta.o(.text), UNUSED)

<P><STRONG><a name="[19b]"></a>__aeabi_memclr8</STRONG> (Thumb, 0 bytes, Stack size 0 bytes, memseta.o(.text), UNUSED)

<P><STRONG><a name="[84]"></a>_memset$wrapper</STRONG> (Thumb, 18 bytes, Stack size 8 bytes, memseta.o(.text), UNUSED)
<BR><BR>[Calls]<UL><LI><a href="#[83]">&gt;&gt;</a>&nbsp;&nbsp;&nbsp;__aeabi_memset
</UL>

<P><STRONG><a name="[b8]"></a>strlen</STRONG> (Thumb, 14 bytes, Stack size 0 bytes, strlen.o(.text))
<BR><BR>[Called By]<UL><LI><a href="#[11]">&gt;&gt;</a>&nbsp;&nbsp;&nbsp;WriteVcard
<LI><a href="#[d]">&gt;&gt;</a>&nbsp;&nbsp;&nbsp;WriteSMS
<LI><a href="#[16]">&gt;&gt;</a>&nbsp;&nbsp;&nbsp;WriteGeo
<LI><a href="#[f]">&gt;&gt;</a>&nbsp;&nbsp;&nbsp;WriteEmail
<LI><a href="#[a]">&gt;&gt;</a>&nbsp;&nbsp;&nbsp;Load_URI_URL
<LI><a href="#[13]">&gt;&gt;</a>&nbsp;&nbsp;&nbsp;Load_BT_NDEF
<LI><a href="#[14]">&gt;&gt;</a>&nbsp;&nbsp;&nbsp;Display_Info
<LI><a href="#[c3]">&gt;&gt;</a>&nbsp;&nbsp;&nbsp;DisplayVcard
<LI><a href="#[c2]">&gt;&gt;</a>&nbsp;&nbsp;&nbsp;DisplayURI
<LI><a href="#[c1]">&gt;&gt;</a>&nbsp;&nbsp;&nbsp;DisplaySMS
<LI><a href="#[bf]">&gt;&gt;</a>&nbsp;&nbsp;&nbsp;DisplayMessage
<LI><a href="#[ba]">&gt;&gt;</a>&nbsp;&nbsp;&nbsp;DisplayGeo
<LI><a href="#[b7]">&gt;&gt;</a>&nbsp;&nbsp;&nbsp;DisplayEmail
<LI><a href="#[165]">&gt;&gt;</a>&nbsp;&nbsp;&nbsp;NDEF_WriteURI
<LI><a href="#[164]">&gt;&gt;</a>&nbsp;&nbsp;&nbsp;NDEF_WriteSMS
<LI><a href="#[162]">&gt;&gt;</a>&nbsp;&nbsp;&nbsp;NDEF_WriteGeo
<LI><a href="#[161]">&gt;&gt;</a>&nbsp;&nbsp;&nbsp;NDEF_WriteEmail
<LI><a href="#[147]">&gt;&gt;</a>&nbsp;&nbsp;&nbsp;NDEF_AddAAR
</UL>

<P><STRONG><a name="[9f]"></a>memcmp</STRONG> (Thumb, 26 bytes, Stack size 12 bytes, memcmp.o(.text))
<BR><BR>[Stack]<UL><LI>Max Depth = 12<LI>Call Chain = memcmp
</UL>
<BR>[Called By]<UL><LI><a href="#[c3]">&gt;&gt;</a>&nbsp;&nbsp;&nbsp;DisplayVcard
<LI><a href="#[5f]">&gt;&gt;</a>&nbsp;&nbsp;&nbsp;UART4_IRQHandler
<LI><a href="#[9e]">&gt;&gt;</a>&nbsp;&nbsp;&nbsp;BT_IdentifyEvent
<LI><a href="#[149]">&gt;&gt;</a>&nbsp;&nbsp;&nbsp;NDEF_FillVcardStruct
<LI><a href="#[148]">&gt;&gt;</a>&nbsp;&nbsp;&nbsp;NDEF_ExtractVcard
<LI><a href="#[14b]">&gt;&gt;</a>&nbsp;&nbsp;&nbsp;NDEF_FillEmailStruct
<LI><a href="#[14d]">&gt;&gt;</a>&nbsp;&nbsp;&nbsp;NDEF_FillSMSStruct
<LI><a href="#[165]">&gt;&gt;</a>&nbsp;&nbsp;&nbsp;NDEF_WriteURI
<LI><a href="#[154]">&gt;&gt;</a>&nbsp;&nbsp;&nbsp;NDEF_ParseWellKnownType
<LI><a href="#[156]">&gt;&gt;</a>&nbsp;&nbsp;&nbsp;NDEF_ParseURI
<LI><a href="#[153]">&gt;&gt;</a>&nbsp;&nbsp;&nbsp;NDEF_ParseMediaType
<LI><a href="#[152]">&gt;&gt;</a>&nbsp;&nbsp;&nbsp;NDEF_ParseForumExternalType
<LI><a href="#[14c]">&gt;&gt;</a>&nbsp;&nbsp;&nbsp;NDEF_FillGeoStruct
</UL>

<P><STRONG><a name="[81]"></a>__scatterload</STRONG> (Thumb, 28 bytes, Stack size 0 bytes, init.o(.text))
<BR><BR>[Calls]<UL><LI><a href="#[85]">&gt;&gt;</a>&nbsp;&nbsp;&nbsp;__main_after_scatterload
</UL>
<BR>[Called By]<UL><LI><a href="#[80]">&gt;&gt;</a>&nbsp;&nbsp;&nbsp;_main_scatterload
</UL>

<P><STRONG><a name="[19c]"></a>__scatterload_rt2</STRONG> (Thumb, 0 bytes, Stack size 0 bytes, init.o(.text), UNUSED)

<P><STRONG><a name="[19d]"></a>__decompress</STRONG> (Thumb, 0 bytes, Stack size unknown bytes, __dczerorl2.o(.text), UNUSED)

<P><STRONG><a name="[19e]"></a>__decompress1</STRONG> (Thumb, 92 bytes, Stack size unknown bytes, __dczerorl2.o(.text), UNUSED)

<P><STRONG><a name="[96]"></a>BT_Disable</STRONG> (Thumb, 30 bytes, Stack size 16 bytes, drv_bluetooth.o(i.BT_Disable))
<BR><BR>[Stack]<UL><LI>Max Depth = 64<LI>Call Chain = BT_Disable &rArr; BT_AnswerReady &rArr; delay_ms &rArr; TimerDelay_ms_Config &rArr; TIM_UpdateRequestConfig
</UL>
<BR>[Calls]<UL><LI><a href="#[82]">&gt;&gt;</a>&nbsp;&nbsp;&nbsp;__aeabi_memclr
<LI><a href="#[97]">&gt;&gt;</a>&nbsp;&nbsp;&nbsp;BT_SendCommand
<LI><a href="#[98]">&gt;&gt;</a>&nbsp;&nbsp;&nbsp;BT_GetAnswer
<LI><a href="#[92]">&gt;&gt;</a>&nbsp;&nbsp;&nbsp;BT_AnswerReady
</UL>
<BR>[Called By]<UL><LI><a href="#[99]">&gt;&gt;</a>&nbsp;&nbsp;&nbsp;BT_Enable
</UL>

<P><STRONG><a name="[99]"></a>BT_Enable</STRONG> (Thumb, 26 bytes, Stack size 16 bytes, drv_bluetooth.o(i.BT_Enable))
<BR><BR>[Stack]<UL><LI>Max Depth = 80<LI>Call Chain = BT_Enable &rArr; BT_Disable &rArr; BT_AnswerReady &rArr; delay_ms &rArr; TimerDelay_ms_Config &rArr; TIM_UpdateRequestConfig
</UL>
<BR>[Calls]<UL><LI><a href="#[96]">&gt;&gt;</a>&nbsp;&nbsp;&nbsp;BT_Disable
<LI><a href="#[97]">&gt;&gt;</a>&nbsp;&nbsp;&nbsp;BT_SendCommand
<LI><a href="#[98]">&gt;&gt;</a>&nbsp;&nbsp;&nbsp;BT_GetAnswer
<LI><a href="#[92]">&gt;&gt;</a>&nbsp;&nbsp;&nbsp;BT_AnswerReady
</UL>
<BR>[Called By]<UL><LI><a href="#[13]">&gt;&gt;</a>&nbsp;&nbsp;&nbsp;Load_BT_NDEF
<LI><a href="#[15]">&gt;&gt;</a>&nbsp;&nbsp;&nbsp;Enable_BT_Pairing
</UL>

<P><STRONG><a name="[9d]"></a>BT_GetMacAddr</STRONG> (Thumb, 24 bytes, Stack size 8 bytes, drv_bluetooth.o(i.BT_GetMacAddr))
<BR><BR>[Stack]<UL><LI>Max Depth = 56<LI>Call Chain = BT_GetMacAddr &rArr; BT_AnswerReady &rArr; delay_ms &rArr; TimerDelay_ms_Config &rArr; TIM_UpdateRequestConfig
</UL>
<BR>[Calls]<UL><LI><a href="#[97]">&gt;&gt;</a>&nbsp;&nbsp;&nbsp;BT_SendCommand
<LI><a href="#[98]">&gt;&gt;</a>&nbsp;&nbsp;&nbsp;BT_GetAnswer
<LI><a href="#[92]">&gt;&gt;</a>&nbsp;&nbsp;&nbsp;BT_AnswerReady
</UL>
<BR>[Called By]<UL><LI><a href="#[13]">&gt;&gt;</a>&nbsp;&nbsp;&nbsp;Load_BT_NDEF
</UL>

<P><STRONG><a name="[a0]"></a>BT_Init</STRONG> (Thumb, 156 bytes, Stack size 88 bytes, drv_bluetooth.o(i.BT_Init))
<BR><BR>[Stack]<UL><LI>Max Depth = 208<LI>Call Chain = BT_Init &rArr; BT_IsDevicePresent &rArr; delay_ms &rArr; TimerDelay_ms_Config &rArr; TIM_UpdateRequestConfig
</UL>
<BR>[Calls]<UL><LI><a href="#[8f]">&gt;&gt;</a>&nbsp;&nbsp;&nbsp;delay_ms
<LI><a href="#[82]">&gt;&gt;</a>&nbsp;&nbsp;&nbsp;__aeabi_memclr
<LI><a href="#[97]">&gt;&gt;</a>&nbsp;&nbsp;&nbsp;BT_SendCommand
<LI><a href="#[a2]">&gt;&gt;</a>&nbsp;&nbsp;&nbsp;BT_Reset
<LI><a href="#[a6]">&gt;&gt;</a>&nbsp;&nbsp;&nbsp;BT_IsDevicePresent
<LI><a href="#[98]">&gt;&gt;</a>&nbsp;&nbsp;&nbsp;BT_GetAnswer
<LI><a href="#[9a]">&gt;&gt;</a>&nbsp;&nbsp;&nbsp;BT_GPIO_Configuration
<LI><a href="#[93]">&gt;&gt;</a>&nbsp;&nbsp;&nbsp;BT_CLK_Configuration
<LI><a href="#[92]">&gt;&gt;</a>&nbsp;&nbsp;&nbsp;BT_AnswerReady
<LI><a href="#[a1]">&gt;&gt;</a>&nbsp;&nbsp;&nbsp;GPIO_PinAFConfig
<LI><a href="#[a3]">&gt;&gt;</a>&nbsp;&nbsp;&nbsp;USART_Init
<LI><a href="#[a4]">&gt;&gt;</a>&nbsp;&nbsp;&nbsp;USART_ITConfig
<LI><a href="#[a5]">&gt;&gt;</a>&nbsp;&nbsp;&nbsp;USART_Cmd
</UL>
<BR>[Called By]<UL><LI><a href="#[7d]">&gt;&gt;</a>&nbsp;&nbsp;&nbsp;main
</UL>

<P><STRONG><a name="[25]"></a>BusFault_Handler</STRONG> (Thumb, 4 bytes, Stack size 0 bytes, stm32f4xx_it.o(i.BusFault_Handler))
<BR>[Address Reference Count : 1]<UL><LI> startup_stm32f40_41xxx.o(RESET)
</UL>
<P><STRONG><a name="[28]"></a>DebugMon_Handler</STRONG> (Thumb, 2 bytes, Stack size 0 bytes, stm32f4xx_it.o(i.DebugMon_Handler))
<BR>[Address Reference Count : 1]<UL><LI> startup_stm32f40_41xxx.o(RESET)
</UL>
<P><STRONG><a name="[c6]"></a>DownFunc</STRONG> (Thumb, 162 bytes, Stack size 8 bytes, menu.o(i.DownFunc))
<BR><BR>[Stack]<UL><LI>Max Depth = 136<LI>Call Chain = DownFunc &rArr; LCD_DisplayStringLine &rArr; LCD_DisplayChar &rArr; LCD_DrawChar &rArr; LCD_SetCursor &rArr; LCD_WriteData &rArr; LCD_CtrlLinesWrite &rArr; GPIO_WriteBit
</UL>
<BR>[Calls]<UL><LI><a href="#[8a]">&gt;&gt;</a>&nbsp;&nbsp;&nbsp;LCD_SetTextColor
<LI><a href="#[89]">&gt;&gt;</a>&nbsp;&nbsp;&nbsp;LCD_SetBackColor
<LI><a href="#[8c]">&gt;&gt;</a>&nbsp;&nbsp;&nbsp;LCD_DisplayStringLine
</UL>
<BR>[Called By]<UL><LI><a href="#[42]">&gt;&gt;</a>&nbsp;&nbsp;&nbsp;EXTI9_5_IRQHandler
</UL>

<P><STRONG><a name="[42]"></a>EXTI9_5_IRQHandler</STRONG> (Thumb, 64 bytes, Stack size 8 bytes, stm32f4xx_it.o(i.EXTI9_5_IRQHandler))
<BR><BR>[Stack]<UL><LI>Max Depth = 144<LI>Call Chain = EXTI9_5_IRQHandler &rArr; UpFunc &rArr; LCD_DisplayStringLine &rArr; LCD_DisplayChar &rArr; LCD_DrawChar &rArr; LCD_SetCursor &rArr; LCD_WriteData &rArr; LCD_CtrlLinesWrite &rArr; GPIO_WriteBit
</UL>
<BR>[Calls]<UL><LI><a href="#[c9]">&gt;&gt;</a>&nbsp;&nbsp;&nbsp;UpFunc
<LI><a href="#[c6]">&gt;&gt;</a>&nbsp;&nbsp;&nbsp;DownFunc
<LI><a href="#[c8]">&gt;&gt;</a>&nbsp;&nbsp;&nbsp;EXTI_ClearITPendingBit
<LI><a href="#[c7]">&gt;&gt;</a>&nbsp;&nbsp;&nbsp;EXTI_GetITStatus
</UL>
<BR>[Address Reference Count : 1]<UL><LI> startup_stm32f40_41xxx.o(RESET)
</UL>
<P><STRONG><a name="[c8]"></a>EXTI_ClearITPendingBit</STRONG> (Thumb, 30 bytes, Stack size 8 bytes, stm32f4xx_exti.o(i.EXTI_ClearITPendingBit))
<BR><BR>[Stack]<UL><LI>Max Depth = 8<LI>Call Chain = EXTI_ClearITPendingBit
</UL>
<BR>[Calls]<UL><LI><a href="#[ca]">&gt;&gt;</a>&nbsp;&nbsp;&nbsp;assert_failed
</UL>
<BR>[Called By]<UL><LI><a href="#[87]">&gt;&gt;</a>&nbsp;&nbsp;&nbsp;IntExtOnOffConfig
<LI><a href="#[42]">&gt;&gt;</a>&nbsp;&nbsp;&nbsp;EXTI9_5_IRQHandler
</UL>

<P><STRONG><a name="[c7]"></a>EXTI_GetITStatus</STRONG> (Thumb, 158 bytes, Stack size 16 bytes, stm32f4xx_exti.o(i.EXTI_GetITStatus))
<BR><BR>[Stack]<UL><LI>Max Depth = 16<LI>Call Chain = EXTI_GetITStatus
</UL>
<BR>[Calls]<UL><LI><a href="#[ca]">&gt;&gt;</a>&nbsp;&nbsp;&nbsp;assert_failed
</UL>
<BR>[Called By]<UL><LI><a href="#[42]">&gt;&gt;</a>&nbsp;&nbsp;&nbsp;EXTI9_5_IRQHandler
</UL>

<P><STRONG><a name="[cb]"></a>EXTI_Init</STRONG> (Thumb, 236 bytes, Stack size 16 bytes, stm32f4xx_exti.o(i.EXTI_Init))
<BR><BR>[Stack]<UL><LI>Max Depth = 16<LI>Call Chain = EXTI_Init
</UL>
<BR>[Calls]<UL><LI><a href="#[ca]">&gt;&gt;</a>&nbsp;&nbsp;&nbsp;assert_failed
</UL>
<BR>[Called By]<UL><LI><a href="#[87]">&gt;&gt;</a>&nbsp;&nbsp;&nbsp;IntExtOnOffConfig
</UL>

<P><STRONG><a name="[f6]"></a>EXTI_StructInit</STRONG> (Thumb, 16 bytes, Stack size 0 bytes, stm32f4xx_exti.o(i.EXTI_StructInit))
<BR><BR>[Called By]<UL><LI><a href="#[87]">&gt;&gt;</a>&nbsp;&nbsp;&nbsp;IntExtOnOffConfig
</UL>

<P><STRONG><a name="[d6]"></a>FLASH_PrefetchBufferCmd</STRONG> (Thumb, 52 bytes, Stack size 8 bytes, stm32f4xx_flash.o(i.FLASH_PrefetchBufferCmd))
<BR><BR>[Stack]<UL><LI>Max Depth = 8<LI>Call Chain = FLASH_PrefetchBufferCmd
</UL>
<BR>[Calls]<UL><LI><a href="#[ca]">&gt;&gt;</a>&nbsp;&nbsp;&nbsp;assert_failed
</UL>
<BR>[Called By]<UL><LI><a href="#[7d]">&gt;&gt;</a>&nbsp;&nbsp;&nbsp;main
</UL>

<P><STRONG><a name="[d7]"></a>FLASH_SetLatency</STRONG> (Thumb, 82 bytes, Stack size 8 bytes, stm32f4xx_flash.o(i.FLASH_SetLatency))
<BR><BR>[Stack]<UL><LI>Max Depth = 8<LI>Call Chain = FLASH_SetLatency
</UL>
<BR>[Calls]<UL><LI><a href="#[ca]">&gt;&gt;</a>&nbsp;&nbsp;&nbsp;assert_failed
</UL>
<BR>[Called By]<UL><LI><a href="#[7d]">&gt;&gt;</a>&nbsp;&nbsp;&nbsp;main
</UL>

<P><STRONG><a name="[9b]"></a>GPIO_Init</STRONG> (Thumb, 354 bytes, Stack size 24 bytes, stm32f4xx_gpio.o(i.GPIO_Init))
<BR><BR>[Stack]<UL><LI>Max Depth = 24<LI>Call Chain = GPIO_Init
</UL>
<BR>[Calls]<UL><LI><a href="#[ca]">&gt;&gt;</a>&nbsp;&nbsp;&nbsp;assert_failed
</UL>
<BR>[Called By]<UL><LI><a href="#[114]">&gt;&gt;</a>&nbsp;&nbsp;&nbsp;LED_Config
<LI><a href="#[f3]">&gt;&gt;</a>&nbsp;&nbsp;&nbsp;InitJoystick
<LI><a href="#[9a]">&gt;&gt;</a>&nbsp;&nbsp;&nbsp;BT_GPIO_Configuration
<LI><a href="#[107]">&gt;&gt;</a>&nbsp;&nbsp;&nbsp;LCD_SPIConfig
<LI><a href="#[134]">&gt;&gt;</a>&nbsp;&nbsp;&nbsp;M24SR_I2CInit
</UL>

<P><STRONG><a name="[a1]"></a>GPIO_PinAFConfig</STRONG> (Thumb, 352 bytes, Stack size 24 bytes, stm32f4xx_gpio.o(i.GPIO_PinAFConfig))
<BR><BR>[Stack]<UL><LI>Max Depth = 24<LI>Call Chain = GPIO_PinAFConfig
</UL>
<BR>[Calls]<UL><LI><a href="#[ca]">&gt;&gt;</a>&nbsp;&nbsp;&nbsp;assert_failed
</UL>
<BR>[Called By]<UL><LI><a href="#[a0]">&gt;&gt;</a>&nbsp;&nbsp;&nbsp;BT_Init
<LI><a href="#[107]">&gt;&gt;</a>&nbsp;&nbsp;&nbsp;LCD_SPIConfig
<LI><a href="#[134]">&gt;&gt;</a>&nbsp;&nbsp;&nbsp;M24SR_I2CInit
</UL>

<P><STRONG><a name="[d5]"></a>GPIO_ReadInputDataBit</STRONG> (Thumb, 194 bytes, Stack size 16 bytes, stm32f4xx_gpio.o(i.GPIO_ReadInputDataBit))
<BR><BR>[Stack]<UL><LI>Max Depth = 16<LI>Call Chain = GPIO_ReadInputDataBit
</UL>
<BR>[Calls]<UL><LI><a href="#[ca]">&gt;&gt;</a>&nbsp;&nbsp;&nbsp;assert_failed
</UL>
<BR>[Called By]<UL><LI><a href="#[ae]">&gt;&gt;</a>&nbsp;&nbsp;&nbsp;ReadKey
<LI><a href="#[d4]">&gt;&gt;</a>&nbsp;&nbsp;&nbsp;Event
<LI><a href="#[1e]">&gt;&gt;</a>&nbsp;&nbsp;&nbsp;Enable_GPO_RF
<LI><a href="#[175]">&gt;&gt;</a>&nbsp;&nbsp;&nbsp;ShowMenuIcons
<LI><a href="#[120]">&gt;&gt;</a>&nbsp;&nbsp;&nbsp;M24SR_IsAnswerReady
</UL>

<P><STRONG><a name="[d8]"></a>GPIO_ResetBits</STRONG> (Thumb, 106 bytes, Stack size 16 bytes, stm32f4xx_gpio.o(i.GPIO_ResetBits))
<BR><BR>[Stack]<UL><LI>Max Depth = 16<LI>Call Chain = GPIO_ResetBits
</UL>
<BR>[Calls]<UL><LI><a href="#[ca]">&gt;&gt;</a>&nbsp;&nbsp;&nbsp;assert_failed
</UL>
<BR>[Called By]<UL><LI><a href="#[fa]">&gt;&gt;</a>&nbsp;&nbsp;&nbsp;LCD_ChipSelect
</UL>

<P><STRONG><a name="[d9]"></a>GPIO_SetBits</STRONG> (Thumb, 106 bytes, Stack size 16 bytes, stm32f4xx_gpio.o(i.GPIO_SetBits))
<BR><BR>[Stack]<UL><LI>Max Depth = 16<LI>Call Chain = GPIO_SetBits
</UL>
<BR>[Calls]<UL><LI><a href="#[ca]">&gt;&gt;</a>&nbsp;&nbsp;&nbsp;assert_failed
</UL>
<BR>[Called By]<UL><LI><a href="#[fa]">&gt;&gt;</a>&nbsp;&nbsp;&nbsp;LCD_ChipSelect
</UL>

<P><STRONG><a name="[da]"></a>GPIO_WriteBit</STRONG> (Thumb, 206 bytes, Stack size 16 bytes, stm32f4xx_gpio.o(i.GPIO_WriteBit))
<BR><BR>[Stack]<UL><LI>Max Depth = 16<LI>Call Chain = GPIO_WriteBit
</UL>
<BR>[Calls]<UL><LI><a href="#[ca]">&gt;&gt;</a>&nbsp;&nbsp;&nbsp;assert_failed
</UL>
<BR>[Called By]<UL><LI><a href="#[113]">&gt;&gt;</a>&nbsp;&nbsp;&nbsp;LCD_nCS_StartByte
<LI><a href="#[fd]">&gt;&gt;</a>&nbsp;&nbsp;&nbsp;LCD_WriteRAM_Close
<LI><a href="#[ff]">&gt;&gt;</a>&nbsp;&nbsp;&nbsp;LCD_CtrlLinesWrite
</UL>

<P><STRONG><a name="[ce]"></a>GetElapsed_us</STRONG> (Thumb, 6 bytes, Stack size 0 bytes, hw_config.o(i.GetElapsed_us))
<BR><BR>[Called By]<UL><LI><a href="#[2]">&gt;&gt;</a>&nbsp;&nbsp;&nbsp;EnableWritePWD
<LI><a href="#[0]">&gt;&gt;</a>&nbsp;&nbsp;&nbsp;EnableReadPWD
</UL>

<P><STRONG><a name="[23]"></a>HardFault_Handler</STRONG> (Thumb, 4 bytes, Stack size 0 bytes, stm32f4xx_it.o(i.HardFault_Handler))
<BR>[Address Reference Count : 1]<UL><LI> startup_stm32f40_41xxx.o(RESET)
</UL>
<P><STRONG><a name="[db]"></a>I2C_AcknowledgeConfig</STRONG> (Thumb, 78 bytes, Stack size 16 bytes, stm32f4xx_i2c.o(i.I2C_AcknowledgeConfig))
<BR><BR>[Stack]<UL><LI>Max Depth = 16<LI>Call Chain = I2C_AcknowledgeConfig
</UL>
<BR>[Calls]<UL><LI><a href="#[ca]">&gt;&gt;</a>&nbsp;&nbsp;&nbsp;assert_failed
</UL>
<BR>[Called By]<UL><LI><a href="#[11f]">&gt;&gt;</a>&nbsp;&nbsp;&nbsp;M24SR_SendI2Ccommand
<LI><a href="#[121]">&gt;&gt;</a>&nbsp;&nbsp;&nbsp;M24SR_ReceiveI2Cresponse
<LI><a href="#[133]">&gt;&gt;</a>&nbsp;&nbsp;&nbsp;M24SR_PollI2C
</UL>

<P><STRONG><a name="[dc]"></a>I2C_CheckEvent</STRONG> (Thumb, 228 bytes, Stack size 32 bytes, stm32f4xx_i2c.o(i.I2C_CheckEvent))
<BR><BR>[Stack]<UL><LI>Max Depth = 32<LI>Call Chain = I2C_CheckEvent
</UL>
<BR>[Calls]<UL><LI><a href="#[ca]">&gt;&gt;</a>&nbsp;&nbsp;&nbsp;assert_failed
</UL>
<BR>[Called By]<UL><LI><a href="#[11f]">&gt;&gt;</a>&nbsp;&nbsp;&nbsp;M24SR_SendI2Ccommand
<LI><a href="#[121]">&gt;&gt;</a>&nbsp;&nbsp;&nbsp;M24SR_ReceiveI2Cresponse
</UL>

<P><STRONG><a name="[dd]"></a>I2C_ClearFlag</STRONG> (Thumb, 70 bytes, Stack size 16 bytes, stm32f4xx_i2c.o(i.I2C_ClearFlag))
<BR><BR>[Stack]<UL><LI>Max Depth = 16<LI>Call Chain = I2C_ClearFlag
</UL>
<BR>[Calls]<UL><LI><a href="#[ca]">&gt;&gt;</a>&nbsp;&nbsp;&nbsp;assert_failed
</UL>
<BR>[Called By]<UL><LI><a href="#[11f]">&gt;&gt;</a>&nbsp;&nbsp;&nbsp;M24SR_SendI2Ccommand
<LI><a href="#[121]">&gt;&gt;</a>&nbsp;&nbsp;&nbsp;M24SR_ReceiveI2Cresponse
<LI><a href="#[133]">&gt;&gt;</a>&nbsp;&nbsp;&nbsp;M24SR_PollI2C
</UL>

<P><STRONG><a name="[de]"></a>I2C_Cmd</STRONG> (Thumb, 78 bytes, Stack size 16 bytes, stm32f4xx_i2c.o(i.I2C_Cmd))
<BR><BR>[Stack]<UL><LI>Max Depth = 16<LI>Call Chain = I2C_Cmd
</UL>
<BR>[Calls]<UL><LI><a href="#[ca]">&gt;&gt;</a>&nbsp;&nbsp;&nbsp;assert_failed
</UL>
<BR>[Called By]<UL><LI><a href="#[133]">&gt;&gt;</a>&nbsp;&nbsp;&nbsp;M24SR_PollI2C
<LI><a href="#[134]">&gt;&gt;</a>&nbsp;&nbsp;&nbsp;M24SR_I2CInit
</UL>

<P><STRONG><a name="[df]"></a>I2C_DeInit</STRONG> (Thumb, 110 bytes, Stack size 8 bytes, stm32f4xx_i2c.o(i.I2C_DeInit))
<BR><BR>[Stack]<UL><LI>Max Depth = 24<LI>Call Chain = I2C_DeInit &rArr; RCC_APB1PeriphResetCmd
</UL>
<BR>[Calls]<UL><LI><a href="#[ca]">&gt;&gt;</a>&nbsp;&nbsp;&nbsp;assert_failed
<LI><a href="#[e0]">&gt;&gt;</a>&nbsp;&nbsp;&nbsp;RCC_APB1PeriphResetCmd
</UL>
<BR>[Called By]<UL><LI><a href="#[134]">&gt;&gt;</a>&nbsp;&nbsp;&nbsp;M24SR_I2CInit
</UL>

<P><STRONG><a name="[e1]"></a>I2C_GenerateSTART</STRONG> (Thumb, 78 bytes, Stack size 16 bytes, stm32f4xx_i2c.o(i.I2C_GenerateSTART))
<BR><BR>[Stack]<UL><LI>Max Depth = 16<LI>Call Chain = I2C_GenerateSTART
</UL>
<BR>[Calls]<UL><LI><a href="#[ca]">&gt;&gt;</a>&nbsp;&nbsp;&nbsp;assert_failed
</UL>
<BR>[Called By]<UL><LI><a href="#[11f]">&gt;&gt;</a>&nbsp;&nbsp;&nbsp;M24SR_SendI2Ccommand
<LI><a href="#[121]">&gt;&gt;</a>&nbsp;&nbsp;&nbsp;M24SR_ReceiveI2Cresponse
<LI><a href="#[133]">&gt;&gt;</a>&nbsp;&nbsp;&nbsp;M24SR_PollI2C
</UL>

<P><STRONG><a name="[e2]"></a>I2C_GenerateSTOP</STRONG> (Thumb, 78 bytes, Stack size 16 bytes, stm32f4xx_i2c.o(i.I2C_GenerateSTOP))
<BR><BR>[Stack]<UL><LI>Max Depth = 16<LI>Call Chain = I2C_GenerateSTOP
</UL>
<BR>[Calls]<UL><LI><a href="#[ca]">&gt;&gt;</a>&nbsp;&nbsp;&nbsp;assert_failed
</UL>
<BR>[Called By]<UL><LI><a href="#[137]">&gt;&gt;</a>&nbsp;&nbsp;&nbsp;M24SR_KillSession
<LI><a href="#[132]">&gt;&gt;</a>&nbsp;&nbsp;&nbsp;M24SR_GetSession
<LI><a href="#[123]">&gt;&gt;</a>&nbsp;&nbsp;&nbsp;M24SR_Deselect
<LI><a href="#[11f]">&gt;&gt;</a>&nbsp;&nbsp;&nbsp;M24SR_SendI2Ccommand
<LI><a href="#[121]">&gt;&gt;</a>&nbsp;&nbsp;&nbsp;M24SR_ReceiveI2Cresponse
<LI><a href="#[133]">&gt;&gt;</a>&nbsp;&nbsp;&nbsp;M24SR_PollI2C
</UL>

<P><STRONG><a name="[e3]"></a>I2C_GetFlagStatus</STRONG> (Thumb, 224 bytes, Stack size 24 bytes, stm32f4xx_i2c.o(i.I2C_GetFlagStatus))
<BR><BR>[Stack]<UL><LI>Max Depth = 24<LI>Call Chain = I2C_GetFlagStatus
</UL>
<BR>[Calls]<UL><LI><a href="#[ca]">&gt;&gt;</a>&nbsp;&nbsp;&nbsp;assert_failed
</UL>
<BR>[Called By]<UL><LI><a href="#[11f]">&gt;&gt;</a>&nbsp;&nbsp;&nbsp;M24SR_SendI2Ccommand
<LI><a href="#[121]">&gt;&gt;</a>&nbsp;&nbsp;&nbsp;M24SR_ReceiveI2Cresponse
<LI><a href="#[133]">&gt;&gt;</a>&nbsp;&nbsp;&nbsp;M24SR_PollI2C
</UL>

<P><STRONG><a name="[e4]"></a>I2C_Init</STRONG> (Thumb, 388 bytes, Stack size 48 bytes, stm32f4xx_i2c.o(i.I2C_Init))
<BR><BR>[Stack]<UL><LI>Max Depth = 68<LI>Call Chain = I2C_Init &rArr; RCC_GetClocksFreq
</UL>
<BR>[Calls]<UL><LI><a href="#[e5]">&gt;&gt;</a>&nbsp;&nbsp;&nbsp;RCC_GetClocksFreq
<LI><a href="#[ca]">&gt;&gt;</a>&nbsp;&nbsp;&nbsp;assert_failed
</UL>
<BR>[Called By]<UL><LI><a href="#[134]">&gt;&gt;</a>&nbsp;&nbsp;&nbsp;M24SR_I2CInit
</UL>

<P><STRONG><a name="[e6]"></a>I2C_ReadRegister</STRONG> (Thumb, 100 bytes, Stack size 16 bytes, stm32f4xx_i2c.o(i.I2C_ReadRegister))
<BR><BR>[Stack]<UL><LI>Max Depth = 16<LI>Call Chain = I2C_ReadRegister
</UL>
<BR>[Calls]<UL><LI><a href="#[ca]">&gt;&gt;</a>&nbsp;&nbsp;&nbsp;assert_failed
</UL>
<BR>[Called By]<UL><LI><a href="#[133]">&gt;&gt;</a>&nbsp;&nbsp;&nbsp;M24SR_PollI2C
</UL>

<P><STRONG><a name="[e7]"></a>I2C_ReceiveData</STRONG> (Thumb, 40 bytes, Stack size 8 bytes, stm32f4xx_i2c.o(i.I2C_ReceiveData))
<BR><BR>[Stack]<UL><LI>Max Depth = 8<LI>Call Chain = I2C_ReceiveData
</UL>
<BR>[Calls]<UL><LI><a href="#[ca]">&gt;&gt;</a>&nbsp;&nbsp;&nbsp;assert_failed
</UL>
<BR>[Called By]<UL><LI><a href="#[121]">&gt;&gt;</a>&nbsp;&nbsp;&nbsp;M24SR_ReceiveI2Cresponse
</UL>

<P><STRONG><a name="[e8]"></a>I2C_Send7bitAddress</STRONG> (Thumb, 72 bytes, Stack size 16 bytes, stm32f4xx_i2c.o(i.I2C_Send7bitAddress))
<BR><BR>[Stack]<UL><LI>Max Depth = 16<LI>Call Chain = I2C_Send7bitAddress
</UL>
<BR>[Calls]<UL><LI><a href="#[ca]">&gt;&gt;</a>&nbsp;&nbsp;&nbsp;assert_failed
</UL>
<BR>[Called By]<UL><LI><a href="#[11f]">&gt;&gt;</a>&nbsp;&nbsp;&nbsp;M24SR_SendI2Ccommand
<LI><a href="#[121]">&gt;&gt;</a>&nbsp;&nbsp;&nbsp;M24SR_ReceiveI2Cresponse
<LI><a href="#[133]">&gt;&gt;</a>&nbsp;&nbsp;&nbsp;M24SR_PollI2C
</UL>

<P><STRONG><a name="[e9]"></a>I2C_SendData</STRONG> (Thumb, 40 bytes, Stack size 16 bytes, stm32f4xx_i2c.o(i.I2C_SendData))
<BR><BR>[Stack]<UL><LI>Max Depth = 16<LI>Call Chain = I2C_SendData
</UL>
<BR>[Calls]<UL><LI><a href="#[ca]">&gt;&gt;</a>&nbsp;&nbsp;&nbsp;assert_failed
</UL>
<BR>[Called By]<UL><LI><a href="#[11f]">&gt;&gt;</a>&nbsp;&nbsp;&nbsp;M24SR_SendI2Ccommand
</UL>

<P><STRONG><a name="[ea]"></a>ISO7816_DisableAllPassword</STRONG> (Thumb, 42 bytes, Stack size 16 bytes, lib_iso7816_password.o(i.ISO7816_DisableAllPassword))
<BR><BR>[Stack]<UL><LI>Max Depth = 168<LI>Call Chain = ISO7816_DisableAllPassword &rArr; M24SR_OpenNDEFSession &rArr; M24SR_SelectApplication &rArr; M24SR_IsAnswerReady &rArr; M24SR_PollI2C &rArr; delay_us &rArr; TimerDelay_us_Config &rArr; TIM_UpdateRequestConfig
</UL>
<BR>[Calls]<UL><LI><a href="#[ec]">&gt;&gt;</a>&nbsp;&nbsp;&nbsp;M24SR_OpenNDEFSession
<LI><a href="#[eb]">&gt;&gt;</a>&nbsp;&nbsp;&nbsp;M24SR_GetNDEFFileId
<LI><a href="#[ed]">&gt;&gt;</a>&nbsp;&nbsp;&nbsp;M24SR_DisableAllPassword
<LI><a href="#[ee]">&gt;&gt;</a>&nbsp;&nbsp;&nbsp;M24SR_CloseNDEFSession
</UL>
<BR>[Called By]<UL><LI><a href="#[1f]">&gt;&gt;</a>&nbsp;&nbsp;&nbsp;SuperUser
<LI><a href="#[125]">&gt;&gt;</a>&nbsp;&nbsp;&nbsp;M24SR_DemoInit
</UL>

<P><STRONG><a name="[b2]"></a>ISO7816_DisableReadPwd</STRONG> (Thumb, 40 bytes, Stack size 16 bytes, lib_iso7816_password.o(i.ISO7816_DisableReadPwd))
<BR><BR>[Stack]<UL><LI>Max Depth = 168<LI>Call Chain = ISO7816_DisableReadPwd &rArr; M24SR_OpenNDEFSession &rArr; M24SR_SelectApplication &rArr; M24SR_IsAnswerReady &rArr; M24SR_PollI2C &rArr; delay_us &rArr; TimerDelay_us_Config &rArr; TIM_UpdateRequestConfig
</UL>
<BR>[Calls]<UL><LI><a href="#[ec]">&gt;&gt;</a>&nbsp;&nbsp;&nbsp;M24SR_OpenNDEFSession
<LI><a href="#[eb]">&gt;&gt;</a>&nbsp;&nbsp;&nbsp;M24SR_GetNDEFFileId
<LI><a href="#[ef]">&gt;&gt;</a>&nbsp;&nbsp;&nbsp;M24SR_DisableReadPassword
<LI><a href="#[ee]">&gt;&gt;</a>&nbsp;&nbsp;&nbsp;M24SR_CloseNDEFSession
</UL>
<BR>[Called By]<UL><LI><a href="#[4]">&gt;&gt;</a>&nbsp;&nbsp;&nbsp;DisableReadPWD
</UL>

<P><STRONG><a name="[b5]"></a>ISO7816_DisableWritePwd</STRONG> (Thumb, 40 bytes, Stack size 16 bytes, lib_iso7816_password.o(i.ISO7816_DisableWritePwd))
<BR><BR>[Stack]<UL><LI>Max Depth = 168<LI>Call Chain = ISO7816_DisableWritePwd &rArr; M24SR_OpenNDEFSession &rArr; M24SR_SelectApplication &rArr; M24SR_IsAnswerReady &rArr; M24SR_PollI2C &rArr; delay_us &rArr; TimerDelay_us_Config &rArr; TIM_UpdateRequestConfig
</UL>
<BR>[Calls]<UL><LI><a href="#[ec]">&gt;&gt;</a>&nbsp;&nbsp;&nbsp;M24SR_OpenNDEFSession
<LI><a href="#[eb]">&gt;&gt;</a>&nbsp;&nbsp;&nbsp;M24SR_GetNDEFFileId
<LI><a href="#[f0]">&gt;&gt;</a>&nbsp;&nbsp;&nbsp;M24SR_DisableWritePassword
<LI><a href="#[ee]">&gt;&gt;</a>&nbsp;&nbsp;&nbsp;M24SR_CloseNDEFSession
</UL>
<BR>[Called By]<UL><LI><a href="#[5]">&gt;&gt;</a>&nbsp;&nbsp;&nbsp;DisableWritePWD
</UL>

<P><STRONG><a name="[cf]"></a>ISO7816_EnableReadPwd</STRONG> (Thumb, 44 bytes, Stack size 24 bytes, lib_iso7816_password.o(i.ISO7816_EnableReadPwd))
<BR><BR>[Stack]<UL><LI>Max Depth = 176<LI>Call Chain = ISO7816_EnableReadPwd &rArr; M24SR_OpenNDEFSession &rArr; M24SR_SelectApplication &rArr; M24SR_IsAnswerReady &rArr; M24SR_PollI2C &rArr; delay_us &rArr; TimerDelay_us_Config &rArr; TIM_UpdateRequestConfig
</UL>
<BR>[Calls]<UL><LI><a href="#[ec]">&gt;&gt;</a>&nbsp;&nbsp;&nbsp;M24SR_OpenNDEFSession
<LI><a href="#[eb]">&gt;&gt;</a>&nbsp;&nbsp;&nbsp;M24SR_GetNDEFFileId
<LI><a href="#[f1]">&gt;&gt;</a>&nbsp;&nbsp;&nbsp;M24SR_EnableReadPassword
<LI><a href="#[ee]">&gt;&gt;</a>&nbsp;&nbsp;&nbsp;M24SR_CloseNDEFSession
</UL>
<BR>[Called By]<UL><LI><a href="#[0]">&gt;&gt;</a>&nbsp;&nbsp;&nbsp;EnableReadPWD
</UL>

<P><STRONG><a name="[d1]"></a>ISO7816_EnableWritePwd</STRONG> (Thumb, 44 bytes, Stack size 24 bytes, lib_iso7816_password.o(i.ISO7816_EnableWritePwd))
<BR><BR>[Stack]<UL><LI>Max Depth = 176<LI>Call Chain = ISO7816_EnableWritePwd &rArr; M24SR_OpenNDEFSession &rArr; M24SR_SelectApplication &rArr; M24SR_IsAnswerReady &rArr; M24SR_PollI2C &rArr; delay_us &rArr; TimerDelay_us_Config &rArr; TIM_UpdateRequestConfig
</UL>
<BR>[Calls]<UL><LI><a href="#[ec]">&gt;&gt;</a>&nbsp;&nbsp;&nbsp;M24SR_OpenNDEFSession
<LI><a href="#[eb]">&gt;&gt;</a>&nbsp;&nbsp;&nbsp;M24SR_GetNDEFFileId
<LI><a href="#[f2]">&gt;&gt;</a>&nbsp;&nbsp;&nbsp;M24SR_EnableWritePassword
<LI><a href="#[ee]">&gt;&gt;</a>&nbsp;&nbsp;&nbsp;M24SR_CloseNDEFSession
</UL>
<BR>[Called By]<UL><LI><a href="#[2]">&gt;&gt;</a>&nbsp;&nbsp;&nbsp;EnableWritePWD
</UL>

<P><STRONG><a name="[f3]"></a>InitJoystick</STRONG> (Thumb, 134 bytes, Stack size 16 bytes, menu.o(i.InitJoystick))
<BR><BR>[Stack]<UL><LI>Max Depth = 40<LI>Call Chain = InitJoystick &rArr; GPIO_Init
</UL>
<BR>[Calls]<UL><LI><a href="#[f5]">&gt;&gt;</a>&nbsp;&nbsp;&nbsp;SYSCFG_EXTILineConfig
<LI><a href="#[9b]">&gt;&gt;</a>&nbsp;&nbsp;&nbsp;GPIO_Init
<LI><a href="#[f4]">&gt;&gt;</a>&nbsp;&nbsp;&nbsp;RCC_APB2PeriphClockCmd
<LI><a href="#[94]">&gt;&gt;</a>&nbsp;&nbsp;&nbsp;RCC_AHB1PeriphClockCmd
</UL>
<BR>[Called By]<UL><LI><a href="#[7d]">&gt;&gt;</a>&nbsp;&nbsp;&nbsp;main
</UL>

<P><STRONG><a name="[87]"></a>IntExtOnOffConfig</STRONG> (Thumb, 72 bytes, Stack size 16 bytes, main.o(i.IntExtOnOffConfig))
<BR><BR>[Stack]<UL><LI>Max Depth = 32<LI>Call Chain = IntExtOnOffConfig &rArr; EXTI_Init
</UL>
<BR>[Calls]<UL><LI><a href="#[f6]">&gt;&gt;</a>&nbsp;&nbsp;&nbsp;EXTI_StructInit
<LI><a href="#[cb]">&gt;&gt;</a>&nbsp;&nbsp;&nbsp;EXTI_Init
<LI><a href="#[c8]">&gt;&gt;</a>&nbsp;&nbsp;&nbsp;EXTI_ClearITPendingBit
</UL>
<BR>[Called By]<UL><LI><a href="#[c]">&gt;&gt;</a>&nbsp;&nbsp;&nbsp;ReadURI
<LI><a href="#[e]">&gt;&gt;</a>&nbsp;&nbsp;&nbsp;ReadSMS
<LI><a href="#[17]">&gt;&gt;</a>&nbsp;&nbsp;&nbsp;ReadGeo
<LI><a href="#[10]">&gt;&gt;</a>&nbsp;&nbsp;&nbsp;ReadEmail
<LI><a href="#[1a]">&gt;&gt;</a>&nbsp;&nbsp;&nbsp;ProductPres
<LI><a href="#[13]">&gt;&gt;</a>&nbsp;&nbsp;&nbsp;Load_BT_NDEF
<LI><a href="#[19]">&gt;&gt;</a>&nbsp;&nbsp;&nbsp;LaunchDemoApp
<LI><a href="#[1c]">&gt;&gt;</a>&nbsp;&nbsp;&nbsp;Enable_M24SR_RF
<LI><a href="#[1e]">&gt;&gt;</a>&nbsp;&nbsp;&nbsp;Enable_GPO_RF
<LI><a href="#[15]">&gt;&gt;</a>&nbsp;&nbsp;&nbsp;Enable_BT_Pairing
<LI><a href="#[c5]">&gt;&gt;</a>&nbsp;&nbsp;&nbsp;DisplaylimitedAccess
<LI><a href="#[14]">&gt;&gt;</a>&nbsp;&nbsp;&nbsp;Display_Info
<LI><a href="#[c3]">&gt;&gt;</a>&nbsp;&nbsp;&nbsp;DisplayVcard
<LI><a href="#[b3]">&gt;&gt;</a>&nbsp;&nbsp;&nbsp;DisplayUnLockPassword
<LI><a href="#[c2]">&gt;&gt;</a>&nbsp;&nbsp;&nbsp;DisplayURI
<LI><a href="#[c1]">&gt;&gt;</a>&nbsp;&nbsp;&nbsp;DisplaySMS
<LI><a href="#[b1]">&gt;&gt;</a>&nbsp;&nbsp;&nbsp;DisplayNormalMode
<LI><a href="#[bf]">&gt;&gt;</a>&nbsp;&nbsp;&nbsp;DisplayMessage
<LI><a href="#[bd]">&gt;&gt;</a>&nbsp;&nbsp;&nbsp;DisplayLockPassword
<LI><a href="#[ba]">&gt;&gt;</a>&nbsp;&nbsp;&nbsp;DisplayGeo
<LI><a href="#[ac]">&gt;&gt;</a>&nbsp;&nbsp;&nbsp;DisplayErrorMessage
<LI><a href="#[b7]">&gt;&gt;</a>&nbsp;&nbsp;&nbsp;DisplayEmail
<LI><a href="#[ab]">&gt;&gt;</a>&nbsp;&nbsp;&nbsp;DisplayDwLdPhoneAppMessage
<LI><a href="#[1d]">&gt;&gt;</a>&nbsp;&nbsp;&nbsp;Disable_M24SR_RF
<LI><a href="#[1b]">&gt;&gt;</a>&nbsp;&nbsp;&nbsp;AntennaPres
<LI><a href="#[20]">&gt;&gt;</a>&nbsp;&nbsp;&nbsp;AboutFunc
<LI><a href="#[175]">&gt;&gt;</a>&nbsp;&nbsp;&nbsp;ShowMenuIcons
<LI><a href="#[7d]">&gt;&gt;</a>&nbsp;&nbsp;&nbsp;main
</UL>

<P><STRONG><a name="[f7]"></a>Interrupts_Config</STRONG> (Thumb, 124 bytes, Stack size 8 bytes, hw_config.o(i.Interrupts_Config))
<BR><BR>[Stack]<UL><LI>Max Depth = 32<LI>Call Chain = Interrupts_Config &rArr; NVIC_Init
</UL>
<BR>[Calls]<UL><LI><a href="#[f8]">&gt;&gt;</a>&nbsp;&nbsp;&nbsp;NVIC_PriorityGroupConfig
<LI><a href="#[f9]">&gt;&gt;</a>&nbsp;&nbsp;&nbsp;NVIC_Init
</UL>
<BR>[Called By]<UL><LI><a href="#[7d]">&gt;&gt;</a>&nbsp;&nbsp;&nbsp;main
</UL>

<P><STRONG><a name="[bc]"></a>IsBTModulePresent</STRONG> (Thumb, 6 bytes, Stack size 0 bytes, drv_bluetooth.o(i.IsBTModulePresent))
<BR><BR>[Called By]<UL><LI><a href="#[bb]">&gt;&gt;</a>&nbsp;&nbsp;&nbsp;DisplayIcons
<LI><a href="#[175]">&gt;&gt;</a>&nbsp;&nbsp;&nbsp;ShowMenuIcons
</UL>

<P><STRONG><a name="[117]"></a>IsLED_On</STRONG> (Thumb, 18 bytes, Stack size 0 bytes, drv_led.o(i.IsLED_On))
<BR><BR>[Called By]<UL><LI><a href="#[19]">&gt;&gt;</a>&nbsp;&nbsp;&nbsp;LaunchDemoApp
</UL>

<P><STRONG><a name="[fa]"></a>LCD_ChipSelect</STRONG> (Thumb, 30 bytes, Stack size 8 bytes, drv_lcdspi_ili9341.o(i.LCD_ChipSelect))
<BR><BR>[Stack]<UL><LI>Max Depth = 24<LI>Call Chain = LCD_ChipSelect &rArr; GPIO_SetBits
</UL>
<BR>[Calls]<UL><LI><a href="#[d9]">&gt;&gt;</a>&nbsp;&nbsp;&nbsp;GPIO_SetBits
<LI><a href="#[d8]">&gt;&gt;</a>&nbsp;&nbsp;&nbsp;GPIO_ResetBits
</UL>
<BR>[Called By]<UL><LI><a href="#[10b]">&gt;&gt;</a>&nbsp;&nbsp;&nbsp;LCD_WriteData
<LI><a href="#[10a]">&gt;&gt;</a>&nbsp;&nbsp;&nbsp;LCD_WriteCommand
<LI><a href="#[109]">&gt;&gt;</a>&nbsp;&nbsp;&nbsp;LCD_PowerOn
</UL>

<P><STRONG><a name="[86]"></a>LCD_Clear</STRONG> (Thumb, 48 bytes, Stack size 16 bytes, drv_lcdspi_ili9341.o(i.LCD_Clear))
<BR><BR>[Stack]<UL><LI>Max Depth = 80<LI>Call Chain = LCD_Clear &rArr; LCD_SetDisplayWindow &rArr; LCD_WriteData &rArr; LCD_CtrlLinesWrite &rArr; GPIO_WriteBit
</UL>
<BR>[Calls]<UL><LI><a href="#[90]">&gt;&gt;</a>&nbsp;&nbsp;&nbsp;LCD_SetDisplayWindow
<LI><a href="#[fb]">&gt;&gt;</a>&nbsp;&nbsp;&nbsp;LCD_WriteRAM_Prepare
<LI><a href="#[fd]">&gt;&gt;</a>&nbsp;&nbsp;&nbsp;LCD_WriteRAM_Close
<LI><a href="#[fc]">&gt;&gt;</a>&nbsp;&nbsp;&nbsp;LCD_WriteRAM
</UL>
<BR>[Called By]<UL><LI><a href="#[c]">&gt;&gt;</a>&nbsp;&nbsp;&nbsp;ReadURI
<LI><a href="#[e]">&gt;&gt;</a>&nbsp;&nbsp;&nbsp;ReadSMS
<LI><a href="#[17]">&gt;&gt;</a>&nbsp;&nbsp;&nbsp;ReadGeo
<LI><a href="#[10]">&gt;&gt;</a>&nbsp;&nbsp;&nbsp;ReadEmail
<LI><a href="#[1a]">&gt;&gt;</a>&nbsp;&nbsp;&nbsp;ProductPres
<LI><a href="#[13]">&gt;&gt;</a>&nbsp;&nbsp;&nbsp;Load_BT_NDEF
<LI><a href="#[19]">&gt;&gt;</a>&nbsp;&nbsp;&nbsp;LaunchDemoApp
<LI><a href="#[1c]">&gt;&gt;</a>&nbsp;&nbsp;&nbsp;Enable_M24SR_RF
<LI><a href="#[1e]">&gt;&gt;</a>&nbsp;&nbsp;&nbsp;Enable_GPO_RF
<LI><a href="#[15]">&gt;&gt;</a>&nbsp;&nbsp;&nbsp;Enable_BT_Pairing
<LI><a href="#[c5]">&gt;&gt;</a>&nbsp;&nbsp;&nbsp;DisplaylimitedAccess
<LI><a href="#[14]">&gt;&gt;</a>&nbsp;&nbsp;&nbsp;Display_Info
<LI><a href="#[c3]">&gt;&gt;</a>&nbsp;&nbsp;&nbsp;DisplayVcard
<LI><a href="#[b3]">&gt;&gt;</a>&nbsp;&nbsp;&nbsp;DisplayUnLockPassword
<LI><a href="#[c2]">&gt;&gt;</a>&nbsp;&nbsp;&nbsp;DisplayURI
<LI><a href="#[c1]">&gt;&gt;</a>&nbsp;&nbsp;&nbsp;DisplaySMS
<LI><a href="#[b1]">&gt;&gt;</a>&nbsp;&nbsp;&nbsp;DisplayNormalMode
<LI><a href="#[c0]">&gt;&gt;</a>&nbsp;&nbsp;&nbsp;DisplayMessageOnGoing
<LI><a href="#[bf]">&gt;&gt;</a>&nbsp;&nbsp;&nbsp;DisplayMessage
<LI><a href="#[8e]">&gt;&gt;</a>&nbsp;&nbsp;&nbsp;DisplayMenu
<LI><a href="#[bd]">&gt;&gt;</a>&nbsp;&nbsp;&nbsp;DisplayLockPassword
<LI><a href="#[ba]">&gt;&gt;</a>&nbsp;&nbsp;&nbsp;DisplayGeo
<LI><a href="#[ac]">&gt;&gt;</a>&nbsp;&nbsp;&nbsp;DisplayErrorMessage
<LI><a href="#[b7]">&gt;&gt;</a>&nbsp;&nbsp;&nbsp;DisplayEmail
<LI><a href="#[ab]">&gt;&gt;</a>&nbsp;&nbsp;&nbsp;DisplayDwLdPhoneAppMessage
<LI><a href="#[1d]">&gt;&gt;</a>&nbsp;&nbsp;&nbsp;Disable_M24SR_RF
<LI><a href="#[1b]">&gt;&gt;</a>&nbsp;&nbsp;&nbsp;AntennaPres
<LI><a href="#[20]">&gt;&gt;</a>&nbsp;&nbsp;&nbsp;AboutFunc
<LI><a href="#[175]">&gt;&gt;</a>&nbsp;&nbsp;&nbsp;ShowMenuIcons
</UL>

<P><STRONG><a name="[8b]"></a>LCD_ClearLine</STRONG> (Thumb, 40 bytes, Stack size 24 bytes, drv_lcdspi_ili9341.o(i.LCD_ClearLine))
<BR><BR>[Stack]<UL><LI>Max Depth = 128<LI>Call Chain = LCD_ClearLine &rArr; LCD_DisplayChar &rArr; LCD_DrawChar &rArr; LCD_SetCursor &rArr; LCD_WriteData &rArr; LCD_CtrlLinesWrite &rArr; GPIO_WriteBit
</UL>
<BR>[Calls]<UL><LI><a href="#[fe]">&gt;&gt;</a>&nbsp;&nbsp;&nbsp;LCD_DisplayChar
</UL>
<BR>[Called By]<UL><LI><a href="#[20]">&gt;&gt;</a>&nbsp;&nbsp;&nbsp;AboutFunc
</UL>

<P><STRONG><a name="[106]"></a>LCD_CtrlLinesConfig_ILI9341</STRONG> (Thumb, 2 bytes, Stack size 0 bytes, drv_lcdspi_ili9341.o(i.LCD_CtrlLinesConfig_ILI9341))
<BR><BR>[Called By]<UL><LI><a href="#[105]">&gt;&gt;</a>&nbsp;&nbsp;&nbsp;LCD_Init
</UL>

<P><STRONG><a name="[ff]"></a>LCD_CtrlLinesWrite</STRONG> (Thumb, 20 bytes, Stack size 16 bytes, drv_lcdspi_ili9341.o(i.LCD_CtrlLinesWrite))
<BR><BR>[Stack]<UL><LI>Max Depth = 32<LI>Call Chain = LCD_CtrlLinesWrite &rArr; GPIO_WriteBit
</UL>
<BR>[Calls]<UL><LI><a href="#[da]">&gt;&gt;</a>&nbsp;&nbsp;&nbsp;GPIO_WriteBit
</UL>
<BR>[Called By]<UL><LI><a href="#[10b]">&gt;&gt;</a>&nbsp;&nbsp;&nbsp;LCD_WriteData
<LI><a href="#[10a]">&gt;&gt;</a>&nbsp;&nbsp;&nbsp;LCD_WriteCommand
<LI><a href="#[100]">&gt;&gt;</a>&nbsp;&nbsp;&nbsp;LCD_DrawChar
</UL>

<P><STRONG><a name="[fe]"></a>LCD_DisplayChar</STRONG> (Thumb, 34 bytes, Stack size 16 bytes, drv_lcdspi_ili9341.o(i.LCD_DisplayChar))
<BR><BR>[Stack]<UL><LI>Max Depth = 104<LI>Call Chain = LCD_DisplayChar &rArr; LCD_DrawChar &rArr; LCD_SetCursor &rArr; LCD_WriteData &rArr; LCD_CtrlLinesWrite &rArr; GPIO_WriteBit
</UL>
<BR>[Calls]<UL><LI><a href="#[100]">&gt;&gt;</a>&nbsp;&nbsp;&nbsp;LCD_DrawChar
</UL>
<BR>[Called By]<UL><LI><a href="#[b9]">&gt;&gt;</a>&nbsp;&nbsp;&nbsp;LCD_DisplayStringLineWSize
<LI><a href="#[8c]">&gt;&gt;</a>&nbsp;&nbsp;&nbsp;LCD_DisplayStringLine
<LI><a href="#[8b]">&gt;&gt;</a>&nbsp;&nbsp;&nbsp;LCD_ClearLine
</UL>

<P><STRONG><a name="[8c]"></a>LCD_DisplayStringLine</STRONG> (Thumb, 46 bytes, Stack size 24 bytes, drv_lcdspi_ili9341.o(i.LCD_DisplayStringLine))
<BR><BR>[Stack]<UL><LI>Max Depth = 128<LI>Call Chain = LCD_DisplayStringLine &rArr; LCD_DisplayChar &rArr; LCD_DrawChar &rArr; LCD_SetCursor &rArr; LCD_WriteData &rArr; LCD_CtrlLinesWrite &rArr; GPIO_WriteBit
</UL>
<BR>[Calls]<UL><LI><a href="#[fe]">&gt;&gt;</a>&nbsp;&nbsp;&nbsp;LCD_DisplayChar
</UL>
<BR>[Called By]<UL><LI><a href="#[c9]">&gt;&gt;</a>&nbsp;&nbsp;&nbsp;UpFunc
<LI><a href="#[c6]">&gt;&gt;</a>&nbsp;&nbsp;&nbsp;DownFunc
<LI><a href="#[c]">&gt;&gt;</a>&nbsp;&nbsp;&nbsp;ReadURI
<LI><a href="#[e]">&gt;&gt;</a>&nbsp;&nbsp;&nbsp;ReadSMS
<LI><a href="#[17]">&gt;&gt;</a>&nbsp;&nbsp;&nbsp;ReadGeo
<LI><a href="#[10]">&gt;&gt;</a>&nbsp;&nbsp;&nbsp;ReadEmail
<LI><a href="#[1a]">&gt;&gt;</a>&nbsp;&nbsp;&nbsp;ProductPres
<LI><a href="#[13]">&gt;&gt;</a>&nbsp;&nbsp;&nbsp;Load_BT_NDEF
<LI><a href="#[19]">&gt;&gt;</a>&nbsp;&nbsp;&nbsp;LaunchDemoApp
<LI><a href="#[1c]">&gt;&gt;</a>&nbsp;&nbsp;&nbsp;Enable_M24SR_RF
<LI><a href="#[1e]">&gt;&gt;</a>&nbsp;&nbsp;&nbsp;Enable_GPO_RF
<LI><a href="#[15]">&gt;&gt;</a>&nbsp;&nbsp;&nbsp;Enable_BT_Pairing
<LI><a href="#[c5]">&gt;&gt;</a>&nbsp;&nbsp;&nbsp;DisplaylimitedAccess
<LI><a href="#[14]">&gt;&gt;</a>&nbsp;&nbsp;&nbsp;Display_Info
<LI><a href="#[c3]">&gt;&gt;</a>&nbsp;&nbsp;&nbsp;DisplayVcard
<LI><a href="#[b3]">&gt;&gt;</a>&nbsp;&nbsp;&nbsp;DisplayUnLockPassword
<LI><a href="#[c2]">&gt;&gt;</a>&nbsp;&nbsp;&nbsp;DisplayURI
<LI><a href="#[c1]">&gt;&gt;</a>&nbsp;&nbsp;&nbsp;DisplaySMS
<LI><a href="#[b1]">&gt;&gt;</a>&nbsp;&nbsp;&nbsp;DisplayNormalMode
<LI><a href="#[c0]">&gt;&gt;</a>&nbsp;&nbsp;&nbsp;DisplayMessageOnGoing
<LI><a href="#[bf]">&gt;&gt;</a>&nbsp;&nbsp;&nbsp;DisplayMessage
<LI><a href="#[8e]">&gt;&gt;</a>&nbsp;&nbsp;&nbsp;DisplayMenu
<LI><a href="#[bd]">&gt;&gt;</a>&nbsp;&nbsp;&nbsp;DisplayLockPassword
<LI><a href="#[ba]">&gt;&gt;</a>&nbsp;&nbsp;&nbsp;DisplayGeo
<LI><a href="#[ac]">&gt;&gt;</a>&nbsp;&nbsp;&nbsp;DisplayErrorMessage
<LI><a href="#[b7]">&gt;&gt;</a>&nbsp;&nbsp;&nbsp;DisplayEmail
<LI><a href="#[ab]">&gt;&gt;</a>&nbsp;&nbsp;&nbsp;DisplayDwLdPhoneAppMessage
<LI><a href="#[1d]">&gt;&gt;</a>&nbsp;&nbsp;&nbsp;Disable_M24SR_RF
<LI><a href="#[1b]">&gt;&gt;</a>&nbsp;&nbsp;&nbsp;AntennaPres
<LI><a href="#[20]">&gt;&gt;</a>&nbsp;&nbsp;&nbsp;AboutFunc
<LI><a href="#[175]">&gt;&gt;</a>&nbsp;&nbsp;&nbsp;ShowMenuIcons
</UL>

<P><STRONG><a name="[b9]"></a>LCD_DisplayStringLineWSize</STRONG> (Thumb, 78 bytes, Stack size 32 bytes, drv_lcdspi_ili9341.o(i.LCD_DisplayStringLineWSize))
<BR><BR>[Stack]<UL><LI>Max Depth = 136<LI>Call Chain = LCD_DisplayStringLineWSize &rArr; LCD_DisplayChar &rArr; LCD_DrawChar &rArr; LCD_SetCursor &rArr; LCD_WriteData &rArr; LCD_CtrlLinesWrite &rArr; GPIO_WriteBit
</UL>
<BR>[Calls]<UL><LI><a href="#[fe]">&gt;&gt;</a>&nbsp;&nbsp;&nbsp;LCD_DisplayChar
</UL>
<BR>[Called By]<UL><LI><a href="#[14]">&gt;&gt;</a>&nbsp;&nbsp;&nbsp;Display_Info
<LI><a href="#[c3]">&gt;&gt;</a>&nbsp;&nbsp;&nbsp;DisplayVcard
<LI><a href="#[c2]">&gt;&gt;</a>&nbsp;&nbsp;&nbsp;DisplayURI
<LI><a href="#[c1]">&gt;&gt;</a>&nbsp;&nbsp;&nbsp;DisplaySMS
<LI><a href="#[bf]">&gt;&gt;</a>&nbsp;&nbsp;&nbsp;DisplayMessage
<LI><a href="#[bd]">&gt;&gt;</a>&nbsp;&nbsp;&nbsp;DisplayLockPassword
<LI><a href="#[ba]">&gt;&gt;</a>&nbsp;&nbsp;&nbsp;DisplayGeo
<LI><a href="#[b7]">&gt;&gt;</a>&nbsp;&nbsp;&nbsp;DisplayEmail
</UL>

<P><STRONG><a name="[100]"></a>LCD_DrawChar</STRONG> (Thumb, 172 bytes, Stack size 32 bytes, drv_lcdspi_ili9341.o(i.LCD_DrawChar))
<BR><BR>[Stack]<UL><LI>Max Depth = 88<LI>Call Chain = LCD_DrawChar &rArr; LCD_SetCursor &rArr; LCD_WriteData &rArr; LCD_CtrlLinesWrite &rArr; GPIO_WriteBit
</UL>
<BR>[Calls]<UL><LI><a href="#[fb]">&gt;&gt;</a>&nbsp;&nbsp;&nbsp;LCD_WriteRAM_Prepare
<LI><a href="#[fc]">&gt;&gt;</a>&nbsp;&nbsp;&nbsp;LCD_WriteRAM
<LI><a href="#[101]">&gt;&gt;</a>&nbsp;&nbsp;&nbsp;LCD_SetCursor
<LI><a href="#[ff]">&gt;&gt;</a>&nbsp;&nbsp;&nbsp;LCD_CtrlLinesWrite
</UL>
<BR>[Called By]<UL><LI><a href="#[fe]">&gt;&gt;</a>&nbsp;&nbsp;&nbsp;LCD_DisplayChar
</UL>

<P><STRONG><a name="[d3]"></a>LCD_DrawFullRect</STRONG> (Thumb, 42 bytes, Stack size 24 bytes, drv_lcdspi_ili9341.o(i.LCD_DrawFullRect))
<BR><BR>[Stack]<UL><LI>Max Depth = 128<LI>Call Chain = LCD_DrawFullRect &rArr; LCD_DrawLine &rArr; LCD_SetCursor_onwindows &rArr; LCD_WriteData &rArr; LCD_CtrlLinesWrite &rArr; GPIO_WriteBit
</UL>
<BR>[Calls]<UL><LI><a href="#[102]">&gt;&gt;</a>&nbsp;&nbsp;&nbsp;LCD_DrawLine
</UL>
<BR>[Called By]<UL><LI><a href="#[1e]">&gt;&gt;</a>&nbsp;&nbsp;&nbsp;Enable_GPO_RF
</UL>

<P><STRONG><a name="[102]"></a>LCD_DrawLine</STRONG> (Thumb, 76 bytes, Stack size 32 bytes, drv_lcdspi_ili9341.o(i.LCD_DrawLine))
<BR><BR>[Stack]<UL><LI>Max Depth = 104<LI>Call Chain = LCD_DrawLine &rArr; LCD_SetCursor_onwindows &rArr; LCD_WriteData &rArr; LCD_CtrlLinesWrite &rArr; GPIO_WriteBit
</UL>
<BR>[Calls]<UL><LI><a href="#[fb]">&gt;&gt;</a>&nbsp;&nbsp;&nbsp;LCD_WriteRAM_Prepare
<LI><a href="#[fc]">&gt;&gt;</a>&nbsp;&nbsp;&nbsp;LCD_WriteRAM
<LI><a href="#[103]">&gt;&gt;</a>&nbsp;&nbsp;&nbsp;LCD_SetCursor_onwindows
</UL>
<BR>[Called By]<UL><LI><a href="#[104]">&gt;&gt;</a>&nbsp;&nbsp;&nbsp;LCD_DrawRect
<LI><a href="#[d3]">&gt;&gt;</a>&nbsp;&nbsp;&nbsp;LCD_DrawFullRect
</UL>

<P><STRONG><a name="[104]"></a>LCD_DrawRect</STRONG> (Thumb, 68 bytes, Stack size 24 bytes, drv_lcdspi_ili9341.o(i.LCD_DrawRect))
<BR><BR>[Stack]<UL><LI>Max Depth = 128<LI>Call Chain = LCD_DrawRect &rArr; LCD_DrawLine &rArr; LCD_SetCursor_onwindows &rArr; LCD_WriteData &rArr; LCD_CtrlLinesWrite &rArr; GPIO_WriteBit
</UL>
<BR>[Calls]<UL><LI><a href="#[102]">&gt;&gt;</a>&nbsp;&nbsp;&nbsp;LCD_DrawLine
</UL>
<BR>[Called By]<UL><LI><a href="#[175]">&gt;&gt;</a>&nbsp;&nbsp;&nbsp;ShowMenuIcons
</UL>

<P><STRONG><a name="[105]"></a>LCD_Init</STRONG> (Thumb, 22 bytes, Stack size 8 bytes, drv_lcdspi_ili9341.o(i.LCD_Init))
<BR><BR>[Stack]<UL><LI>Max Depth = 64<LI>Call Chain = LCD_Init &rArr; LCD_SPIConfig &rArr; GPIO_Init
</UL>
[...]
<BR><BR>[Stack]<UL><LI>Max Depth = 32<LI>Call Chain = TimerDelay_us_Config &rArr; TIM_UpdateRequestConfig
</UL>
<BR>[Calls]<UL><LI><a href="#[184]">&gt;&gt;</a>&nbsp;&nbsp;&nbsp;TIM_UpdateRequestConfig
<LI><a href="#[183]">&gt;&gt;</a>&nbsp;&nbsp;&nbsp;TIM_TimeBaseInit
<LI><a href="#[182]">&gt;&gt;</a>&nbsp;&nbsp;&nbsp;TIM_ITConfig
<LI><a href="#[17c]">&gt;&gt;</a>&nbsp;&nbsp;&nbsp;TIM_Cmd
<LI><a href="#[17f]">&gt;&gt;</a>&nbsp;&nbsp;&nbsp;TIM_ClearITPendingBit
</UL>
<BR>[Called By]<UL><LI><a href="#[119]">&gt;&gt;</a>&nbsp;&nbsp;&nbsp;delay_us
</UL>

<P><STRONG><a name="[17a]"></a>TimerTimestamp_us_Config</STRONG> (Thumb, 68 bytes, Stack size 16 bytes, hw_config.o(i.TimerTimestamp_us_Config))
<BR><BR>[Stack]<UL><LI>Max Depth = 32<LI>Call Chain = TimerTimestamp_us_Config &rArr; TIM_UpdateRequestConfig
</UL>
<BR>[Calls]<UL><LI><a href="#[184]">&gt;&gt;</a>&nbsp;&nbsp;&nbsp;TIM_UpdateRequestConfig
<LI><a href="#[183]">&gt;&gt;</a>&nbsp;&nbsp;&nbsp;TIM_TimeBaseInit
<LI><a href="#[182]">&gt;&gt;</a>&nbsp;&nbsp;&nbsp;TIM_ITConfig
<LI><a href="#[17c]">&gt;&gt;</a>&nbsp;&nbsp;&nbsp;TIM_Cmd
<LI><a href="#[17f]">&gt;&gt;</a>&nbsp;&nbsp;&nbsp;TIM_ClearITPendingBit
</UL>
<BR>[Called By]<UL><LI><a href="#[179]">&gt;&gt;</a>&nbsp;&nbsp;&nbsp;StartPerfMeasurement
</UL>

<P><STRONG><a name="[145]"></a>IsSBlock</STRONG> (Thumb, 20 bytes, Stack size 0 bytes, drv_m24sr.o(i.IsSBlock))
<BR><BR>[Called By]<UL><LI><a href="#[142]">&gt;&gt;</a>&nbsp;&nbsp;&nbsp;M24SR_UpdateBinary
</UL>

<P><STRONG><a name="[11c]"></a>M24SR_BuildIBlockCommand</STRONG> (Thumb, 256 bytes, Stack size 40 bytes, drv_m24sr.o(i.M24SR_BuildIBlockCommand))
<BR><BR>[Stack]<UL><LI>Max Depth = 64<LI>Call Chain = M24SR_BuildIBlockCommand &rArr; M24SR_ComputeCrc
</UL>
<BR>[Calls]<UL><LI><a href="#[9c]">&gt;&gt;</a>&nbsp;&nbsp;&nbsp;__aeabi_memcpy
<LI><a href="#[11d]">&gt;&gt;</a>&nbsp;&nbsp;&nbsp;M24SR_ComputeCrc
</UL>
<BR>[Called By]<UL><LI><a href="#[126]">&gt;&gt;</a>&nbsp;&nbsp;&nbsp;M24SR_Verify
<LI><a href="#[142]">&gt;&gt;</a>&nbsp;&nbsp;&nbsp;M24SR_UpdateBinary
<LI><a href="#[140]">&gt;&gt;</a>&nbsp;&nbsp;&nbsp;M24SR_SelectSystemfile
<LI><a href="#[143]">&gt;&gt;</a>&nbsp;&nbsp;&nbsp;M24SR_SelectNDEFfile
<LI><a href="#[13b]">&gt;&gt;</a>&nbsp;&nbsp;&nbsp;M24SR_SelectCCfile
<LI><a href="#[13a]">&gt;&gt;</a>&nbsp;&nbsp;&nbsp;M24SR_SelectApplication
<LI><a href="#[131]">&gt;&gt;</a>&nbsp;&nbsp;&nbsp;M24SR_STReadBinary
<LI><a href="#[141]">&gt;&gt;</a>&nbsp;&nbsp;&nbsp;M24SR_ReadBinary
<LI><a href="#[12d]">&gt;&gt;</a>&nbsp;&nbsp;&nbsp;M24SR_EnableVerificationRequirement
<LI><a href="#[12b]">&gt;&gt;</a>&nbsp;&nbsp;&nbsp;M24SR_EnablePermanentState
<LI><a href="#[128]">&gt;&gt;</a>&nbsp;&nbsp;&nbsp;M24SR_DisableVerificationRequirement
<LI><a href="#[127]">&gt;&gt;</a>&nbsp;&nbsp;&nbsp;M24SR_DisablePermanentState
<LI><a href="#[11e]">&gt;&gt;</a>&nbsp;&nbsp;&nbsp;M24SR_ChangeReferenceData
</UL>

<P><STRONG><a name="[11d]"></a>M24SR_ComputeCrc</STRONG> (Thumb, 40 bytes, Stack size 24 bytes, drv_m24sr.o(i.M24SR_ComputeCrc))
<BR><BR>[Stack]<UL><LI>Max Depth = 24<LI>Call Chain = M24SR_ComputeCrc
</UL>
<BR>[Calls]<UL><LI><a href="#[124]">&gt;&gt;</a>&nbsp;&nbsp;&nbsp;M24SR_UpdateCrc
</UL>
<BR>[Called By]<UL><LI><a href="#[122]">&gt;&gt;</a>&nbsp;&nbsp;&nbsp;M24SR_IsCorrectCRC16Residue
<LI><a href="#[12f]">&gt;&gt;</a>&nbsp;&nbsp;&nbsp;M24SR_FWTExtension
<LI><a href="#[11c]">&gt;&gt;</a>&nbsp;&nbsp;&nbsp;M24SR_BuildIBlockCommand
</UL>

<P><STRONG><a name="[12f]"></a>M24SR_FWTExtension</STRONG> (Thumb, 138 bytes, Stack size 32 bytes, drv_m24sr.o(i.M24SR_FWTExtension))
<BR><BR>[Stack]<UL><LI>Max Depth = 104<LI>Call Chain = M24SR_FWTExtension &rArr; M24SR_IsAnswerReady &rArr; M24SR_PollI2C &rArr; delay_us &rArr; TimerDelay_us_Config &rArr; TIM_UpdateRequestConfig
</UL>
<BR>[Calls]<UL><LI><a href="#[122]">&gt;&gt;</a>&nbsp;&nbsp;&nbsp;M24SR_IsCorrectCRC16Residue
<LI><a href="#[11d]">&gt;&gt;</a>&nbsp;&nbsp;&nbsp;M24SR_ComputeCrc
<LI><a href="#[11f]">&gt;&gt;</a>&nbsp;&nbsp;&nbsp;M24SR_SendI2Ccommand
<LI><a href="#[121]">&gt;&gt;</a>&nbsp;&nbsp;&nbsp;M24SR_ReceiveI2Cresponse
<LI><a href="#[120]">&gt;&gt;</a>&nbsp;&nbsp;&nbsp;M24SR_IsAnswerReady
</UL>
<BR>[Called By]<UL><LI><a href="#[142]">&gt;&gt;</a>&nbsp;&nbsp;&nbsp;M24SR_UpdateBinary
</UL>

<P><STRONG><a name="[136]"></a>M24SR_InitStructure</STRONG> (Thumb, 26 bytes, Stack size 0 bytes, drv_m24sr.o(i.M24SR_InitStructure))
<BR><BR>[Called By]<UL><LI><a href="#[135]">&gt;&gt;</a>&nbsp;&nbsp;&nbsp;M24SR_Init
</UL>

<P><STRONG><a name="[122]"></a>M24SR_IsCorrectCRC16Residue</STRONG> (Thumb, 76 bytes, Stack size 16 bytes, drv_m24sr.o(i.M24SR_IsCorrectCRC16Residue))
<BR><BR>[Stack]<UL><LI>Max Depth = 40<LI>Call Chain = M24SR_IsCorrectCRC16Residue &rArr; M24SR_ComputeCrc
</UL>
<BR>[Calls]<UL><LI><a href="#[11d]">&gt;&gt;</a>&nbsp;&nbsp;&nbsp;M24SR_ComputeCrc
</UL>
<BR>[Called By]<UL><LI><a href="#[126]">&gt;&gt;</a>&nbsp;&nbsp;&nbsp;M24SR_Verify
<LI><a href="#[142]">&gt;&gt;</a>&nbsp;&nbsp;&nbsp;M24SR_UpdateBinary
<LI><a href="#[140]">&gt;&gt;</a>&nbsp;&nbsp;&nbsp;M24SR_SelectSystemfile
<LI><a href="#[143]">&gt;&gt;</a>&nbsp;&nbsp;&nbsp;M24SR_SelectNDEFfile
<LI><a href="#[13b]">&gt;&gt;</a>&nbsp;&nbsp;&nbsp;M24SR_SelectCCfile
<LI><a href="#[13a]">&gt;&gt;</a>&nbsp;&nbsp;&nbsp;M24SR_SelectApplication
<LI><a href="#[131]">&gt;&gt;</a>&nbsp;&nbsp;&nbsp;M24SR_STReadBinary
<LI><a href="#[141]">&gt;&gt;</a>&nbsp;&nbsp;&nbsp;M24SR_ReadBinary
<LI><a href="#[12d]">&gt;&gt;</a>&nbsp;&nbsp;&nbsp;M24SR_EnableVerificationRequirement
<LI><a href="#[12b]">&gt;&gt;</a>&nbsp;&nbsp;&nbsp;M24SR_EnablePermanentState
<LI><a href="#[128]">&gt;&gt;</a>&nbsp;&nbsp;&nbsp;M24SR_DisableVerificationRequirement
<LI><a href="#[127]">&gt;&gt;</a>&nbsp;&nbsp;&nbsp;M24SR_DisablePermanentState
<LI><a href="#[11e]">&gt;&gt;</a>&nbsp;&nbsp;&nbsp;M24SR_ChangeReferenceData
<LI><a href="#[12f]">&gt;&gt;</a>&nbsp;&nbsp;&nbsp;M24SR_FWTExtension
</UL>

<P><STRONG><a name="[124]"></a>M24SR_UpdateCrc</STRONG> (Thumb, 34 bytes, Stack size 0 bytes, drv_m24sr.o(i.M24SR_UpdateCrc))
<BR><BR>[Called By]<UL><LI><a href="#[11d]">&gt;&gt;</a>&nbsp;&nbsp;&nbsp;M24SR_ComputeCrc
</UL>

<P><STRONG><a name="[157]"></a>NDEF_Parse_WellKnowType</STRONG> (Thumb, 698 bytes, Stack size 24 bytes, lib_ndef_uri.o(i.NDEF_Parse_WellKnowType))
<BR><BR>[Stack]<UL><LI>Max Depth = 24<LI>Call Chain = NDEF_Parse_WellKnowType
</UL>
<BR>[Calls]<UL><LI><a href="#[9c]">&gt;&gt;</a>&nbsp;&nbsp;&nbsp;__aeabi_memcpy
</UL>
<BR>[Called By]<UL><LI><a href="#[15f]">&gt;&gt;</a>&nbsp;&nbsp;&nbsp;NDEF_ReadURI
</UL>

<P><STRONG><a name="[14d]"></a>NDEF_FillSMSStruct</STRONG> (Thumb, 150 bytes, Stack size 40 bytes, lib_ndef_sms.o(i.NDEF_FillSMSStruct))
<BR><BR>[Stack]<UL><LI>Max Depth = 52<LI>Call Chain = NDEF_FillSMSStruct &rArr; memcmp
</UL>
<BR>[Calls]<UL><LI><a href="#[9f]">&gt;&gt;</a>&nbsp;&nbsp;&nbsp;memcmp
<LI><a href="#[9c]">&gt;&gt;</a>&nbsp;&nbsp;&nbsp;__aeabi_memcpy
</UL>
<BR>[Called By]<UL><LI><a href="#[15e]">&gt;&gt;</a>&nbsp;&nbsp;&nbsp;NDEF_ReadURI_SMS
</UL>

<P><STRONG><a name="[15e]"></a>NDEF_ReadURI_SMS</STRONG> (Thumb, 56 bytes, Stack size 24 bytes, lib_ndef_sms.o(i.NDEF_ReadURI_SMS))
<BR><BR>[Stack]<UL><LI>Max Depth = 76<LI>Call Chain = NDEF_ReadURI_SMS &rArr; NDEF_FillSMSStruct &rArr; memcmp
</UL>
<BR>[Calls]<UL><LI><a href="#[14d]">&gt;&gt;</a>&nbsp;&nbsp;&nbsp;NDEF_FillSMSStruct
</UL>
<BR>[Called By]<UL><LI><a href="#[15d]">&gt;&gt;</a>&nbsp;&nbsp;&nbsp;NDEF_ReadSMS
</UL>

<P><STRONG><a name="[14b]"></a>NDEF_FillEmailStruct</STRONG> (Thumb, 208 bytes, Stack size 32 bytes, lib_ndef_email.o(i.NDEF_FillEmailStruct))
<BR><BR>[Stack]<UL><LI>Max Depth = 44<LI>Call Chain = NDEF_FillEmailStruct &rArr; memcmp
</UL>
<BR>[Calls]<UL><LI><a href="#[9f]">&gt;&gt;</a>&nbsp;&nbsp;&nbsp;memcmp
<LI><a href="#[9c]">&gt;&gt;</a>&nbsp;&nbsp;&nbsp;__aeabi_memcpy
</UL>
<BR>[Called By]<UL><LI><a href="#[159]">&gt;&gt;</a>&nbsp;&nbsp;&nbsp;NDEF_ReadURI_Email
</UL>

<P><STRONG><a name="[159]"></a>NDEF_ReadURI_Email</STRONG> (Thumb, 56 bytes, Stack size 24 bytes, lib_ndef_email.o(i.NDEF_ReadURI_Email))
<BR><BR>[Stack]<UL><LI>Max Depth = 68<LI>Call Chain = NDEF_ReadURI_Email &rArr; NDEF_FillEmailStruct &rArr; memcmp
</UL>
<BR>[Calls]<UL><LI><a href="#[14b]">&gt;&gt;</a>&nbsp;&nbsp;&nbsp;NDEF_FillEmailStruct
</UL>
<BR>[Called By]<UL><LI><a href="#[158]">&gt;&gt;</a>&nbsp;&nbsp;&nbsp;NDEF_ReadEmail
</UL>

<P><STRONG><a name="[148]"></a>NDEF_ExtractVcard</STRONG> (Thumb, 254 bytes, Stack size 24 bytes, lib_ndef_vcard.o(i.NDEF_ExtractVcard))
<BR><BR>[Stack]<UL><LI>Max Depth = 76<LI>Call Chain = NDEF_ExtractVcard &rArr; NDEF_FillVcardStruct &rArr; memcmp
</UL>
<BR>[Calls]<UL><LI><a href="#[9f]">&gt;&gt;</a>&nbsp;&nbsp;&nbsp;memcmp
<LI><a href="#[149]">&gt;&gt;</a>&nbsp;&nbsp;&nbsp;NDEF_FillVcardStruct
</UL>
<BR>[Called By]<UL><LI><a href="#[160]">&gt;&gt;</a>&nbsp;&nbsp;&nbsp;NDEF_ReadVcard
</UL>

<P><STRONG><a name="[149]"></a>NDEF_FillVcardStruct</STRONG> (Thumb, 126 bytes, Stack size 40 bytes, lib_ndef_vcard.o(i.NDEF_FillVcardStruct))
<BR><BR>[Stack]<UL><LI>Max Depth = 52<LI>Call Chain = NDEF_FillVcardStruct &rArr; memcmp
</UL>
<BR>[Calls]<UL><LI><a href="#[9f]">&gt;&gt;</a>&nbsp;&nbsp;&nbsp;memcmp
<LI><a href="#[9c]">&gt;&gt;</a>&nbsp;&nbsp;&nbsp;__aeabi_memcpy
</UL>
<BR>[Called By]<UL><LI><a href="#[148]">&gt;&gt;</a>&nbsp;&nbsp;&nbsp;NDEF_ExtractVcard
</UL>

<P><STRONG><a name="[14c]"></a>NDEF_FillGeoStruct</STRONG> (Thumb, 136 bytes, Stack size 40 bytes, lib_ndef_geo.o(i.NDEF_FillGeoStruct))
<BR><BR>[Stack]<UL><LI>Max Depth = 52<LI>Call Chain = NDEF_FillGeoStruct &rArr; memcmp
</UL>
<BR>[Calls]<UL><LI><a href="#[9f]">&gt;&gt;</a>&nbsp;&nbsp;&nbsp;memcmp
<LI><a href="#[9c]">&gt;&gt;</a>&nbsp;&nbsp;&nbsp;__aeabi_memcpy
</UL>
<BR>[Called By]<UL><LI><a href="#[15b]">&gt;&gt;</a>&nbsp;&nbsp;&nbsp;NDEF_ReadURI_Geo
</UL>

<P><STRONG><a name="[15b]"></a>NDEF_ReadURI_Geo</STRONG> (Thumb, 56 bytes, Stack size 24 bytes, lib_ndef_geo.o(i.NDEF_ReadURI_Geo))
<BR><BR>[Stack]<UL><LI>Max Depth = 76<LI>Call Chain = NDEF_ReadURI_Geo &rArr; NDEF_FillGeoStruct &rArr; memcmp
</UL>
<BR>[Calls]<UL><LI><a href="#[14c]">&gt;&gt;</a>&nbsp;&nbsp;&nbsp;NDEF_FillGeoStruct
</UL>
<BR>[Called By]<UL><LI><a href="#[15a]">&gt;&gt;</a>&nbsp;&nbsp;&nbsp;NDEF_ReadGeo
</UL>

<P><STRONG><a name="[14a]"></a>NDEF_Extract_M24SRDiscoveryApp_Input</STRONG> (Thumb, 262 bytes, Stack size 32 bytes, lib_ndef_myapp.o(i.NDEF_Extract_M24SRDiscoveryApp_Input))
<BR><BR>[Stack]<UL><LI>Max Depth = 32<LI>Call Chain = NDEF_Extract_M24SRDiscoveryApp_Input
</UL>
<BR>[Calls]<UL><LI><a href="#[9c]">&gt;&gt;</a>&nbsp;&nbsp;&nbsp;__aeabi_memcpy
</UL>
<BR>[Called By]<UL><LI><a href="#[15c]">&gt;&gt;</a>&nbsp;&nbsp;&nbsp;NDEF_ReadMyApp
</UL>

<P><STRONG><a name="[151]"></a>NDEF_IdentifySPRecord</STRONG> (Thumb, 230 bytes, Stack size 40 bytes, lib_ndef.o(i.NDEF_IdentifySPRecord))
<BR><BR>[Stack]<UL><LI>Max Depth = 40 + In Cycle
<LI>Call Chain = NDEF_IdentifySPRecord &rArr;  NDEF_ParseRecordHeader (Cycle)
</UL>
<BR>[Calls]<UL><LI><a href="#[9c]">&gt;&gt;</a>&nbsp;&nbsp;&nbsp;__aeabi_memcpy
<LI><a href="#[150]">&gt;&gt;</a>&nbsp;&nbsp;&nbsp;NDEF_ParseRecordHeader
</UL>
<BR>[Called By]<UL><LI><a href="#[155]">&gt;&gt;</a>&nbsp;&nbsp;&nbsp;NDEF_ParseSP
</UL>

<P><STRONG><a name="[14f]"></a>NDEF_IsNDEFPresent</STRONG> (Thumb, 34 bytes, Stack size 16 bytes, lib_ndef.o(i.NDEF_IsNDEFPresent))
<BR><BR>[Stack]<UL><LI>Max Depth = 152<LI>Call Chain = NDEF_IsNDEFPresent &rArr; M24SR_ReadData &rArr; M24SR_ReadBinary &rArr; M24SR_IsAnswerReady &rArr; M24SR_PollI2C &rArr; delay_us &rArr; TimerDelay_us_Config &rArr; TIM_UpdateRequestConfig
</UL>
<BR>[Calls]<UL><LI><a href="#[13c]">&gt;&gt;</a>&nbsp;&nbsp;&nbsp;M24SR_ReadData
</UL>
<BR>[Called By]<UL><LI><a href="#[14e]">&gt;&gt;</a>&nbsp;&nbsp;&nbsp;NDEF_IdentifyNDEF
</UL>

<P><STRONG><a name="[152]"></a>NDEF_ParseForumExternalType</STRONG> (Thumb, 32 bytes, Stack size 8 bytes, lib_ndef.o(i.NDEF_ParseForumExternalType))
<BR><BR>[Stack]<UL><LI>Max Depth = 20<LI>Call Chain = NDEF_ParseForumExternalType &rArr; memcmp
</UL>
<BR>[Calls]<UL><LI><a href="#[9f]">&gt;&gt;</a>&nbsp;&nbsp;&nbsp;memcmp
</UL>
<BR>[Called By]<UL><LI><a href="#[150]">&gt;&gt;</a>&nbsp;&nbsp;&nbsp;NDEF_ParseRecordHeader
</UL>

<P><STRONG><a name="[153]"></a>NDEF_ParseMediaType</STRONG> (Thumb, 52 bytes, Stack size 8 bytes, lib_ndef.o(i.NDEF_ParseMediaType))
<BR><BR>[Stack]<UL><LI>Max Depth = 20<LI>Call Chain = NDEF_ParseMediaType &rArr; memcmp
</UL>
<BR>[Calls]<UL><LI><a href="#[9f]">&gt;&gt;</a>&nbsp;&nbsp;&nbsp;memcmp
</UL>
<BR>[Called By]<UL><LI><a href="#[150]">&gt;&gt;</a>&nbsp;&nbsp;&nbsp;NDEF_ParseRecordHeader
</UL>

<P><STRONG><a name="[150]"></a>NDEF_ParseRecordHeader</STRONG> (Thumb, 66 bytes, Stack size 16 bytes, lib_ndef.o(i.NDEF_ParseRecordHeader))
<BR><BR>[Stack]<UL><LI>Max Depth = 104<LI>Call Chain = NDEF_ParseRecordHeader &rArr; NDEF_ParseWellKnownType &rArr; NDEF_ParseSP &rArr; NDEF_IdentifySPRecord &rArr;  NDEF_ParseRecordHeader (Cycle)
</UL>
<BR>[Calls]<UL><LI><a href="#[154]">&gt;&gt;</a>&nbsp;&nbsp;&nbsp;NDEF_ParseWellKnownType
<LI><a href="#[153]">&gt;&gt;</a>&nbsp;&nbsp;&nbsp;NDEF_ParseMediaType
<LI><a href="#[152]">&gt;&gt;</a>&nbsp;&nbsp;&nbsp;NDEF_ParseForumExternalType
</UL>
<BR>[Called By]<UL><LI><a href="#[14e]">&gt;&gt;</a>&nbsp;&nbsp;&nbsp;NDEF_IdentifyNDEF
<LI><a href="#[151]">&gt;&gt;</a>&nbsp;&nbsp;&nbsp;NDEF_IdentifySPRecord
</UL>

<P><STRONG><a name="[155]"></a>NDEF_ParseSP</STRONG> (Thumb, 134 bytes, Stack size 32 bytes, lib_ndef.o(i.NDEF_ParseSP))
<BR><BR>[Stack]<UL><LI>Max Depth = 72<LI>Call Chain = NDEF_ParseSP &rArr; NDEF_IdentifySPRecord &rArr;  NDEF_ParseRecordHeader (Cycle)
</UL>
<BR>[Calls]<UL><LI><a href="#[151]">&gt;&gt;</a>&nbsp;&nbsp;&nbsp;NDEF_IdentifySPRecord
</UL>
<BR>[Called By]<UL><LI><a href="#[154]">&gt;&gt;</a>&nbsp;&nbsp;&nbsp;NDEF_ParseWellKnownType
</UL>

<P><STRONG><a name="[156]"></a>NDEF_ParseURI</STRONG> (Thumb, 58 bytes, Stack size 16 bytes, lib_ndef.o(i.NDEF_ParseURI))
<BR><BR>[Stack]<UL><LI>Max Depth = 28<LI>Call Chain = NDEF_ParseURI &rArr; memcmp
</UL>
<BR>[Calls]<UL><LI><a href="#[9f]">&gt;&gt;</a>&nbsp;&nbsp;&nbsp;memcmp
</UL>
<BR>[Called By]<UL><LI><a href="#[154]">&gt;&gt;</a>&nbsp;&nbsp;&nbsp;NDEF_ParseWellKnownType
</UL>

<P><STRONG><a name="[154]"></a>NDEF_ParseWellKnownType</STRONG> (Thumb, 128 bytes, Stack size 16 bytes, lib_ndef.o(i.NDEF_ParseWellKnownType))
<BR><BR>[Stack]<UL><LI>Max Depth = 88<LI>Call Chain = NDEF_ParseWellKnownType &rArr; NDEF_ParseSP &rArr; NDEF_IdentifySPRecord &rArr;  NDEF_ParseRecordHeader (Cycle)
</UL>
<BR>[Calls]<UL><LI><a href="#[9f]">&gt;&gt;</a>&nbsp;&nbsp;&nbsp;memcmp
<LI><a href="#[156]">&gt;&gt;</a>&nbsp;&nbsp;&nbsp;NDEF_ParseURI
<LI><a href="#[155]">&gt;&gt;</a>&nbsp;&nbsp;&nbsp;NDEF_ParseSP
</UL>
<BR>[Called By]<UL><LI><a href="#[150]">&gt;&gt;</a>&nbsp;&nbsp;&nbsp;NDEF_ParseRecordHeader
</UL>

<P><STRONG><a name="[108]"></a>delay</STRONG> (Thumb, 30 bytes, Stack size 12 bytes, drv_lcdspi_ili9341.o(i.delay))
<BR><BR>[Stack]<UL><LI>Max Depth = 12<LI>Call Chain = delay
</UL>
<BR>[Called By]<UL><LI><a href="#[105]">&gt;&gt;</a>&nbsp;&nbsp;&nbsp;LCD_Init
<LI><a href="#[109]">&gt;&gt;</a>&nbsp;&nbsp;&nbsp;LCD_PowerOn
</UL>

<P><STRONG><a name="[92]"></a>BT_AnswerReady</STRONG> (Thumb, 44 bytes, Stack size 8 bytes, drv_bluetooth.o(i.BT_AnswerReady))
<BR><BR>[Stack]<UL><LI>Max Depth = 48<LI>Call Chain = BT_AnswerReady &rArr; delay_ms &rArr; TimerDelay_ms_Config &rArr; TIM_UpdateRequestConfig
</UL>
<BR>[Calls]<UL><LI><a href="#[8f]">&gt;&gt;</a>&nbsp;&nbsp;&nbsp;delay_ms
</UL>
<BR>[Called By]<UL><LI><a href="#[9d]">&gt;&gt;</a>&nbsp;&nbsp;&nbsp;BT_GetMacAddr
<LI><a href="#[99]">&gt;&gt;</a>&nbsp;&nbsp;&nbsp;BT_Enable
<LI><a href="#[a0]">&gt;&gt;</a>&nbsp;&nbsp;&nbsp;BT_Init
<LI><a href="#[96]">&gt;&gt;</a>&nbsp;&nbsp;&nbsp;BT_Disable
</UL>

<P><STRONG><a name="[93]"></a>BT_CLK_Configuration</STRONG> (Thumb, 20 bytes, Stack size 8 bytes, drv_bluetooth.o(i.BT_CLK_Configuration))
<BR><BR>[Stack]<UL><LI>Max Depth = 24<LI>Call Chain = BT_CLK_Configuration &rArr; RCC_AHB1PeriphClockCmd
</UL>
<BR>[Calls]<UL><LI><a href="#[94]">&gt;&gt;</a>&nbsp;&nbsp;&nbsp;RCC_AHB1PeriphClockCmd
<LI><a href="#[95]">&gt;&gt;</a>&nbsp;&nbsp;&nbsp;RCC_APB1PeriphClockCmd
</UL>
<BR>[Called By]<UL><LI><a href="#[a0]">&gt;&gt;</a>&nbsp;&nbsp;&nbsp;BT_Init
</UL>

<P><STRONG><a name="[9a]"></a>BT_GPIO_Configuration</STRONG> (Thumb, 86 bytes, Stack size 16 bytes, drv_bluetooth.o(i.BT_GPIO_Configuration))
<BR><BR>[Stack]<UL><LI>Max Depth = 40<LI>Call Chain = BT_GPIO_Configuration &rArr; GPIO_Init
</UL>
<BR>[Calls]<UL><LI><a href="#[9b]">&gt;&gt;</a>&nbsp;&nbsp;&nbsp;GPIO_Init
</UL>
<BR>[Called By]<UL><LI><a href="#[a0]">&gt;&gt;</a>&nbsp;&nbsp;&nbsp;BT_Init
</UL>

<P><STRONG><a name="[98]"></a>BT_GetAnswer</STRONG> (Thumb, 26 bytes, Stack size 16 bytes, drv_bluetooth.o(i.BT_GetAnswer))
<BR><BR>[Stack]<UL><LI>Max Depth = 16<LI>Call Chain = BT_GetAnswer
</UL>
<BR>[Calls]<UL><LI><a href="#[9c]">&gt;&gt;</a>&nbsp;&nbsp;&nbsp;__aeabi_memcpy
</UL>
<BR>[Called By]<UL><LI><a href="#[9d]">&gt;&gt;</a>&nbsp;&nbsp;&nbsp;BT_GetMacAddr
<LI><a href="#[99]">&gt;&gt;</a>&nbsp;&nbsp;&nbsp;BT_Enable
<LI><a href="#[a0]">&gt;&gt;</a>&nbsp;&nbsp;&nbsp;BT_Init
<LI><a href="#[96]">&gt;&gt;</a>&nbsp;&nbsp;&nbsp;BT_Disable
<LI><a href="#[a6]">&gt;&gt;</a>&nbsp;&nbsp;&nbsp;BT_IsDevicePresent
</UL>

<P><STRONG><a name="[9e]"></a>BT_IdentifyEvent</STRONG> (Thumb, 604 bytes, Stack size 8 bytes, drv_bluetooth.o(i.BT_IdentifyEvent))
<BR><BR>[Stack]<UL><LI>Max Depth = 20<LI>Call Chain = BT_IdentifyEvent &rArr; memcmp
</UL>
<BR>[Calls]<UL><LI><a href="#[9f]">&gt;&gt;</a>&nbsp;&nbsp;&nbsp;memcmp
<LI><a href="#[82]">&gt;&gt;</a>&nbsp;&nbsp;&nbsp;__aeabi_memclr
<LI><a href="#[9c]">&gt;&gt;</a>&nbsp;&nbsp;&nbsp;__aeabi_memcpy
</UL>
<BR>[Called By]<UL><LI><a href="#[5f]">&gt;&gt;</a>&nbsp;&nbsp;&nbsp;UART4_IRQHandler
</UL>

<P><STRONG><a name="[a6]"></a>BT_IsDevicePresent</STRONG> (Thumb, 64 bytes, Stack size 80 bytes, drv_bluetooth.o(i.BT_IsDevicePresent))
<BR><BR>[Stack]<UL><LI>Max Depth = 120<LI>Call Chain = BT_IsDevicePresent &rArr; delay_ms &rArr; TimerDelay_ms_Config &rArr; TIM_UpdateRequestConfig
</UL>
<BR>[Calls]<UL><LI><a href="#[8f]">&gt;&gt;</a>&nbsp;&nbsp;&nbsp;delay_ms
<LI><a href="#[97]">&gt;&gt;</a>&nbsp;&nbsp;&nbsp;BT_SendCommand
<LI><a href="#[98]">&gt;&gt;</a>&nbsp;&nbsp;&nbsp;BT_GetAnswer
</UL>
<BR>[Called By]<UL><LI><a href="#[a0]">&gt;&gt;</a>&nbsp;&nbsp;&nbsp;BT_Init
</UL>

<P><STRONG><a name="[a2]"></a>BT_Reset</STRONG> (Thumb, 22 bytes, Stack size 8 bytes, drv_bluetooth.o(i.BT_Reset))
<BR><BR>[Stack]<UL><LI>Max Depth = 48<LI>Call Chain = BT_Reset &rArr; delay_ms &rArr; TimerDelay_ms_Config &rArr; TIM_UpdateRequestConfig
</UL>
<BR>[Calls]<UL><LI><a href="#[8f]">&gt;&gt;</a>&nbsp;&nbsp;&nbsp;delay_ms
</UL>
<BR>[Called By]<UL><LI><a href="#[a0]">&gt;&gt;</a>&nbsp;&nbsp;&nbsp;BT_Init
</UL>

<P><STRONG><a name="[97]"></a>BT_SendCommand</STRONG> (Thumb, 38 bytes, Stack size 8 bytes, drv_bluetooth.o(i.BT_SendCommand))
<BR><BR>[Stack]<UL><LI>Max Depth = 24<LI>Call Chain = BT_SendCommand &rArr; USART_SendData
</UL>
<BR>[Calls]<UL><LI><a href="#[a8]">&gt;&gt;</a>&nbsp;&nbsp;&nbsp;USART_SendData
<LI><a href="#[a7]">&gt;&gt;</a>&nbsp;&nbsp;&nbsp;USART_GetFlagStatus
</UL>
<BR>[Called By]<UL><LI><a href="#[9d]">&gt;&gt;</a>&nbsp;&nbsp;&nbsp;BT_GetMacAddr
<LI><a href="#[99]">&gt;&gt;</a>&nbsp;&nbsp;&nbsp;BT_Enable
<LI><a href="#[a0]">&gt;&gt;</a>&nbsp;&nbsp;&nbsp;BT_Init
<LI><a href="#[96]">&gt;&gt;</a>&nbsp;&nbsp;&nbsp;BT_Disable
<LI><a href="#[a6]">&gt;&gt;</a>&nbsp;&nbsp;&nbsp;BT_IsDevicePresent
</UL>
<P>
<H3>
Undefined Global Symbols
</H3><HR></body></html>
