<html>
<body>
<pre>
<h1>µVision Build Log</h1>
<h2>Project:</h2>
C:\SVN\M24SR\trunk\Project\M24SR_Example\M24SR\M24SR_DISCOVERY_MB1138-F4\RVMDK\Project.uvproj
Project File Date:  03/07/2014

<h2>Output:</h2>
Build target 'STM32F40_41xxx'
compiling main.c...
compiling menu.c...
compiling drv_I2C_M24SR.c...
compiling drv_M24SR.c...
compiling lib_M24SR.c...
compiling lib_TagType4.c...
compiling lib_NDEF_URI.c...
compiling lib_NDEF_SMS.c...
compiling lib_NDEF_Email.c...
compiling lib_NDEF_Vcard.c...
compiling lib_NDEF_Geo.c...
compiling lib_NDEF_MyApp.c...
compiling lib_NDEF_AAR.c...
compiling lib_NDEF.c...
compiling lib_ISO7816_Password.c...
compiling lib_STProprietary_feature.c...
linking...
Program Size: Code=46708 RO-data=975900 RW-data=2336 ZI-data=12264  
FromELF: creating hex file...
".\Obj\M24SR_DISCOVERY_MB1138_FOR_F4.axf" - 0 Error(s), 0 Warning(s).
