<html>
<body>
<pre>
<h1>µVision Build Log</h1>
<h2>Project:</h2>
C:\SVN\M24SR\trunk\Project\M24SR_Example\M24SR\M24SR_DISCOVERY_MB1138\RVMDK\M24SR_DISCOVERY_MB1138.uvproj
Project File Date:  03/07/2014

<h2>Output:</h2>
Build target 'M24SR_DISCOVERY_MB1138'
compiling main.c...
compiling menu.c...
compiling drv_I2C_M24SR.c...
compiling drv_M24SR.c...
compiling lib_M24SR.c...
compiling lib_TagType4.c...
compiling lib_NDEF_URI.c...
compiling lib_NDEF_SMS.c...
compiling lib_NDEF_Email.c...
compiling lib_NDEF_Vcard.c...
compiling lib_NDEF_Geo.c...
compiling lib_NDEF_MyApp.c...
compiling lib_NDEF_AAR.c...
compiling lib_NDEF.c...
compiling lib_ISO7816_Password.c...
compiling lib_STProprietary_feature.c...
linking...
Program Size: Code=39616 RO-data=975144 RW-data=2340 ZI-data=19428  
FromELF: creating hex file...
".\Obj\M24SR_DISCOVERY_MB1138.axf" - 0 Error(s), 0 Warning(s).
Load "C:\\SVN\\M24SR\\trunk\\Project\\M24SR_Example\\M24SR\\M24SR_DISCOVERY_MB1138\\RVMDK\\Obj\\M24SR_DISCOVERY_MB1138.axf" 
Erase Done.
Programming Done.
Verify OK.
