ARM Linker, 5.03 [Build 69] [MDK-ARM Standard]

==============================================================================

Section Cross References

    main.o(i.IntExtOnOffConfig) refers to stm32f4xx_exti.o(i.EXTI_StructInit) for EXTI_StructInit
    main.o(i.IntExtOnOffConfig) refers to stm32f4xx_exti.o(i.EXTI_Init) for EXTI_Init
    main.o(i.IntExtOnOffConfig) refers to stm32f4xx_exti.o(i.EXTI_ClearITPendingBit) for EXTI_ClearITPendingBit
    main.o(i.LED_Init) refers to drv_led.o(i.LED_Config) for LED_Config
    main.o(i.LED_Show) refers to drv_led.o(i.LED_On) for LED_On
    main.o(i.LED_Show) refers to hw_config.o(i.delay_ms) for delay_ms
    main.o(i.LED_Show) refers to drv_led.o(i.LED_Off) for LED_Off
    main.o(i.M24SR_DemoInit) refers to lib_iso7816_password.o(i.ISO7816_DisableAllPassword) for ISO7816_DisableAllPassword
    main.o(i.SysTick_Configuration) refers to main.o(i.NVIC_SetPriority) for NVIC_SetPriority
    main.o(i.SysTick_Configuration) refers to system_stm32f4xx.o(.data) for SystemCoreClock
    main.o(i.main) refers to stm32f4xx_rcc.o(i.RCC_HSEConfig) for RCC_HSEConfig
    main.o(i.main) refers to stm32f4xx_rcc.o(i.RCC_WaitForHSEStartUp) for RCC_WaitForHSEStartUp
    main.o(i.main) refers to stm32f4xx_flash.o(i.FLASH_PrefetchBufferCmd) for FLASH_PrefetchBufferCmd
    main.o(i.main) refers to stm32f4xx_flash.o(i.FLASH_SetLatency) for FLASH_SetLatency
    main.o(i.main) refers to stm32f4xx_rcc.o(i.RCC_HCLKConfig) for RCC_HCLKConfig
    main.o(i.main) refers to stm32f4xx_rcc.o(i.RCC_PCLK2Config) for RCC_PCLK2Config
    main.o(i.main) refers to stm32f4xx_rcc.o(i.RCC_PCLK1Config) for RCC_PCLK1Config
    main.o(i.main) refers to stm32f4xx_rcc.o(i.RCC_PLLConfig) for RCC_PLLConfig
    main.o(i.main) refers to stm32f4xx_rcc.o(i.RCC_PLLCmd) for RCC_PLLCmd
    main.o(i.main) refers to stm32f4xx_rcc.o(i.RCC_GetFlagStatus) for RCC_GetFlagStatus
    main.o(i.main) refers to stm32f4xx_rcc.o(i.RCC_SYSCLKConfig) for RCC_SYSCLKConfig
    main.o(i.main) refers to stm32f4xx_rcc.o(i.RCC_GetSYSCLKSource) for RCC_GetSYSCLKSource
    main.o(i.main) refers to stm32f4xx_rcc.o(i.RCC_AHB1PeriphClockCmd) for RCC_AHB1PeriphClockCmd
    main.o(i.main) refers to stm32f4xx_rcc.o(i.RCC_APB2PeriphClockCmd) for RCC_APB2PeriphClockCmd
    main.o(i.main) refers to hw_config.o(i.Interrupts_Config) for Interrupts_Config
    main.o(i.main) refers to hw_config.o(i.Timer_Config) for Timer_Config
    main.o(i.main) refers to main.o(i.SysTick_Configuration) for SysTick_Configuration
    main.o(i.main) refers to stm32f4xx_rcc.o(i.RCC_GetClocksFreq) for RCC_GetClocksFreq
    main.o(i.main) refers to menu.o(i.InitJoystick) for InitJoystick
    main.o(i.main) refers to main.o(i.LED_Init) for LED_Init
    main.o(i.main) refers to main.o(i.LED_Show) for LED_Show
    main.o(i.main) refers to drv_lcdspi_ili9341.o(i.LCD_Init) for LCD_Init
    main.o(i.main) refers to menu.o(i.STIntro) for STIntro
    main.o(i.main) refers to lib_tagtype4.o(i.TT4_Init) for TT4_Init
    main.o(i.main) refers to main.o(i.M24SR_DemoInit) for M24SR_DemoInit
    main.o(i.main) refers to drv_m24sr.o(i.M24SR_RFConfig) for M24SR_RFConfig
    main.o(i.main) refers to drv_led.o(i.LED_On) for LED_On
    main.o(i.main) refers to hw_config.o(i.StartPerfMeasurement) for StartPerfMeasurement
    main.o(i.main) refers to drv_bluetooth.o(i.BT_Init) for BT_Init
    main.o(i.main) refers to menu.o(i.ShowMenuIcons) for ShowMenuIcons
    main.o(i.main) refers to main.o(i.IntExtOnOffConfig) for IntExtOnOffConfig
    main.o(i.main) refers to menu.o(i.SelFunc) for SelFunc
    main.o(i.main) refers to main.o(.data) for SELStatus
    menu.o(i.AboutFunc) refers to drv_lcdspi_ili9341.o(i.LCD_Clear) for LCD_Clear
    menu.o(i.AboutFunc) refers to main.o(i.IntExtOnOffConfig) for IntExtOnOffConfig
    menu.o(i.AboutFunc) refers to menu.o(i.WaitDebounce) for WaitDebounce
    menu.o(i.AboutFunc) refers to drv_lcdspi_ili9341.o(i.LCD_SetBackColor) for LCD_SetBackColor
    menu.o(i.AboutFunc) refers to drv_lcdspi_ili9341.o(i.LCD_SetTextColor) for LCD_SetTextColor
    menu.o(i.AboutFunc) refers to drv_lcdspi_ili9341.o(i.LCD_ClearLine) for LCD_ClearLine
    menu.o(i.AboutFunc) refers to drv_lcdspi_ili9341.o(i.LCD_DisplayStringLine) for LCD_DisplayStringLine
    menu.o(i.AboutFunc) refers to menu.o(i.WaitUserAction) for WaitUserAction
    menu.o(i.AboutFunc) refers to menu.o(i.DisplayMenu) for DisplayMenu
    menu.o(i.AntennaPres) refers to drv_lcdspi_ili9341.o(i.LCD_Clear) for LCD_Clear
    menu.o(i.AntennaPres) refers to main.o(i.IntExtOnOffConfig) for IntExtOnOffConfig
    menu.o(i.AntennaPres) refers to menu.o(i.WaitDebounce) for WaitDebounce
    menu.o(i.AntennaPres) refers to drv_lcdspi_ili9341.o(i.LCD_SetBackColor) for LCD_SetBackColor
    menu.o(i.AntennaPres) refers to drv_lcdspi_ili9341.o(i.LCD_SetTextColor) for LCD_SetTextColor
[...]
    TimingDelay                              0x2000000c   Data           4  menu.o(.data)
    .data                                    0x20000870   Section        8  hw_config.o(.data)
    counter_delay_ms                         0x20000870   Data           2  hw_config.o(.data)
    timestamp_us                             0x20000874   Data           4  hw_config.o(.data)
    .data                                    0x20000878   Section        1  drv_i2c_m24sr.o(.data)
    uSynchroMode                             0x20000878   Data           1  drv_i2c_m24sr.o(.data)
    .data                                    0x20000879   Section        2  drv_m24sr.o(.data)
    uDIDbyte                                 0x20000879   Data           1  drv_m24sr.o(.data)
    BlockNumber                              0x2000087a   Data           1  drv_m24sr.o(.data)
    .data                                    0x2000087c   Section        6  lib_m24sr.o(.data)
    NDEFSessionOpenID                        0x2000087c   Data           4  lib_m24sr.o(.data)
    NDEF_FileID                              0x20000880   Data           2  lib_m24sr.o(.data)
    .data                                    0x20000884   Section       12  lib_ndef.o(.data)
    .data                                    0x20000890   Section       16  stm32f4xx_rcc.o(.data)
    APBAHBPrescTable                         0x20000890   Data          16  stm32f4xx_rcc.o(.data)
    .data                                    0x200008a0   Section       16  drv_led.o(.data)
    .data                                    0x200008b0   Section        8  drv_lcdspi_ili9341.o(.data)
    CurrentTextColor                         0x200008b0   Data           2  drv_lcdspi_ili9341.o(.data)
    CurrentBackColor                         0x200008b2   Data           2  drv_lcdspi_ili9341.o(.data)
    TextColor                                0x200008b4   Data           2  drv_lcdspi_ili9341.o(.data)
    BackColor                                0x200008b6   Data           2  drv_lcdspi_ili9341.o(.data)
    .data                                    0x200008b8   Section       84  drv_bluetooth.o(.data)
    rx_index                                 0x20000908   Data           4  drv_bluetooth.o(.data)
    .data                                    0x2000090c   Section       20  system_stm32f4xx.o(.data)
    .bss                                     0x20000920   Section      292  menu.o(.bss)
    .bss                                     0x20000a44   Section      526  drv_m24sr.o(.bss)
    Command                                  0x20000a44   Data          16  drv_m24sr.o(.bss)
    DataBuffer                               0x20000a54   Data         255  drv_m24sr.o(.bss)
    .bss                                     0x20000c52   Section       16  lib_m24sr.o(.bss)
    .bss                                     0x20000c64   Section     8752  lib_tagtype4.o(.bss)
    .bss                                     0x20002e94   Section     1632  lib_ndef.o(.bss)
    .bss                                     0x200034f4   Section       16  drv_led.o(.bss)
    STACK                                    0x20003508   Section     1024  startup_stm32f40_41xxx.o(STACK)

    Global Symbols

    Symbol Name                              Value     Ov Type        Size  Object(Section)

    BuildAttributes$$THM_ISAv4$E$P$D$K$B$S$7EM$VFPi3$EXTD16$VFPS$VFMA$PE$A:L22UL41UL21$X:L11$S22US41US21$IEEE1$IW$USESV6$~STKCKD$USESV7$~SHL$OSPACE$EBA8$MICROLIB$REQ8$PRES8$EABIv2 0x00000000   Number         0  anon$$obj.o ABSOLUTE
    __ARM_use_no_argv                        0x00000000   Number         0  main.o ABSOLUTE
    __cpp_initialize__aeabi_                  - Undefined Weak Reference
    __cxa_finalize                            - Undefined Weak Reference
    _clock_init                               - Undefined Weak Reference
    _microlib_exit                            - Undefined Weak Reference
    __Vectors_Size                           0x00000188   Number         0  startup_stm32f40_41xxx.o ABSOLUTE
    __Vectors                                0x08000000   Data           4  startup_stm32f40_41xxx.o(RESET)
    __Vectors_End                            0x08000188   Data           0  startup_stm32f40_41xxx.o(RESET)
    __main                                   0x08000189   Thumb Code     0  entry.o(.ARM.Collect$$$$00000000)
    _main_stk                                0x08000189   Thumb Code     0  entry2.o(.ARM.Collect$$$$00000001)
    _main_scatterload                        0x0800018d   Thumb Code     0  entry5.o(.ARM.Collect$$$$00000004)
    __main_after_scatterload                 0x08000191   Thumb Code     0  entry5.o(.ARM.Collect$$$$00000004)
    _main_clock                              0x08000191   Thumb Code     0  entry7b.o(.ARM.Collect$$$$00000008)
    _main_cpp_init                           0x08000191   Thumb Code     0  entry8b.o(.ARM.Collect$$$$0000000A)
    _main_init                               0x08000191   Thumb Code     0  entry9a.o(.ARM.Collect$$$$0000000B)
    __rt_final_cpp                           0x08000199   Thumb Code     0  entry10a.o(.ARM.Collect$$$$0000000D)
    __rt_final_exit                          0x08000199   Thumb Code     0  entry11a.o(.ARM.Collect$$$$0000000F)
    Reset_Handler                            0x0800019d   Thumb Code     8  startup_stm32f40_41xxx.o(.text)
    ADC_IRQHandler                           0x080001b7   Thumb Code     0  startup_stm32f40_41xxx.o(.text)
    CAN1_RX0_IRQHandler                      0x080001b7   Thumb Code     0  startup_stm32f40_41xxx.o(.text)
    CAN1_RX1_IRQHandler                      0x080001b7   Thumb Code     0  startup_stm32f40_41xxx.o(.text)
    CAN1_SCE_IRQHandler                      0x080001b7   Thumb Code     0  startup_stm32f40_41xxx.o(.text)
    CAN1_TX_IRQHandler                       0x080001b7   Thumb Code     0  startup_stm32f40_41xxx.o(.text)
    CAN2_RX0_IRQHandler                      0x080001b7   Thumb Code     0  startup_stm32f40_41xxx.o(.text)
    CAN2_RX1_IRQHandler                      0x080001b7   Thumb Code     0  startup_stm32f40_41xxx.o(.text)
    CAN2_SCE_IRQHandler                      0x080001b7   Thumb Code     0  startup_stm32f40_41xxx.o(.text)
    CAN2_TX_IRQHandler                       0x080001b7   Thumb Code     0  startup_stm32f40_41xxx.o(.text)
    CRYP_IRQHandler                          0x080001b7   Thumb Code     0  startup_stm32f40_41xxx.o(.text)
    DCMI_IRQHandler                          0x080001b7   Thumb Code     0  startup_stm32f40_41xxx.o(.text)
    DMA1_Stream0_IRQHandler                  0x080001b7   Thumb Code     0  startup_stm32f40_41xxx.o(.text)
    DMA1_Stream1_IRQHandler                  0x080001b7   Thumb Code     0  startup_stm32f40_41xxx.o(.text)
    DMA1_Stream2_IRQHandler                  0x080001b7   Thumb Code     0  startup_stm32f40_41xxx.o(.text)
    DMA1_Stream3_IRQHandler                  0x080001b7   Thumb Code     0  startup_stm32f40_41xxx.o(.text)
    DMA1_Stream4_IRQHandler                  0x080001b7   Thumb Code     0  startup_stm32f40_41xxx.o(.text)
    DMA1_Stream5_IRQHandler                  0x080001b7   Thumb Code     0  startup_stm32f40_41xxx.o(.text)
    DMA1_Stream6_IRQHandler                  0x080001b7   Thumb Code     0  startup_stm32f40_41xxx.o(.text)
    DMA1_Stream7_IRQHandler                  0x080001b7   Thumb Code     0  startup_stm32f40_41xxx.o(.text)
    DMA2_Stream0_IRQHandler                  0x080001b7   Thumb Code     0  startup_stm32f40_41xxx.o(.text)
    DMA2_Stream1_IRQHandler                  0x080001b7   Thumb Code     0  startup_stm32f40_41xxx.o(.text)
    DMA2_Stream2_IRQHandler                  0x080001b7   Thumb Code     0  startup_stm32f40_41xxx.o(.text)
    DMA2_Stream3_IRQHandler                  0x080001b7   Thumb Code     0  startup_stm32f40_41xxx.o(.text)
    DMA2_Stream4_IRQHandler                  0x080001b7   Thumb Code     0  startup_stm32f40_41xxx.o(.text)
    DMA2_Stream5_IRQHandler                  0x080001b7   Thumb Code     0  startup_stm32f40_41xxx.o(.text)
    DMA2_Stream6_IRQHandler                  0x080001b7   Thumb Code     0  startup_stm32f40_41xxx.o(.text)
    DMA2_Stream7_IRQHandler                  0x080001b7   Thumb Code     0  startup_stm32f40_41xxx.o(.text)
    ETH_IRQHandler                           0x080001b7   Thumb Code     0  startup_stm32f40_41xxx.o(.text)
    ETH_WKUP_IRQHandler                      0x080001b7   Thumb Code     0  startup_stm32f40_41xxx.o(.text)
    EXTI0_IRQHandler                         0x080001b7   Thumb Code     0  startup_stm32f40_41xxx.o(.text)
    EXTI15_10_IRQHandler                     0x080001b7   Thumb Code     0  startup_stm32f40_41xxx.o(.text)
    EXTI1_IRQHandler                         0x080001b7   Thumb Code     0  startup_stm32f40_41xxx.o(.text)
    EXTI2_IRQHandler                         0x080001b7   Thumb Code     0  startup_stm32f40_41xxx.o(.text)
    EXTI3_IRQHandler                         0x080001b7   Thumb Code     0  startup_stm32f40_41xxx.o(.text)
    EXTI4_IRQHandler                         0x080001b7   Thumb Code     0  startup_stm32f40_41xxx.o(.text)
    FLASH_IRQHandler                         0x080001b7   Thumb Code     0  startup_stm32f40_41xxx.o(.text)
    FPU_IRQHandler                           0x080001b7   Thumb Code     0  startup_stm32f40_41xxx.o(.text)
    FSMC_IRQHandler                          0x080001b7   Thumb Code     0  startup_stm32f40_41xxx.o(.text)
    HASH_RNG_IRQHandler                      0x080001b7   Thumb Code     0  startup_stm32f40_41xxx.o(.text)
    I2C1_ER_IRQHandler                       0x080001b7   Thumb Code     0  startup_stm32f40_41xxx.o(.text)
    I2C1_EV_IRQHandler                       0x080001b7   Thumb Code     0  startup_stm32f40_41xxx.o(.text)
    I2C2_ER_IRQHandler                       0x080001b7   Thumb Code     0  startup_stm32f40_41xxx.o(.text)
    I2C2_EV_IRQHandler                       0x080001b7   Thumb Code     0  startup_stm32f40_41xxx.o(.text)
    I2C3_ER_IRQHandler                       0x080001b7   Thumb Code     0  startup_stm32f40_41xxx.o(.text)
    I2C3_EV_IRQHandler                       0x080001b7   Thumb Code     0  startup_stm32f40_41xxx.o(.text)
    OTG_FS_IRQHandler                        0x080001b7   Thumb Code     0  startup_stm32f40_41xxx.o(.text)
    OTG_FS_WKUP_IRQHandler                   0x080001b7   Thumb Code     0  startup_stm32f40_41xxx.o(.text)
    OTG_HS_EP1_IN_IRQHandler                 0x080001b7   Thumb Code     0  startup_stm32f40_41xxx.o(.text)
    OTG_HS_EP1_OUT_IRQHandler                0x080001b7   Thumb Code     0  startup_stm32f40_41xxx.o(.text)
    OTG_HS_IRQHandler                        0x080001b7   Thumb Code     0  startup_stm32f40_41xxx.o(.text)
    OTG_HS_WKUP_IRQHandler                   0x080001b7   Thumb Code     0  startup_stm32f40_41xxx.o(.text)
    PVD_IRQHandler                           0x080001b7   Thumb Code     0  startup_stm32f40_41xxx.o(.text)
    RCC_IRQHandler                           0x080001b7   Thumb Code     0  startup_stm32f40_41xxx.o(.text)
    RTC_Alarm_IRQHandler                     0x080001b7   Thumb Code     0  startup_stm32f40_41xxx.o(.text)
    RTC_WKUP_IRQHandler                      0x080001b7   Thumb Code     0  startup_stm32f40_41xxx.o(.text)
    SDIO_IRQHandler                          0x080001b7   Thumb Code     0  startup_stm32f40_41xxx.o(.text)
    SPI1_IRQHandler                          0x080001b7   Thumb Code     0  startup_stm32f40_41xxx.o(.text)
    SPI2_IRQHandler                          0x080001b7   Thumb Code     0  startup_stm32f40_41xxx.o(.text)
    SPI3_IRQHandler                          0x080001b7   Thumb Code     0  startup_stm32f40_41xxx.o(.text)
    TAMP_STAMP_IRQHandler                    0x080001b7   Thumb Code     0  startup_stm32f40_41xxx.o(.text)
    TIM1_BRK_TIM9_IRQHandler                 0x080001b7   Thumb Code     0  startup_stm32f40_41xxx.o(.text)
    TIM1_CC_IRQHandler                       0x080001b7   Thumb Code     0  startup_stm32f40_41xxx.o(.text)
    TIM1_TRG_COM_TIM11_IRQHandler            0x080001b7   Thumb Code     0  startup_stm32f40_41xxx.o(.text)
    TIM1_UP_TIM10_IRQHandler                 0x080001b7   Thumb Code     0  startup_stm32f40_41xxx.o(.text)
    TIM4_IRQHandler                          0x080001b7   Thumb Code     0  startup_stm32f40_41xxx.o(.text)
    TIM5_IRQHandler                          0x080001b7   Thumb Code     0  startup_stm32f40_41xxx.o(.text)
    TIM6_DAC_IRQHandler                      0x080001b7   Thumb Code     0  startup_stm32f40_41xxx.o(.text)
    TIM7_IRQHandler                          0x080001b7   Thumb Code     0  startup_stm32f40_41xxx.o(.text)
    TIM8_BRK_TIM12_IRQHandler                0x080001b7   Thumb Code     0  startup_stm32f40_41xxx.o(.text)
    TIM8_CC_IRQHandler                       0x080001b7   Thumb Code     0  startup_stm32f40_41xxx.o(.text)
    TIM8_TRG_COM_TIM14_IRQHandler            0x080001b7   Thumb Code     0  startup_stm32f40_41xxx.o(.text)
    TIM8_UP_TIM13_IRQHandler                 0x080001b7   Thumb Code     0  startup_stm32f40_41xxx.o(.text)
    UART5_IRQHandler                         0x080001b7   Thumb Code     0  startup_stm32f40_41xxx.o(.text)
    USART1_IRQHandler                        0x080001b7   Thumb Code     0  startup_stm32f40_41xxx.o(.text)
    USART2_IRQHandler                        0x080001b7   Thumb Code     0  startup_stm32f40_41xxx.o(.text)
    USART3_IRQHandler                        0x080001b7   Thumb Code     0  startup_stm32f40_41xxx.o(.text)
    USART6_IRQHandler                        0x080001b7   Thumb Code     0  startup_stm32f40_41xxx.o(.text)
    WWDG_IRQHandler                          0x080001b7   Thumb Code     0  startup_stm32f40_41xxx.o(.text)
    __aeabi_memcpy                           0x080001c1   Thumb Code    36  memcpya.o(.text)
    __aeabi_memcpy4                          0x080001c1   Thumb Code     0  memcpya.o(.text)
    __aeabi_memcpy8                          0x080001c1   Thumb Code     0  memcpya.o(.text)
    __aeabi_memset                           0x080001e5   Thumb Code    14  memseta.o(.text)
    __aeabi_memset4                          0x080001e5   Thumb Code     0  memseta.o(.text)
    __aeabi_memset8                          0x080001e5   Thumb Code     0  memseta.o(.text)
    __aeabi_memclr                           0x080001f3   Thumb Code     4  memseta.o(.text)
    __aeabi_memclr4                          0x080001f3   Thumb Code     0  memseta.o(.text)
    __aeabi_memclr8                          0x080001f3   Thumb Code     0  memseta.o(.text)
    _memset$wrapper                          0x080001f7   Thumb Code    18  memseta.o(.text)
    strlen                                   0x08000209   Thumb Code    14  strlen.o(.text)
    memcmp                                   0x08000217   Thumb Code    26  memcmp.o(.text)
    __scatterload                            0x08000231   Thumb Code    28  init.o(.text)
    __scatterload_rt2                        0x08000231   Thumb Code     0  init.o(.text)
    __decompress                             0x08000255   Thumb Code     0  __dczerorl2.o(.text)
    __decompress1                            0x08000255   Thumb Code    92  __dczerorl2.o(.text)
    BT_Disable                               0x0800050d   Thumb Code    30  drv_bluetooth.o(i.BT_Disable)
    BT_Enable                                0x08000539   Thumb Code    26  drv_bluetooth.o(i.BT_Enable)
    BT_GetMacAddr                            0x080005e1   Thumb Code    24  drv_bluetooth.o(i.BT_GetMacAddr)
    BT_Init                                  0x08000929   Thumb Code   156  drv_bluetooth.o(i.BT_Init)
    BusFault_Handler                         0x08000a81   Thumb Code     4  stm32f4xx_it.o(i.BusFault_Handler)
    DebugMon_Handler                         0x08000b41   Thumb Code     2  stm32f4xx_it.o(i.DebugMon_Handler)
    DownFunc                                 0x080026c9   Thumb Code   162  menu.o(i.DownFunc)
    EXTI9_5_IRQHandler                       0x08002785   Thumb Code    64  stm32f4xx_it.o(i.EXTI9_5_IRQHandler)
    EXTI_ClearITPendingBit                   0x080027c9   Thumb Code    30  stm32f4xx_exti.o(i.EXTI_ClearITPendingBit)
    EXTI_GetITStatus                         0x080027f1   Thumb Code   158  stm32f4xx_exti.o(i.EXTI_GetITStatus)
    EXTI_Init                                0x08002899   Thumb Code   236  stm32f4xx_exti.o(i.EXTI_Init)
    EXTI_StructInit                          0x0800298d   Thumb Code    16  stm32f4xx_exti.o(i.EXTI_StructInit)
    FLASH_PrefetchBufferCmd                  0x08002fcd   Thumb Code    52  stm32f4xx_flash.o(i.FLASH_PrefetchBufferCmd)
    FLASH_SetLatency                         0x08003009   Thumb Code    82  stm32f4xx_flash.o(i.FLASH_SetLatency)
    GPIO_Init                                0x08003065   Thumb Code   354  stm32f4xx_gpio.o(i.GPIO_Init)
    GPIO_PinAFConfig                         0x080031f9   Thumb Code   352  stm32f4xx_gpio.o(i.GPIO_PinAFConfig)
    GPIO_ReadInputDataBit                    0x08003389   Thumb Code   194  stm32f4xx_gpio.o(i.GPIO_ReadInputDataBit)
    GPIO_ResetBits                           0x0800347d   Thumb Code   106  stm32f4xx_gpio.o(i.GPIO_ResetBits)
    GPIO_SetBits                             0x08003519   Thumb Code   106  stm32f4xx_gpio.o(i.GPIO_SetBits)
    GPIO_WriteBit                            0x080035b5   Thumb Code   206  stm32f4xx_gpio.o(i.GPIO_WriteBit)
    GetElapsed_us                            0x080036b5   Thumb Code     6  hw_config.o(i.GetElapsed_us)
    HardFault_Handler                        0x080036c1   Thumb Code     4  stm32f4xx_it.o(i.HardFault_Handler)
    I2C_AcknowledgeConfig                    0x0800370d   Thumb Code    78  stm32f4xx_i2c.o(i.I2C_AcknowledgeConfig)
    I2C_CheckEvent                           0x0800376d   Thumb Code   228  stm32f4xx_i2c.o(i.I2C_CheckEvent)
    I2C_ClearFlag                            0x08003865   Thumb Code    70  stm32f4xx_i2c.o(i.I2C_ClearFlag)
    I2C_Cmd                                  0x080038bd   Thumb Code    78  stm32f4xx_i2c.o(i.I2C_Cmd)
    I2C_DeInit                               0x0800391d   Thumb Code   110  stm32f4xx_i2c.o(i.I2C_DeInit)
    I2C_GenerateSTART                        0x0800399d   Thumb Code    78  stm32f4xx_i2c.o(i.I2C_GenerateSTART)
    I2C_GenerateSTOP                         0x080039fd   Thumb Code    78  stm32f4xx_i2c.o(i.I2C_GenerateSTOP)
    I2C_GetFlagStatus                        0x08003a5d   Thumb Code   224  stm32f4xx_i2c.o(i.I2C_GetFlagStatus)
    I2C_Init                                 0x08003b65   Thumb Code   388  stm32f4xx_i2c.o(i.I2C_Init)
    I2C_ReadRegister                         0x08003d09   Thumb Code   100  stm32f4xx_i2c.o(i.I2C_ReadRegister)
    I2C_ReceiveData                          0x08003d7d   Thumb Code    40  stm32f4xx_i2c.o(i.I2C_ReceiveData)
    I2C_Send7bitAddress                      0x08003db5   Thumb Code    72  stm32f4xx_i2c.o(i.I2C_Send7bitAddress)
    I2C_SendData                             0x08003e0d   Thumb Code    40  stm32f4xx_i2c.o(i.I2C_SendData)
    ISO7816_DisableAllPassword               0x08003e45   Thumb Code    42  lib_iso7816_password.o(i.ISO7816_DisableAllPassword)
    ISO7816_DisableReadPwd                   0x08003e6f   Thumb Code    40  lib_iso7816_password.o(i.ISO7816_DisableReadPwd)
    ISO7816_DisableWritePwd                  0x08003e97   Thumb Code    40  lib_iso7816_password.o(i.ISO7816_DisableWritePwd)
    ISO7816_EnableReadPwd                    0x08003ebf   Thumb Code    44  lib_iso7816_password.o(i.ISO7816_EnableReadPwd)
    ISO7816_EnableWritePwd                   0x08003eeb   Thumb Code    44  lib_iso7816_password.o(i.ISO7816_EnableWritePwd)
    InitJoystick                             0x08003f19   Thumb Code   134  menu.o(i.InitJoystick)
    IntExtOnOffConfig                        0x08003fa5   Thumb Code    72  main.o(i.IntExtOnOffConfig)
    Interrupts_Config                        0x08003fed   Thumb Code   124  hw_config.o(i.Interrupts_Config)
    IsBTModulePresent                        0x08004069   Thumb Code     6  drv_bluetooth.o(i.IsBTModulePresent)
    IsLED_On                                 0x08004075   Thumb Code    18  drv_led.o(i.IsLED_On)
    LCD_ChipSelect                           0x080040a1   Thumb Code    30  drv_lcdspi_ili9341.o(i.LCD_ChipSelect)
    LCD_Clear                                0x080040c5   Thumb Code    48  drv_lcdspi_ili9341.o(i.LCD_Clear)
    LCD_ClearLine                            0x080040f5   Thumb Code    40  drv_lcdspi_ili9341.o(i.LCD_ClearLine)
    LCD_CtrlLinesConfig_ILI9341              0x08004121   Thumb Code     2  drv_lcdspi_ili9341.o(i.LCD_CtrlLinesConfig_ILI9341)
    LCD_CtrlLinesWrite                       0x08004123   Thumb Code    20  drv_lcdspi_ili9341.o(i.LCD_CtrlLinesWrite)
    LCD_DisplayChar                          0x08004139   Thumb Code    34  drv_lcdspi_ili9341.o(i.LCD_DisplayChar)
    LCD_DisplayStringLine                    0x08004161   Thumb Code    46  drv_lcdspi_ili9341.o(i.LCD_DisplayStringLine)
    LCD_DisplayStringLineWSize               0x08004191   Thumb Code    78  drv_lcdspi_ili9341.o(i.LCD_DisplayStringLineWSize)
    LCD_DrawChar                             0x080041e5   Thumb Code   172  drv_lcdspi_ili9341.o(i.LCD_DrawChar)
    LCD_DrawFullRect                         0x0800429d   Thumb Code    42  drv_lcdspi_ili9341.o(i.LCD_DrawFullRect)
    LCD_DrawLine                             0x080042c9   Thumb Code    76  drv_lcdspi_ili9341.o(i.LCD_DrawLine)
    LCD_DrawRect                             0x08004319   Thumb Code    68  drv_lcdspi_ili9341.o(i.LCD_DrawRect)
    LCD_Init                                 0x0800435d   Thumb Code    22  drv_lcdspi_ili9341.o(i.LCD_Init)
    LCD_PowerOn                              0x08004375   Thumb Code   778  drv_lcdspi_ili9341.o(i.LCD_PowerOn)
    LCD_SPIConfig                            0x08004689   Thumb Code   228  drv_lcdspi_ili9341.o(i.LCD_SPIConfig)
    LCD_SetBackColor                         0x08004779   Thumb Code    12  drv_lcdspi_ili9341.o(i.LCD_SetBackColor)
    LCD_SetCursor                            0x08004789   Thumb Code   108  drv_lcdspi_ili9341.o(i.LCD_SetCursor)
    LCD_SetCursor_onwindows                  0x080047f9   Thumb Code   212  drv_lcdspi_ili9341.o(i.LCD_SetCursor_onwindows)
    LCD_SetDisplayWindow                     0x080048d1   Thumb Code   128  drv_lcdspi_ili9341.o(i.LCD_SetDisplayWindow)
    LCD_SetTextColor                         0x08004955   Thumb Code    12  drv_lcdspi_ili9341.o(i.LCD_SetTextColor)
    LCD_WindowModeDisable                    0x08004965   Thumb Code    18  drv_lcdspi_ili9341.o(i.LCD_WindowModeDisable)
    LCD_WriteBMP_FAT                         0x08004979   Thumb Code   130  drv_lcdspi_ili9341.o(i.LCD_WriteBMP_FAT)
    LCD_WriteCommand                         0x08004a01   Thumb Code    50  drv_lcdspi_ili9341.o(i.LCD_WriteCommand)
    LCD_WriteData                            0x08004a3d   Thumb Code    50  drv_lcdspi_ili9341.o(i.LCD_WriteData)
    LCD_WriteRAM                             0x08004a79   Thumb Code    12  drv_lcdspi_ili9341.o(i.LCD_WriteRAM)
    LCD_WriteRAM_Close                       0x08004a85   Thumb Code    22  drv_lcdspi_ili9341.o(i.LCD_WriteRAM_Close)
    LCD_WriteRAM_Prepare                     0x08004aa5   Thumb Code    28  drv_lcdspi_ili9341.o(i.LCD_WriteRAM_Prepare)
    LCD_nCS_StartByte                        0x08004ac5   Thumb Code    34  drv_lcdspi_ili9341.o(i.LCD_nCS_StartByte)
    LED_Config                               0x08004af1   Thumb Code    68  drv_led.o(i.LED_Config)
    LED_Off                                  0x08004b5d   Thumb Code    34  drv_led.o(i.LED_Off)
    LED_On                                   0x08004b8d   Thumb Code    32  drv_led.o(i.LED_On)
    M24SR_ChangeReferenceData                0x0800523d   Thumb Code   160  drv_m24sr.o(i.M24SR_ChangeReferenceData)
    M24SR_CloseNDEFSession                   0x080052e5   Thumb Code    66  lib_m24sr.o(i.M24SR_CloseNDEFSession)
    M24SR_Deselect                           0x0800536d   Thumb Code    88  drv_m24sr.o(i.M24SR_Deselect)
    M24SR_DisableAllPassword                 0x080053cd   Thumb Code    70  lib_m24sr.o(i.M24SR_DisableAllPassword)
    M24SR_DisablePermanentState              0x08005415   Thumb Code   144  drv_m24sr.o(i.M24SR_DisablePermanentState)
    M24SR_DisableReadOnly                    0x080054ad   Thumb Code    42  lib_m24sr.o(i.M24SR_DisableReadOnly)
    M24SR_DisableReadPassword                0x080054dd   Thumb Code    36  lib_m24sr.o(i.M24SR_DisableReadPassword)
    M24SR_DisableVerificationRequirement     0x08005501   Thumb Code   144  drv_m24sr.o(i.M24SR_DisableVerificationRequirement)
    M24SR_DisableWriteOnly                   0x08005599   Thumb Code    42  lib_m24sr.o(i.M24SR_DisableWriteOnly)
    M24SR_DisableWritePassword               0x080055c9   Thumb Code    36  lib_m24sr.o(i.M24SR_DisableWritePassword)
    M24SR_EnablePermanentState               0x080055ed   Thumb Code   144  drv_m24sr.o(i.M24SR_EnablePermanentState)
    M24SR_EnableReadOnly                     0x08005685   Thumb Code    36  lib_m24sr.o(i.M24SR_EnableReadOnly)
    M24SR_EnableReadPassword                 0x080056a9   Thumb Code    46  lib_m24sr.o(i.M24SR_EnableReadPassword)
    M24SR_EnableVerificationRequirement      0x080056d9   Thumb Code   144  drv_m24sr.o(i.M24SR_EnableVerificationRequirement)
    M24SR_EnableWriteOnly                    0x08005771   Thumb Code    36  lib_m24sr.o(i.M24SR_EnableWriteOnly)
    M24SR_EnableWritePassword                0x08005795   Thumb Code    46  lib_m24sr.o(i.M24SR_EnableWritePassword)
    M24SR_ForceReadData                      0x0800584d   Thumb Code    92  lib_m24sr.o(i.M24SR_ForceReadData)
    M24SR_GetNDEFFileId                      0x080058a9   Thumb Code    28  lib_m24sr.o(i.M24SR_GetNDEFFileId)
    M24SR_GetSession                         0x080058c9   Thumb Code    58  drv_m24sr.o(i.M24SR_GetSession)
    M24SR_I2CInit                            0x08005909   Thumb Code   200  drv_i2c_m24sr.o(i.M24SR_I2CInit)
    M24SR_Init                               0x080059e1   Thumb Code    26  drv_m24sr.o(i.M24SR_Init)
    M24SR_Initialization                     0x08005a21   Thumb Code   190  lib_m24sr.o(i.M24SR_Initialization)
    M24SR_IsAnswerReady                      0x08005ae5   Thumb Code    98  drv_i2c_m24sr.o(i.M24SR_IsAnswerReady)
    M24SR_KillSession                        0x08005ba1   Thumb Code    66  drv_m24sr.o(i.M24SR_KillSession)
    M24SR_ManageGPO                          0x08005bed   Thumb Code    30  lib_m24sr.o(i.M24SR_ManageGPO)
    M24SR_ManageI2CGPO                       0x08005c0b   Thumb Code   102  drv_m24sr.o(i.M24SR_ManageI2CGPO)
    M24SR_ManageRFGPO                        0x08005c71   Thumb Code    86  drv_m24sr.o(i.M24SR_ManageRFGPO)
    M24SR_OpenNDEFSession                    0x08005cc9   Thumb Code   158  lib_m24sr.o(i.M24SR_OpenNDEFSession)
    M24SR_PollI2C                            0x08005d71   Thumb Code   200  drv_i2c_m24sr.o(i.M24SR_PollI2C)
    M24SR_RFConfig                           0x08005e45   Thumb Code    12  drv_m24sr.o(i.M24SR_RFConfig)
    M24SR_RFConfig_Hard                      0x08005e51   Thumb Code    18  drv_i2c_m24sr.o(i.M24SR_RFConfig_Hard)
    M24SR_ReadBinary                         0x08005e69   Thumb Code   158  drv_m24sr.o(i.M24SR_ReadBinary)
    M24SR_ReadData                           0x08005f11   Thumb Code    92  lib_m24sr.o(i.M24SR_ReadData)
    M24SR_ReceiveI2Cresponse                 0x08005f6d   Thumb Code   284  drv_i2c_m24sr.o(i.M24SR_ReceiveI2Cresponse)
    M24SR_STReadBinary                       0x080060a1   Thumb Code   158  drv_m24sr.o(i.M24SR_STReadBinary)
    M24SR_SelectApplication                  0x08006149   Thumb Code   180  drv_m24sr.o(i.M24SR_SelectApplication)
    M24SR_SelectCCfile                       0x0800620d   Thumb Code   168  drv_m24sr.o(i.M24SR_SelectCCfile)
    M24SR_SelectNDEFfile                     0x080062bd   Thumb Code   164  drv_m24sr.o(i.M24SR_SelectNDEFfile)
    M24SR_SelectSystemfile                   0x08006369   Thumb Code   168  drv_m24sr.o(i.M24SR_SelectSystemfile)
    M24SR_SendI2Ccommand                     0x08006419   Thumb Code   224  drv_i2c_m24sr.o(i.M24SR_SendI2Ccommand)
    M24SR_SetI2CSynchroMode                  0x0800650d   Thumb Code     6  drv_i2c_m24sr.o(i.M24SR_SetI2CSynchroMode)
    M24SR_UpdateBinary                       0x08006519   Thumb Code   184  drv_m24sr.o(i.M24SR_UpdateBinary)
    M24SR_Verify                             0x080065fd   Thumb Code   204  drv_m24sr.o(i.M24SR_Verify)
    M24SR_WriteData                          0x080066d1   Thumb Code    92  lib_m24sr.o(i.M24SR_WriteData)
    MemManage_Handler                        0x0800672d   Thumb Code     4  stm32f4xx_it.o(i.MemManage_Handler)
    NDEF_AddAAR                              0x08006765   Thumb Code   242  lib_ndef_aar.o(i.NDEF_AddAAR)
    NDEF_IdentifyNDEF                        0x08006dc1   Thumb Code   330  lib_ndef.o(i.NDEF_IdentifyNDEF)
    NDEF_ReadEmail                           0x080076a9   Thumb Code   142  lib_ndef_email.o(i.NDEF_ReadEmail)
    NDEF_ReadGeo                             0x08007737   Thumb Code   166  lib_ndef_geo.o(i.NDEF_ReadGeo)
    NDEF_ReadMyApp                           0x080077dd   Thumb Code    34  lib_ndef_myapp.o(i.NDEF_ReadMyApp)
    NDEF_ReadSMS                             0x080077ff   Thumb Code   166  lib_ndef_sms.o(i.NDEF_ReadSMS)
    NDEF_ReadURI                             0x080078a5   Thumb Code   148  lib_ndef_uri.o(i.NDEF_ReadURI)
    NDEF_ReadVcard                           0x080079e1   Thumb Code    30  lib_ndef_vcard.o(i.NDEF_ReadVcard)
    NDEF_WriteEmail                          0x08007a01   Thumb Code   702  lib_ndef_email.o(i.NDEF_WriteEmail)
    NDEF_WriteGeo                            0x08007cf9   Thumb Code   558  lib_ndef_geo.o(i.NDEF_WriteGeo)
    NDEF_WriteNDEF                           0x08007f49   Thumb Code    52  lib_ndef.o(i.NDEF_WriteNDEF)
    NDEF_WriteSMS                            0x08007f7d   Thumb Code   580  lib_ndef_sms.o(i.NDEF_WriteSMS)
    NDEF_WriteURI                            0x080081e9   Thumb Code   774  lib_ndef_uri.o(i.NDEF_WriteURI)
    NMI_Handler                              0x08008699   Thumb Code     2  stm32f4xx_it.o(i.NMI_Handler)
    NVIC_Init                                0x0800869d   Thumb Code   166  misc.o(i.NVIC_Init)
    NVIC_PriorityGroupConfig                 0x08008791   Thumb Code    54  misc.o(i.NVIC_PriorityGroupConfig)
    PendSV_Handler                           0x08008839   Thumb Code     2  stm32f4xx_it.o(i.PendSV_Handler)
    RCC_AHB1PeriphClockCmd                   0x08008a99   Thumb Code    70  stm32f4xx_rcc.o(i.RCC_AHB1PeriphClockCmd)
    RCC_APB1PeriphClockCmd                   0x08008aed   Thumb Code    70  stm32f4xx_rcc.o(i.RCC_APB1PeriphClockCmd)
    RCC_APB1PeriphResetCmd                   0x08008b41   Thumb Code    70  stm32f4xx_rcc.o(i.RCC_APB1PeriphResetCmd)
    RCC_APB2PeriphClockCmd                   0x08008b95   Thumb Code    70  stm32f4xx_rcc.o(i.RCC_APB2PeriphClockCmd)
    RCC_APB2PeriphResetCmd                   0x08008be9   Thumb Code    70  stm32f4xx_rcc.o(i.RCC_APB2PeriphResetCmd)
    RCC_GetClocksFreq                        0x08008c3d   Thumb Code   214  stm32f4xx_rcc.o(i.RCC_GetClocksFreq)
    RCC_GetFlagStatus                        0x08008d25   Thumb Code   134  stm32f4xx_rcc.o(i.RCC_GetFlagStatus)
    RCC_GetSYSCLKSource                      0x08008db5   Thumb Code    10  stm32f4xx_rcc.o(i.RCC_GetSYSCLKSource)
    RCC_HCLKConfig                           0x08008dc5   Thumb Code    66  stm32f4xx_rcc.o(i.RCC_HCLKConfig)
    RCC_HSEConfig                            0x08008e11   Thumb Code    38  stm32f4xx_rcc.o(i.RCC_HSEConfig)
    RCC_PCLK1Config                          0x08008e41   Thumb Code    58  stm32f4xx_rcc.o(i.RCC_PCLK1Config)
    RCC_PCLK2Config                          0x08008e85   Thumb Code    60  stm32f4xx_rcc.o(i.RCC_PCLK2Config)
    RCC_PLLCmd                               0x08008ec9   Thumb Code    28  stm32f4xx_rcc.o(i.RCC_PLLCmd)
    RCC_PLLConfig                            0x08008eed   Thumb Code   154  stm32f4xx_rcc.o(i.RCC_PLLConfig)
    RCC_SYSCLKConfig                         0x08008f91   Thumb Code    42  stm32f4xx_rcc.o(i.RCC_SYSCLKConfig)
    RCC_WaitForHSEStartUp                    0x08008fc5   Thumb Code    56  stm32f4xx_rcc.o(i.RCC_WaitForHSEStartUp)
    SPI_Cmd                                  0x08009671   Thumb Code    96  stm32f4xx_spi.o(i.SPI_Cmd)
    SPI_DataSizeConfig                       0x080096ed   Thumb Code    92  stm32f4xx_spi.o(i.SPI_DataSizeConfig)
    SPI_I2S_DeInit                           0x08009765   Thumb Code   198  stm32f4xx_spi.o(i.SPI_I2S_DeInit)
    SPI_I2S_GetFlagStatus                    0x08009849   Thumb Code   134  stm32f4xx_spi.o(i.SPI_I2S_GetFlagStatus)
    SPI_I2S_SendData                         0x080098f1   Thumb Code    70  stm32f4xx_spi.o(i.SPI_I2S_SendData)
    SPI_Init                                 0x08009959   Thumb Code   366  stm32f4xx_spi.o(i.SPI_Init)
    STIntro                                  0x08009ae5   Thumb Code    14  menu.o(i.STIntro)
    STProprietary_DisableReadOnly            0x08009af9   Thumb Code    40  lib_stproprietary_feature.o(i.STProprietary_DisableReadOnly)
    STProprietary_DisableWriteOnly           0x08009b21   Thumb Code    40  lib_stproprietary_feature.o(i.STProprietary_DisableWriteOnly)
    STProprietary_EnableReadOnly             0x08009b49   Thumb Code    40  lib_stproprietary_feature.o(i.STProprietary_EnableReadOnly)
    STProprietary_EnableWriteOnly            0x08009b71   Thumb Code    40  lib_stproprietary_feature.o(i.STProprietary_EnableWriteOnly)
    STProprietary_GPOConfig                  0x08009b99   Thumb Code    44  lib_stproprietary_feature.o(i.STProprietary_GPOConfig)
    SVC_Handler                              0x08009bc5   Thumb Code     2  stm32f4xx_it.o(i.SVC_Handler)
    SYSCFG_EXTILineConfig                    0x08009bc9   Thumb Code   188  stm32f4xx_syscfg.o(i.SYSCFG_EXTILineConfig)
    SelFunc                                  0x08009c8d   Thumb Code    90  menu.o(i.SelFunc)
    ShowMenuIcons                            0x08009d01   Thumb Code   660  menu.o(i.ShowMenuIcons)
    StartPerfMeasurement                     0x08009fb5   Thumb Code    30  hw_config.o(i.StartPerfMeasurement)
    SysTick_Configuration                    0x0800a041   Thumb Code    72  main.o(i.SysTick_Configuration)
    SysTick_Handler                          0x0800a08d   Thumb Code     2  stm32f4xx_it.o(i.SysTick_Handler)
    SystemInit                               0x0800a091   Thumb Code    82  system_stm32f4xx.o(i.SystemInit)
    TIM2_IRQHandler                          0x0800a0f5   Thumb Code    16  stm32f4xx_it.o(i.TIM2_IRQHandler)
    TIM3_IRQHandler                          0x0800a105   Thumb Code    16  stm32f4xx_it.o(i.TIM3_IRQHandler)
    TIM_ClearITPendingBit                    0x0800a119   Thumb Code   108  stm32f4xx_tim.o(i.TIM_ClearITPendingBit)
    TIM_Cmd                                  0x0800a1bd   Thumb Code   144  stm32f4xx_tim.o(i.TIM_Cmd)
    TIM_ITConfig                             0x0800a285   Thumb Code   160  stm32f4xx_tim.o(i.TIM_ITConfig)
    TIM_SetCounter                           0x0800a35d   Thumb Code   106  stm32f4xx_tim.o(i.TIM_SetCounter)
    TIM_TimeBaseInit                         0x0800a401   Thumb Code   278  stm32f4xx_tim.o(i.TIM_TimeBaseInit)
    TIM_UpdateRequestConfig                  0x0800a551   Thumb Code   144  stm32f4xx_tim.o(i.TIM_UpdateRequestConfig)
    TT4_AddAAR                               0x0800a619   Thumb Code    38  lib_tagtype4.o(i.TT4_AddAAR)
    TT4_Init                                 0x0800a645   Thumb Code   120  lib_tagtype4.o(i.TT4_Init)
    TT4_ReadEmail                            0x0800a6c1   Thumb Code    58  lib_tagtype4.o(i.TT4_ReadEmail)
    TT4_ReadGeo                              0x0800a709   Thumb Code    58  lib_tagtype4.o(i.TT4_ReadGeo)
    TT4_ReadMyApp                            0x0800a751   Thumb Code    60  lib_tagtype4.o(i.TT4_ReadMyApp)
    TT4_ReadSMS                              0x0800a799   Thumb Code    58  lib_tagtype4.o(i.TT4_ReadSMS)
    TT4_ReadURI                              0x0800a7e1   Thumb Code    58  lib_tagtype4.o(i.TT4_ReadURI)
    TT4_ReadVcard                            0x0800a829   Thumb Code    58  lib_tagtype4.o(i.TT4_ReadVcard)
    TT4_WriteEmail                           0x0800a871   Thumb Code    38  lib_tagtype4.o(i.TT4_WriteEmail)
    TT4_WriteGeo                             0x0800a89d   Thumb Code    38  lib_tagtype4.o(i.TT4_WriteGeo)
    TT4_WriteNDEF                            0x0800a8c9   Thumb Code    38  lib_tagtype4.o(i.TT4_WriteNDEF)
    TT4_WriteSMS                             0x0800a8f5   Thumb Code    38  lib_tagtype4.o(i.TT4_WriteSMS)
    TT4_WriteURI                             0x0800a921   Thumb Code    38  lib_tagtype4.o(i.TT4_WriteURI)
    Timer_Config                             0x0800aa29   Thumb Code    12  hw_config.o(i.Timer_Config)
    Timer_RCC_Config                         0x0800aa35   Thumb Code    12  hw_config.o(i.Timer_RCC_Config)
    Timer_Structure_Config                   0x0800aa41   Thumb Code   120  hw_config.o(i.Timer_Structure_Config)
    UART4_IRQHandler                         0x0800aabd   Thumb Code   170  drv_bluetooth.o(i.UART4_IRQHandler)
    USART_Cmd                                0x0800ab85   Thumb Code   108  stm32f4xx_usart.o(i.USART_Cmd)
    USART_GetFlagStatus                      0x0800ac15   Thumb Code   182  stm32f4xx_usart.o(i.USART_GetFlagStatus)
    USART_GetITStatus                        0x0800acf1   Thumb Code   288  stm32f4xx_usart.o(i.USART_GetITStatus)
    USART_ITConfig                           0x0800ae35   Thumb Code   270  stm32f4xx_usart.o(i.USART_ITConfig)
    USART_Init                               0x0800af69   Thumb Code   480  stm32f4xx_usart.o(i.USART_Init)
    USART_ReceiveData                        0x0800b171   Thumb Code    72  stm32f4xx_usart.o(i.USART_ReceiveData)
    USART_SendData                           0x0800b1dd   Thumb Code    92  stm32f4xx_usart.o(i.USART_SendData)
    UpFunc                                   0x0800b25d   Thumb Code   160  menu.o(i.UpFunc)
    UsageFault_Handler                       0x0800b315   Thumb Code     4  stm32f4xx_it.o(i.UsageFault_Handler)
    __scatterload_copy                       0x0800b629   Thumb Code    14  handlers.o(i.__scatterload_copy)
    __scatterload_null                       0x0800b637   Thumb Code     2  handlers.o(i.__scatterload_null)
    __scatterload_zeroinit                   0x0800b639   Thumb Code    14  handlers.o(i.__scatterload_zeroinit)
    assert_failed                            0x0800b647   Thumb Code     4  main.o(i.assert_failed)
    decrement_delay                          0x0800b64d   Thumb Code    18  hw_config.o(i.decrement_delay)
    delay_ms                                 0x0800b685   Thumb Code    52  hw_config.o(i.delay_ms)
    delay_us                                 0x0800b6bd   Thumb Code    52  hw_config.o(i.delay_us)
    increment_timestamp                      0x0800b6f5   Thumb Code    22  hw_config.o(i.increment_timestamp)
    main                                     0x0800b711   Thumb Code   232  main.o(i.main)
    uSTlogo                                  0x0800b7fc   Data       92165  menu.o(.constdata)
    uURL                                     0x08022001   Data        7205  menu.o(.constdata)
    uSMS                                     0x08023c26   Data        7205  menu.o(.constdata)
    uEmail                                   0x0802584b   Data        7205  menu.o(.constdata)
    uVcard                                   0x08027470   Data        7205  menu.o(.constdata)
    uBT                                      0x08029095   Data        7205  menu.o(.constdata)
    uGeo                                     0x0802acba   Data        7205  menu.o(.constdata)
    uMyApp                                   0x0802c8df   Data        7205  menu.o(.constdata)
    uSlideShow                               0x0802e504   Data        7205  menu.o(.constdata)
    uRF_DIS                                  0x08030129   Data        7205  menu.o(.constdata)
    uRemoteControl                           0x08031d4e   Data        7205  menu.o(.constdata)
    uLock                                    0x08033973   Data        7205  menu.o(.constdata)
    uDisclaimer                              0x08035598   Data        7205  menu.o(.constdata)
    uPortrait                                0x080371bd   Data        7205  menu.o(.constdata)
    uVcardCSL1                               0x08038de2   Data        7713  menu.o(.constdata)
    uCSL1                                    0x0803ac03   Data        7205  menu.o(.constdata)
    uSlideA_1                                0x0803c828   Data       76805  menu.o(.constdata)
    uSlideA_2                                0x0804f42d   Data       76805  menu.o(.constdata)
    uSlideB_1                                0x08062032   Data       76805  menu.o(.constdata)
    uSlideB_2                                0x08074c37   Data       76805  menu.o(.constdata)
    uSlideC_1                                0x0808783c   Data       76805  menu.o(.constdata)
    uSlideC_2                                0x0809a441   Data       76805  menu.o(.constdata)
    uSlideD_1                                0x080ad046   Data       76805  menu.o(.constdata)
    uSlideD_2                                0x080bfc4b   Data       76805  menu.o(.constdata)
    uAntenna1                                0x080d2850   Data       76805  menu.o(.constdata)
    uAntenna2                                0x080e5455   Data       76805  menu.o(.constdata)
    ASCII                                    0x080f805a   Data          32  menu.o(.constdata)
    SlideAddr                                0x080f807c   Data          32  menu.o(.constdata)
    DelayTiming                              0x080f809c   Data          56  menu.o(.constdata)
    GPIO_CLK                                 0x080f8370   Data          16  drv_led.o(.constdata)
    GPIO_PIN                                 0x080f8380   Data           8  drv_led.o(.constdata)
    ASCII_Table                              0x080f8388   Data        4560  drv_lcdspi_ili9341.o(.constdata)
    Region$$Table$$Base                      0x080f9a70   Number         0  anon$$obj.o(Region$$Table)
    Region$$Table$$Limit                     0x080f9a90   Number         0  anon$$obj.o(Region$$Table)
    SELStatus                                0x20000000   Data           4  main.o(.data)
    I2C_Cmd_Flag                             0x20000004   Data           1  main.o(.data)
    NFCT4_SS_Flag                            0x20000005   Data           1  main.o(.data)
    NFCT4_CC_Flag                            0x20000006   Data           1  main.o(.data)
    NFCT4_NDEF_Flag                          0x20000007   Data           1  main.o(.data)
    ISO7816_Flag                             0x20000008   Data           1  main.o(.data)
    ST_Flag                                  0x20000009   Data           1  main.o(.data)
    IconsAddr                                0x20000010   Data          96  menu.o(.data)
    IconRect                                 0x20000070   Data          48  menu.o(.data)
    Protocol                                 0x200000a0   Data          12  menu.o(.data)
    URI_Message                              0x200000ac   Data          16  menu.o(.data)
    PhoneNumber                              0x200000bc   Data          14  menu.o(.data)
    Message                                  0x200000ca   Data          71  menu.o(.data)
    Instruction                              0x20000111   Data          53  menu.o(.data)
    EmailAdd                                 0x20000146   Data          25  menu.o(.data)
    Subject                                  0x2000015f   Data          36  menu.o(.data)
    EmailMessage                             0x20000183   Data          78  menu.o(.data)
    Information                              0x200001d1   Data          20  menu.o(.data)
    FirstName                                0x200001e5   Data          14  menu.o(.data)
    Title                                    0x200001f3   Data          18  menu.o(.data)
    Org                                      0x20000205   Data          20  menu.o(.data)
    HomeAddress                              0x20000219   Data           2  menu.o(.data)
    WorkAddress                              0x2000021b   Data          46  menu.o(.data)
    HomeTel                                  0x20000249   Data           2  menu.o(.data)
    WorkTel                                  0x2000024b   Data           2  menu.o(.data)
    CellTel                                  0x2000024d   Data          19  menu.o(.data)
    HomeEmail                                0x20000260   Data           2  menu.o(.data)
    WorkEmail                                0x20000262   Data          26  menu.o(.data)
    NDEF_BT_PAIRING                          0x2000027c   Data          70  menu.o(.data)
    Latitude                                 0x200002c2   Data          11  menu.o(.data)
    Longitude                                0x200002cd   Data          11  menu.o(.data)
    GeoInformation                           0x200002d8   Data          38  menu.o(.data)
    ReadPasswordActivated                    0x200002fe   Data           1  menu.o(.data)
    WritePasswordActivated                   0x200002ff   Data           1  menu.o(.data)
    ReadOnlyModeActivated                    0x20000300   Data           1  menu.o(.data)
    WriteOnlyModeActivated                   0x20000301   Data           1  menu.o(.data)
    MenuActivated                            0x20000302   Data           1  menu.o(.data)
    MenuItemIndex                            0x20000303   Data           1  menu.o(.data)
    nMenuLevel                               0x20000304   Data           1  menu.o(.data)
    RWLockMenuItems                          0x20000308   Data          48  menu.o(.data)
    RWLockMenu                               0x20000338   Data          12  menu.o(.data)
    RWUnLockMenuItems                        0x20000344   Data          48  menu.o(.data)
    RWUnLockMenu                             0x20000374   Data          12  menu.o(.data)
    RWLimitedMenuItems                       0x20000380   Data          48  menu.o(.data)
    RWLimitedMenu                            0x200003b0   Data          12  menu.o(.data)
    RWUnLimitedMenuItems                     0x200003bc   Data          48  menu.o(.data)
    RWUnLimitedMenu                          0x200003ec   Data          12  menu.o(.data)
    LoadURIMenuItems                         0x200003f8   Data          48  menu.o(.data)
    LoadURIMenu                              0x20000428   Data          12  menu.o(.data)
    PasswordMenuItems                        0x20000434   Data          48  menu.o(.data)
    PasswordMenu                             0x20000464   Data          12  menu.o(.data)
    LimitedAccessMenuItems                   0x20000470   Data          48  menu.o(.data)
    LimitedAccessMenu                        0x200004a0   Data          12  menu.o(.data)
    URIMenuItems                             0x200004ac   Data          48  menu.o(.data)
    URIMenu                                  0x200004dc   Data          12  menu.o(.data)
    SMSMenuItems                             0x200004e8   Data          48  menu.o(.data)
    SMSMenu                                  0x20000518   Data          12  menu.o(.data)
    EmailMenuItems                           0x20000524   Data          48  menu.o(.data)
    EmailMenu                                0x20000554   Data          12  menu.o(.data)
    VcardMenuItems                           0x20000560   Data          48  menu.o(.data)
    VcardMenu                                0x20000590   Data          12  menu.o(.data)
    BTMenuItems                              0x2000059c   Data          64  menu.o(.data)
    BTMenu                                   0x200005dc   Data          12  menu.o(.data)
    GeoMenuItems                             0x200005e8   Data          48  menu.o(.data)
    GeoMenu                                  0x20000618   Data          12  menu.o(.data)
    PrivateAppMenuItems                      0x20000624   Data          48  menu.o(.data)
    PrivateAppMenu                           0x20000654   Data          12  menu.o(.data)
    M24SRPresMenuItems                       0x20000660   Data          48  menu.o(.data)
    M24SRPresMenu                            0x20000690   Data          12  menu.o(.data)
    RFDisableMenuItems                       0x2000069c   Data          48  menu.o(.data)
    RFDisableMenu                            0x200006cc   Data          12  menu.o(.data)
    RFGPOMenuItems                           0x200006d8   Data          48  menu.o(.data)
    RFGPOMenu                                0x20000708   Data          12  menu.o(.data)
    LockMenuItems                            0x20000714   Data          64  menu.o(.data)
    LockMenu                                 0x20000754   Data          12  menu.o(.data)
    AboutMenuItems                           0x20000760   Data          32  menu.o(.data)
    AboutMenu                                0x20000780   Data          12  menu.o(.data)
    MainMenuItems                            0x2000078c   Data         192  menu.o(.data)
    MainMenu                                 0x2000084c   Data          12  menu.o(.data)
    LedContext                               0x20000858   Data           4  menu.o(.data)
    LedActivated                             0x2000085c   Data           4  menu.o(.data)
    ItemNumb                                 0x20000860   Data           4  menu.o(.data)
    psMenuItem                               0x20000864   Data           4  menu.o(.data)
    psCurrentMenuItem                        0x20000868   Data           4  menu.o(.data)
    psCurrentMenu                            0x2000086c   Data           4  menu.o(.data)
    SPRecordStructAdd                        0x20000884   Data          12  lib_ndef.o(.data)
    GPIO_PORT                                0x200008a0   Data          16  drv_led.o(.data)
    BT_ModulePresent                         0x200008b8   Data           1  drv_bluetooth.o(.data)
    BT_AnswerBuffer                          0x200008b9   Data          64  drv_bluetooth.o(.data)
    BT_Event                                 0x200008f9   Data           1  drv_bluetooth.o(.data)
    BT_EventSize                             0x200008fc   Data           4  drv_bluetooth.o(.data)
    BT_ResponseReady                         0x20000900   Data           1  drv_bluetooth.o(.data)
    BT_ResponseSize                          0x20000904   Data           4  drv_bluetooth.o(.data)
    SystemCoreClock                          0x2000090c   Data           4  system_stm32f4xx.o(.data)
    AHBPrescTable                            0x20000910   Data          16  system_stm32f4xx.o(.data)
    CurrentReadPassword                      0x20000920   Data          16  menu.o(.bss)
    CurrentWritePassword                     0x20000930   Data          16  menu.o(.bss)
    MediaFile                                0x20000940   Data         244  menu.o(.bss)
    psPrevMenu                               0x20000a34   Data          16  menu.o(.bss)
    uM24SRbuffer                             0x20000b53   Data         255  drv_m24sr.o(.bss)
    I2CPassword                              0x20000c52   Data          16  lib_m24sr.o(.bss)
    NDEF_Buffer                              0x20000c64   Data        8192  lib_tagtype4.o(.bss)
    CCFileStruct                             0x20002c64   Data          16  lib_tagtype4.o(.bss)
    RecordStruct                             0x20002c74   Data         544  lib_tagtype4.o(.bss)
    SPRecordStruct1                          0x20002e94   Data         544  lib_ndef.o(.bss)
    SPRecordStruct2                          0x200030b4   Data         544  lib_ndef.o(.bss)
    SPRecordStruct3                          0x200032d4   Data         544  lib_ndef.o(.bss)
    ledState                                 0x200034f4   Data          16  drv_led.o(.bss)
    __initial_sp                             0x20003908   Data           0  startup_stm32f40_41xxx.o(STACK)



==============================================================================

Memory Map of the image

  Image Entry point : 0x08000189

  Load Region LR_IROM1 (Base: 0x08000000, Size: 0x000fa3b0, Max: 0x00100000, ABSOLUTE, COMPRESSED[0x000f9f78])

    Execution Region ER_IROM1 (Base: 0x08000000, Size: 0x000f9a90, Max: 0x00100000, ABSOLUTE)

    Base Addr    Size         Type   Attr      Idx    E Section Name        Object

    0x08000000   0x00000188   Data   RO         4525    RESET               startup_stm32f40_41xxx.o
    0x08000188   0x00000000   Code   RO         4567  * .ARM.Collect$$$$00000000  mc_w.l(entry.o)
    0x08000188   0x00000004   Code   RO         4580    .ARM.Collect$$$$00000001  mc_w.l(entry2.o)
    0x0800018c   0x00000004   Code   RO         4583    .ARM.Collect$$$$00000004  mc_w.l(entry5.o)
    0x08000190   0x00000000   Code   RO         4585    .ARM.Collect$$$$00000008  mc_w.l(entry7b.o)
    0x08000190   0x00000000   Code   RO         4587    .ARM.Collect$$$$0000000A  mc_w.l(entry8b.o)
    0x08000190   0x00000008   Code   RO         4588    .ARM.Collect$$$$0000000B  mc_w.l(entry9a.o)
    0x08000198   0x00000000   Code   RO         4590    .ARM.Collect$$$$0000000D  mc_w.l(entry10a.o)
    0x08000198   0x00000000   Code   RO         4592    .ARM.Collect$$$$0000000F  mc_w.l(entry11a.o)
    0x08000198   0x00000004   Code   RO         4581    .ARM.Collect$$$$00002712  mc_w.l(entry2.o)
    0x0800019c   0x00000024   Code   RO         4526    .text               startup_stm32f40_41xxx.o
    0x080001c0   0x00000024   Code   RO         4570    .text               mc_w.l(memcpya.o)
    0x080001e4   0x00000024   Code   RO         4572    .text               mc_w.l(memseta.o)
    0x08000208   0x0000000e   Code   RO         4574    .text               mc_w.l(strlen.o)
    0x08000216   0x0000001a   Code   RO         4576    .text               mc_w.l(memcmp.o)
    0x08000230   0x00000024   Code   RO         4594    .text               mc_w.l(init.o)
    0x08000254   0x0000005c   Code   RO         4604    .text               mc_w.l(__dczerorl2.o)
    0x080002b0   0x0000012c   Code   RO          247    i.AboutFunc         menu.o
    0x080003dc   0x000000ec   Code   RO          248    i.AntennaPres       menu.o
    0x080004c8   0x00000030   Code   RO         4431    i.BT_AnswerReady    drv_bluetooth.o
    0x080004f8   0x00000014   Code   RO         4432    i.BT_CLK_Configuration  drv_bluetooth.o
    0x0800050c   0x0000002c   Code   RO         4433    i.BT_Disable        drv_bluetooth.o
    0x08000538   0x00000024   Code   RO         4434    i.BT_Enable         drv_bluetooth.o
    0x0800055c   0x00000060   Code   RO         4435    i.BT_GPIO_Configuration  drv_bluetooth.o
    0x080005bc   0x00000024   Code   RO         4436    i.BT_GetAnswer      drv_bluetooth.o
    0x080005e0   0x00000020   Code   RO         4437    i.BT_GetMacAddr     drv_bluetooth.o
    0x08000600   0x00000328   Code   RO         4438    i.BT_IdentifyEvent  drv_bluetooth.o
    0x08000928   0x000000c4   Code   RO         4439    i.BT_Init           drv_bluetooth.o
    0x080009ec   0x0000004c   Code   RO         4440    i.BT_IsDevicePresent  drv_bluetooth.o
    0x08000a38   0x0000001c   Code   RO         4441    i.BT_Reset          drv_bluetooth.o
    0x08000a54   0x0000002c   Code   RO         4442    i.BT_SendCommand    drv_bluetooth.o
    0x08000a80   0x00000004   Code   RO          728    i.BusFault_Handler  stm32f4xx_it.o
    0x08000a84   0x00000070   Code   RO          249    i.Char2Hex          menu.o
    0x08000af4   0x0000004c   Code   RO          250    i.DWLoadPhoneApp    menu.o
    0x08000b40   0x00000002   Code   RO          729    i.DebugMon_Handler  stm32f4xx_it.o
    0x08000b42   0x00000002   PAD
    0x08000b44   0x00000048   Code   RO          251    i.DelayJoyStick     menu.o
    0x08000b8c   0x00000050   Code   RO          252    i.DisableReadOnlyMode  menu.o
    0x08000bdc   0x00000050   Code   RO          253    i.DisableReadPWD    menu.o
    0x08000c2c   0x00000050   Code   RO          254    i.DisableWriteOnlyMode  menu.o
    0x08000c7c   0x00000050   Code   RO          255    i.DisableWritePWD   menu.o
    0x08000ccc   0x00000118   Code   RO          256    i.Disable_M24SR_RF  menu.o
    0x08000de4   0x00000148   Code   RO          257    i.DisplayDwLdPhoneAppMessage  menu.o
    0x08000f2c   0x000001ec   Code   RO          258    i.DisplayEmail      menu.o
    0x08001118   0x00000148   Code   RO          259    i.DisplayErrorMessage  menu.o
    0x08001260   0x000001ec   Code   RO          260    i.DisplayGeo        menu.o
    0x0800144c   0x0000004c   Code   RO          261    i.DisplayIcons      menu.o
    0x08001498   0x00000190   Code   RO          262    i.DisplayLockPassword  menu.o
    0x08001628   0x0000009c   Code   RO          263    i.DisplayMenu       menu.o
    0x080016c4   0x000000fc   Code   RO          264    i.DisplayMessage    menu.o
    0x080017c0   0x000000c8   Code   RO          265    i.DisplayMessageOnGoing  menu.o
    0x08001888   0x0000010c   Code   RO          266    i.DisplayNormalMode  menu.o
    0x08001994   0x000001ec   Code   RO          267    i.DisplaySMS        menu.o
    0x08001b80   0x000001ec   Code   RO          268    i.DisplayURI        menu.o
    0x08001d6c   0x0000016c   Code   RO          269    i.DisplayUnLockPassword  menu.o
    0x08001ed8   0x0000025c   Code   RO          270    i.DisplayVcard      menu.o
    0x08002134   0x00000488   Code   RO          271    i.Display_Info      menu.o
    0x080025bc   0x0000010c   Code   RO          272    i.DisplaylimitedAccess  menu.o
    0x080026c8   0x000000bc   Code   RO          273    i.DownFunc          menu.o
    0x08002784   0x00000044   Code   RO          730    i.EXTI9_5_IRQHandler  stm32f4xx_it.o
    0x080027c8   0x00000028   Code   RO         2722    i.EXTI_ClearITPendingBit  stm32f4xx_exti.o
    0x080027f0   0x000000a8   Code   RO         2726    i.EXTI_GetITStatus  stm32f4xx_exti.o
    0x08002898   0x000000f4   Code   RO         2727    i.EXTI_Init         stm32f4xx_exti.o
    0x0800298c   0x00000010   Code   RO         2728    i.EXTI_StructInit   stm32f4xx_exti.o
    0x0800299c   0x00000030   Code   RO          274    i.EnableReadOnlyMode  menu.o
    0x080029cc   0x00000088   Code   RO          275    i.EnableReadPWD     menu.o
    0x08002a54   0x00000030   Code   RO          276    i.EnableWriteOnlyMode  menu.o
    0x08002a84   0x00000084   Code   RO          277    i.EnableWritePWD    menu.o
    0x08002b08   0x000000d0   Code   RO          278    i.Enable_BT_Pairing  menu.o
    0x08002bd8   0x000002bc   Code   RO          279    i.Enable_GPO_RF     menu.o
    0x08002e94   0x00000118   Code   RO          280    i.Enable_M24SR_RF   menu.o
    0x08002fac   0x00000020   Code   RO          281    i.Event             menu.o
    0x08002fcc   0x0000003c   Code   RO         1770    i.FLASH_PrefetchBufferCmd  stm32f4xx_flash.o
    0x08003008   0x0000005c   Code   RO         1775    i.FLASH_SetLatency  stm32f4xx_flash.o
    0x08003064   0x00000194   Code   RO         2785    i.GPIO_Init         stm32f4xx_gpio.o
    0x080031f8   0x00000190   Code   RO         2786    i.GPIO_PinAFConfig  stm32f4xx_gpio.o
    0x08003388   0x000000f4   Code   RO         2789    i.GPIO_ReadInputDataBit  stm32f4xx_gpio.o
    0x0800347c   0x0000009c   Code   RO         2792    i.GPIO_ResetBits    stm32f4xx_gpio.o
    0x08003518   0x0000009c   Code   RO         2793    i.GPIO_SetBits      stm32f4xx_gpio.o
    0x080035b4   0x00000100   Code   RO         2797    i.GPIO_WriteBit     stm32f4xx_gpio.o
    0x080036b4   0x0000000c   Code   RO          613    i.GetElapsed_us     hw_config.o
    0x080036c0   0x00000004   Code   RO          731    i.HardFault_Handler  stm32f4xx_it.o
    0x080036c4   0x00000048   Code   RO          282    i.Hex2Char          menu.o
    0x0800370c   0x00000060   Code   RO         2884    i.I2C_AcknowledgeConfig  stm32f4xx_i2c.o
    0x0800376c   0x000000f8   Code   RO         2887    i.I2C_CheckEvent    stm32f4xx_i2c.o
    0x08003864   0x00000058   Code   RO         2888    i.I2C_ClearFlag     stm32f4xx_i2c.o
    0x080038bc   0x00000060   Code   RO         2890    i.I2C_Cmd           stm32f4xx_i2c.o
    0x0800391c   0x00000080   Code   RO         2893    i.I2C_DeInit        stm32f4xx_i2c.o
    0x0800399c   0x00000060   Code   RO         2898    i.I2C_GenerateSTART  stm32f4xx_i2c.o
    0x080039fc   0x00000060   Code   RO         2899    i.I2C_GenerateSTOP  stm32f4xx_i2c.o
    0x08003a5c   0x00000108   Code   RO         2900    i.I2C_GetFlagStatus  stm32f4xx_i2c.o
    0x08003b64   0x000001a4   Code   RO         2905    i.I2C_Init          stm32f4xx_i2c.o
    0x08003d08   0x00000074   Code   RO         2909    i.I2C_ReadRegister  stm32f4xx_i2c.o
    0x08003d7c   0x00000038   Code   RO         2910    i.I2C_ReceiveData   stm32f4xx_i2c.o
    0x08003db4   0x00000058   Code   RO         2912    i.I2C_Send7bitAddress  stm32f4xx_i2c.o
    0x08003e0c   0x00000038   Code   RO         2913    i.I2C_SendData      stm32f4xx_i2c.o
    0x08003e44   0x0000002a   Code   RO         1606    i.ISO7816_DisableAllPassword  lib_iso7816_password.o
    0x08003e6e   0x00000028   Code   RO         1607    i.ISO7816_DisableReadPwd  lib_iso7816_password.o
    0x08003e96   0x00000028   Code   RO         1608    i.ISO7816_DisableWritePwd  lib_iso7816_password.o
    0x08003ebe   0x0000002c   Code   RO         1609    i.ISO7816_EnableReadPwd  lib_iso7816_password.o
    0x08003eea   0x0000002c   Code   RO         1610    i.ISO7816_EnableWritePwd  lib_iso7816_password.o
    0x08003f16   0x00000002   Code   RO          283    i.IdleFunc          menu.o
    0x08003f18   0x0000008c   Code   RO          284    i.InitJoystick      menu.o
    0x08003fa4   0x00000048   Code   RO            3    i.IntExtOnOffConfig  main.o
    0x08003fec   0x0000007c   Code   RO          614    i.Interrupts_Config  hw_config.o
    0x08004068   0x0000000c   Code   RO         4443    i.IsBTModulePresent  drv_bluetooth.o
    0x08004074   0x00000018   Code   RO         4038    i.IsLED_On          drv_led.o
    0x0800408c   0x00000014   Code   RO          879    i.IsSBlock          drv_m24sr.o
    0x080040a0   0x00000024   Code   RO         4084    i.LCD_ChipSelect    drv_lcdspi_ili9341.o
    0x080040c4   0x00000030   Code   RO         4085    i.LCD_Clear         drv_lcdspi_ili9341.o
    0x080040f4   0x0000002c   Code   RO         4086    i.LCD_ClearLine     drv_lcdspi_ili9341.o
    0x08004120   0x00000002   Code   RO         4090    i.LCD_CtrlLinesConfig_ILI9341  drv_lcdspi_ili9341.o
    0x08004122   0x00000014   Code   RO         4091    i.LCD_CtrlLinesWrite  drv_lcdspi_ili9341.o
    0x08004136   0x00000002   PAD
    0x08004138   0x00000028   Code   RO         4093    i.LCD_DisplayChar   drv_lcdspi_ili9341.o
    0x08004160   0x0000002e   Code   RO         4097    i.LCD_DisplayStringLine  drv_lcdspi_ili9341.o
    0x0800418e   0x00000002   PAD
    0x08004190   0x00000054   Code   RO         4098    i.LCD_DisplayStringLineWSize  drv_lcdspi_ili9341.o
    0x080041e4   0x000000b8   Code   RO         4099    i.LCD_DrawChar      drv_lcdspi_ili9341.o
    0x0800429c   0x0000002a   Code   RO         4104    i.LCD_DrawFullRect  drv_lcdspi_ili9341.o
    0x080042c6   0x00000002   PAD
    0x080042c8   0x00000050   Code   RO         4105    i.LCD_DrawLine      drv_lcdspi_ili9341.o
    0x08004318   0x00000044   Code   RO         4107    i.LCD_DrawRect      drv_lcdspi_ili9341.o
    0x0800435c   0x00000016   Code   RO         4112    i.LCD_Init          drv_lcdspi_ili9341.o
    0x08004372   0x00000002   PAD
    0x08004374   0x00000314   Code   RO         4116    i.LCD_PowerOn       drv_lcdspi_ili9341.o
    0x08004688   0x000000f0   Code   RO         4118    i.LCD_SPIConfig     drv_lcdspi_ili9341.o
    0x08004778   0x00000010   Code   RO         4119    i.LCD_SetBackColor  drv_lcdspi_ili9341.o
    0x08004788   0x00000070   Code   RO         4122    i.LCD_SetCursor     drv_lcdspi_ili9341.o
    0x080047f8   0x000000d8   Code   RO         4123    i.LCD_SetCursor_onwindows  drv_lcdspi_ili9341.o
    0x080048d0   0x00000084   Code   RO         4124    i.LCD_SetDisplayWindow  drv_lcdspi_ili9341.o
    0x08004954   0x00000010   Code   RO         4126    i.LCD_SetTextColor  drv_lcdspi_ili9341.o
    0x08004964   0x00000012   Code   RO         4129    i.LCD_WindowModeDisable  drv_lcdspi_ili9341.o
    0x08004976   0x00000002   PAD
    0x08004978   0x00000088   Code   RO         4131    i.LCD_WriteBMP_FAT  drv_lcdspi_ili9341.o
    0x08004a00   0x0000003c   Code   RO         4132    i.LCD_WriteCommand  drv_lcdspi_ili9341.o
    0x08004a3c   0x0000003c   Code   RO         4133    i.LCD_WriteData     drv_lcdspi_ili9341.o
    0x08004a78   0x0000000c   Code   RO         4134    i.LCD_WriteRAM      drv_lcdspi_ili9341.o
    0x08004a84   0x00000020   Code   RO         4135    i.LCD_WriteRAM_Close  drv_lcdspi_ili9341.o
    0x08004aa4   0x00000020   Code   RO         4136    i.LCD_WriteRAM_Prepare  drv_lcdspi_ili9341.o
    0x08004ac4   0x0000002c   Code   RO         4137    i.LCD_nCS_StartByte  drv_lcdspi_ili9341.o
    0x08004af0   0x00000054   Code   RO         4039    i.LED_Config        drv_led.o
    0x08004b44   0x00000016   Code   RO            4    i.LED_Init          main.o
    0x08004b5a   0x00000002   PAD
    0x08004b5c   0x00000030   Code   RO         4040    i.LED_Off           drv_led.o
    0x08004b8c   0x0000002c   Code   RO         4041    i.LED_On            drv_led.o
    0x08004bb8   0x00000022   Code   RO            5    i.LED_Show          main.o
    0x08004bda   0x00000002   PAD
    0x08004bdc   0x000002f0   Code   RO          285    i.LaunchDemoApp     menu.o
    0x08004ecc   0x0000018c   Code   RO          286    i.Load_BT_NDEF      menu.o
    0x08005058   0x0000006c   Code   RO          287    i.Load_URI_Tel      menu.o
    0x080050c4   0x00000070   Code   RO          288    i.Load_URI_URL      menu.o
    0x08005134   0x00000108   Code   RO          880    i.M24SR_BuildIBlockCommand  drv_m24sr.o
    0x0800523c   0x000000a8   Code   RO          881    i.M24SR_ChangeReferenceData  drv_m24sr.o
    0x080052e4   0x0000004c   Code   RO         1064    i.M24SR_CloseNDEFSession  lib_m24sr.o
    0x08005330   0x00000028   Code   RO          882    i.M24SR_ComputeCrc  drv_m24sr.o
    0x08005358   0x00000014   Code   RO            6    i.M24SR_DemoInit    main.o
    0x0800536c   0x00000060   Code   RO          883    i.M24SR_Deselect    drv_m24sr.o
    0x080053cc   0x00000046   Code   RO         1065    i.M24SR_DisableAllPassword  lib_m24sr.o
    0x08005412   0x00000002   PAD
    0x08005414   0x00000098   Code   RO          884    i.M24SR_DisablePermanentState  drv_m24sr.o
    0x080054ac   0x00000030   Code   RO         1066    i.M24SR_DisableReadOnly  lib_m24sr.o
    0x080054dc   0x00000024   Code   RO         1067    i.M24SR_DisableReadPassword  lib_m24sr.o
    0x08005500   0x00000098   Code   RO          885    i.M24SR_DisableVerificationRequirement  drv_m24sr.o
    0x08005598   0x00000030   Code   RO         1068    i.M24SR_DisableWriteOnly  lib_m24sr.o
    0x080055c8   0x00000024   Code   RO         1069    i.M24SR_DisableWritePassword  lib_m24sr.o
    0x080055ec   0x00000098   Code   RO          886    i.M24SR_EnablePermanentState  drv_m24sr.o
    0x08005684   0x00000024   Code   RO         1070    i.M24SR_EnableReadOnly  lib_m24sr.o
    0x080056a8   0x0000002e   Code   RO         1071    i.M24SR_EnableReadPassword  lib_m24sr.o
    0x080056d6   0x00000002   PAD
    0x080056d8   0x00000098   Code   RO          887    i.M24SR_EnableVerificationRequirement  drv_m24sr.o
    0x08005770   0x00000024   Code   RO         1072    i.M24SR_EnableWriteOnly  lib_m24sr.o
    0x08005794   0x0000002e   Code   RO         1073    i.M24SR_EnableWritePassword  lib_m24sr.o
    0x080057c2   0x0000008a   Code   RO          888    i.M24SR_FWTExtension  drv_m24sr.o
    0x0800584c   0x0000005c   Code   RO         1074    i.M24SR_ForceReadData  lib_m24sr.o
    0x080058a8   0x00000020   Code   RO         1075    i.M24SR_GetNDEFFileId  lib_m24sr.o
    0x080058c8   0x00000040   Code   RO          889    i.M24SR_GetSession  drv_m24sr.o
    0x08005908   0x000000d8   Code   RO          815    i.M24SR_I2CInit     drv_i2c_m24sr.o
    0x080059e0   0x0000001a   Code   RO          890    i.M24SR_Init        drv_m24sr.o
    0x080059fa   0x00000002   PAD
    0x080059fc   0x00000024   Code   RO          891    i.M24SR_InitStructure  drv_m24sr.o
    0x08005a20   0x000000c4   Code   RO         1076    i.M24SR_Initialization  lib_m24sr.o
    0x08005ae4   0x00000070   Code   RO          816    i.M24SR_IsAnswerReady  drv_i2c_m24sr.o
    0x08005b54   0x0000004c   Code   RO          892    i.M24SR_IsCorrectCRC16Residue  drv_m24sr.o
    0x08005ba0   0x0000004c   Code   RO          893    i.M24SR_KillSession  drv_m24sr.o
    0x08005bec   0x0000001e   Code   RO         1077    i.M24SR_ManageGPO   lib_m24sr.o
    0x08005c0a   0x00000066   Code   RO          894    i.M24SR_ManageI2CGPO  drv_m24sr.o
    0x08005c70   0x00000056   Code   RO          895    i.M24SR_ManageRFGPO  drv_m24sr.o
    0x08005cc6   0x00000002   PAD
    0x08005cc8   0x000000a8   Code   RO         1078    i.M24SR_OpenNDEFSession  lib_m24sr.o
    0x08005d70   0x000000d4   Code   RO          817    i.M24SR_PollI2C     drv_i2c_m24sr.o
    0x08005e44   0x0000000c   Code   RO          896    i.M24SR_RFConfig    drv_m24sr.o
    0x08005e50   0x00000018   Code   RO          818    i.M24SR_RFConfig_Hard  drv_i2c_m24sr.o
    0x08005e68   0x000000a8   Code   RO          897    i.M24SR_ReadBinary  drv_m24sr.o
    0x08005f10   0x0000005c   Code   RO         1079    i.M24SR_ReadData    lib_m24sr.o
    0x08005f6c   0x00000134   Code   RO          820    i.M24SR_ReceiveI2Cresponse  drv_i2c_m24sr.o
    0x080060a0   0x000000a8   Code   RO          898    i.M24SR_STReadBinary  drv_m24sr.o
    0x08006148   0x000000c4   Code   RO          899    i.M24SR_SelectApplication  drv_m24sr.o
    0x0800620c   0x000000b0   Code   RO          900    i.M24SR_SelectCCfile  drv_m24sr.o
    0x080062bc   0x000000ac   Code   RO          901    i.M24SR_SelectNDEFfile  drv_m24sr.o
    0x08006368   0x000000b0   Code   RO          902    i.M24SR_SelectSystemfile  drv_m24sr.o
    0x08006418   0x000000f4   Code   RO          821    i.M24SR_SendI2Ccommand  drv_i2c_m24sr.o
    0x0800650c   0x0000000c   Code   RO          822    i.M24SR_SetI2CSynchroMode  drv_i2c_m24sr.o
    0x08006518   0x000000c0   Code   RO          905    i.M24SR_UpdateBinary  drv_m24sr.o
    0x080065d8   0x00000022   Code   RO          906    i.M24SR_UpdateCrc   drv_m24sr.o
    0x080065fa   0x00000002   PAD
    0x080065fc   0x000000d4   Code   RO          907    i.M24SR_Verify      drv_m24sr.o
    0x080066d0   0x0000005c   Code   RO         1080    i.M24SR_WriteData   lib_m24sr.o
    0x0800672c   0x00000004   Code   RO          732    i.MemManage_Handler  stm32f4xx_it.o
    0x08006730   0x00000034   Code   RO          289    i.Menu_Init         menu.o
    0x08006764   0x00000108   Code   RO         1509    i.NDEF_AddAAR       lib_ndef_aar.o
    0x0800686c   0x0000017c   Code   RO         1403    i.NDEF_ExtractVcard  lib_ndef_vcard.o
    0x080069e8   0x00000120   Code   RO         1477    i.NDEF_Extract_M24SRDiscoveryApp_Input  lib_ndef_myapp.o
    0x08006b08   0x000000ec   Code   RO         1366    i.NDEF_FillEmailStruct  lib_ndef_email.o
    0x08006bf4   0x00000094   Code   RO         1440    i.NDEF_FillGeoStruct  lib_ndef_geo.o
    0x08006c88   0x000000ac   Code   RO         1329    i.NDEF_FillSMSStruct  lib_ndef_sms.o
    0x08006d34   0x0000008c   Code   RO         1404    i.NDEF_FillVcardStruct  lib_ndef_vcard.o
    0x08006dc0   0x0000014a   Code   RO         1530    i.NDEF_IdentifyNDEF  lib_ndef.o
    0x08006f0a   0x000000e6   Code   RO         1531    i.NDEF_IdentifySPRecord  lib_ndef.o
    0x08006ff0   0x00000022   Code   RO         1532    i.NDEF_IsNDEFPresent  lib_ndef.o
    0x08007012   0x00000002   PAD
    0x08007014   0x00000040   Code   RO         1533    i.NDEF_ParseForumExternalType  lib_ndef.o
    0x08007054   0x00000050   Code   RO         1534    i.NDEF_ParseMediaType  lib_ndef.o
    0x080070a4   0x00000042   Code   RO         1535    i.NDEF_ParseRecordHeader  lib_ndef.o
    0x080070e6   0x00000002   PAD
    0x080070e8   0x0000008c   Code   RO         1536    i.NDEF_ParseSP      lib_ndef.o
    0x08007174   0x0000004c   Code   RO         1537    i.NDEF_ParseURI     lib_ndef.o
    0x080071c0   0x0000008c   Code   RO         1538    i.NDEF_ParseWellKnownType  lib_ndef.o
    0x0800724c   0x0000045c   Code   RO         1297    i.NDEF_Parse_WellKnowType  lib_ndef_uri.o
    0x080076a8   0x0000008e   Code   RO         1367    i.NDEF_ReadEmail    lib_ndef_email.o
    0x08007736   0x000000a6   Code   RO         1441    i.NDEF_ReadGeo      lib_ndef_geo.o
    0x080077dc   0x00000022   Code   RO         1478    i.NDEF_ReadMyApp    lib_ndef_myapp.o
    0x080077fe   0x000000a6   Code   RO         1330    i.NDEF_ReadSMS      lib_ndef_sms.o
    0x080078a4   0x00000094   Code   RO         1298    i.NDEF_ReadURI      lib_ndef_uri.o
    0x08007938   0x00000038   Code   RO         1368    i.NDEF_ReadURI_Email  lib_ndef_email.o
    0x08007970   0x00000038   Code   RO         1442    i.NDEF_ReadURI_Geo  lib_ndef_geo.o
    0x080079a8   0x00000038   Code   RO         1331    i.NDEF_ReadURI_SMS  lib_ndef_sms.o
    0x080079e0   0x0000001e   Code   RO         1405    i.NDEF_ReadVcard    lib_ndef_vcard.o
    0x080079fe   0x00000002   PAD
    0x08007a00   0x000002f8   Code   RO         1369    i.NDEF_WriteEmail   lib_ndef_email.o
    0x08007cf8   0x00000250   Code   RO         1443    i.NDEF_WriteGeo     lib_ndef_geo.o
    0x08007f48   0x00000034   Code   RO         1540    i.NDEF_WriteNDEF    lib_ndef.o
    0x08007f7c   0x0000026c   Code   RO         1332    i.NDEF_WriteSMS     lib_ndef_sms.o
    0x080081e8   0x000004b0   Code   RO         1299    i.NDEF_WriteURI     lib_ndef_uri.o
    0x08008698   0x00000002   Code   RO          733    i.NMI_Handler       stm32f4xx_it.o
    0x0800869a   0x00000002   PAD
    0x0800869c   0x000000f4   Code   RO         1694    i.NVIC_Init         misc.o
    0x08008790   0x00000080   Code   RO         1695    i.NVIC_PriorityGroupConfig  misc.o
    0x08008810   0x00000028   Code   RO            7    i.NVIC_SetPriority  main.o
    0x08008838   0x00000002   Code   RO          734    i.PendSV_Handler    stm32f4xx_it.o
    0x0800883a   0x00000002   PAD
    0x0800883c   0x0000025c   Code   RO          290    i.ProductPres       menu.o
    0x08008a98   0x00000054   Code   RO         3108    i.RCC_AHB1PeriphClockCmd  stm32f4xx_rcc.o
    0x08008aec   0x00000054   Code   RO         3117    i.RCC_APB1PeriphClockCmd  stm32f4xx_rcc.o
    0x08008b40   0x00000054   Code   RO         3119    i.RCC_APB1PeriphResetCmd  stm32f4xx_rcc.o
    0x08008b94   0x00000054   Code   RO         3120    i.RCC_APB2PeriphClockCmd  stm32f4xx_rcc.o
    0x08008be8   0x00000054   Code   RO         3122    i.RCC_APB2PeriphResetCmd  stm32f4xx_rcc.o
    0x08008c3c   0x000000e8   Code   RO         3129    i.RCC_GetClocksFreq  stm32f4xx_rcc.o
    0x08008d24   0x00000090   Code   RO         3130    i.RCC_GetFlagStatus  stm32f4xx_rcc.o
    0x08008db4   0x00000010   Code   RO         3132    i.RCC_GetSYSCLKSource  stm32f4xx_rcc.o
    0x08008dc4   0x0000004c   Code   RO         3133    i.RCC_HCLKConfig    stm32f4xx_rcc.o
    0x08008e10   0x00000030   Code   RO         3134    i.RCC_HSEConfig     stm32f4xx_rcc.o
    0x08008e40   0x00000044   Code   RO         3143    i.RCC_PCLK1Config   stm32f4xx_rcc.o
    0x08008e84   0x00000044   Code   RO         3144    i.RCC_PCLK2Config   stm32f4xx_rcc.o
    0x08008ec8   0x00000024   Code   RO         3145    i.RCC_PLLCmd        stm32f4xx_rcc.o
    0x08008eec   0x000000a4   Code   RO         3146    i.RCC_PLLConfig     stm32f4xx_rcc.o
    0x08008f90   0x00000034   Code   RO         3157    i.RCC_SYSCLKConfig  stm32f4xx_rcc.o
    0x08008fc4   0x00000038   Code   RO         3159    i.RCC_WaitForHSEStartUp  stm32f4xx_rcc.o
    0x08008ffc   0x00000130   Code   RO          291    i.ReadEmail         menu.o
    0x0800912c   0x00000120   Code   RO          292    i.ReadGeo           menu.o
    0x0800924c   0x000000a0   Code   RO          293    i.ReadKey           menu.o
    0x080092ec   0x0000012c   Code   RO          294    i.ReadSMS           menu.o
    0x08009418   0x00000174   Code   RO          295    i.ReadURI           menu.o
    0x0800958c   0x0000006c   Code   RO          296    i.ReadVcard         menu.o
    0x080095f8   0x00000078   Code   RO          297    i.ReturnFunc        menu.o
    0x08009670   0x0000007c   Code   RO         1999    i.SPI_Cmd           stm32f4xx_spi.o
    0x080096ec   0x00000078   Code   RO         2000    i.SPI_DataSizeConfig  stm32f4xx_spi.o
    0x08009764   0x000000e4   Code   RO         2006    i.SPI_I2S_DeInit    stm32f4xx_spi.o
    0x08009848   0x000000a8   Code   RO         2007    i.SPI_I2S_GetFlagStatus  stm32f4xx_spi.o
    0x080098f0   0x00000068   Code   RO         2011    i.SPI_I2S_SendData  stm32f4xx_spi.o
    0x08009958   0x0000018c   Code   RO         2012    i.SPI_Init          stm32f4xx_spi.o
    0x08009ae4   0x00000014   Code   RO          298    i.STIntro           menu.o
    0x08009af8   0x00000028   Code   RO         1650    i.STProprietary_DisableReadOnly  lib_stproprietary_feature.o
    0x08009b20   0x00000028   Code   RO         1651    i.STProprietary_DisableWriteOnly  lib_stproprietary_feature.o
    0x08009b48   0x00000028   Code   RO         1652    i.STProprietary_EnableReadOnly  lib_stproprietary_feature.o
    0x08009b70   0x00000028   Code   RO         1653    i.STProprietary_EnableWriteOnly  lib_stproprietary_feature.o
    0x08009b98   0x0000002c   Code   RO         1654    i.STProprietary_GPOConfig  lib_stproprietary_feature.o
    0x08009bc4   0x00000002   Code   RO          735    i.SVC_Handler       stm32f4xx_it.o
    0x08009bc6   0x00000002   PAD
    0x08009bc8   0x000000c4   Code   RO         3984    i.SYSCFG_EXTILineConfig  stm32f4xx_syscfg.o
    0x08009c8c   0x00000074   Code   RO          299    i.SelFunc           menu.o
    0x08009d00   0x000002b4   Code   RO          300    i.ShowMenuIcons     menu.o
    0x08009fb4   0x00000028   Code   RO          616    i.StartPerfMeasurement  hw_config.o
    0x08009fdc   0x00000064   Code   RO          301    i.SuperUser         menu.o
    0x0800a040   0x0000004c   Code   RO            8    i.SysTick_Configuration  main.o
    0x0800a08c   0x00000002   Code   RO          736    i.SysTick_Handler   stm32f4xx_it.o
    0x0800a08e   0x00000002   PAD
    0x0800a090   0x00000064   Code   RO         4534    i.SystemInit        system_stm32f4xx.o
    0x0800a0f4   0x00000010   Code   RO          737    i.TIM2_IRQHandler   stm32f4xx_it.o
    0x0800a104   0x00000014   Code   RO          738    i.TIM3_IRQHandler   stm32f4xx_it.o
    0x0800a118   0x000000a4   Code   RO         2169    i.TIM_ClearITPendingBit  stm32f4xx_tim.o
    0x0800a1bc   0x000000c8   Code   RO         2174    i.TIM_Cmd           stm32f4xx_tim.o
    0x0800a284   0x000000d8   Code   RO         2199    i.TIM_ITConfig      stm32f4xx_tim.o
    0x0800a35c   0x000000a4   Code   RO         2240    i.TIM_SetCounter    stm32f4xx_tim.o
    0x0800a400   0x00000150   Code   RO         2246    i.TIM_TimeBaseInit  stm32f4xx_tim.o
    0x0800a550   0x000000c8   Code   RO         2249    i.TIM_UpdateRequestConfig  stm32f4xx_tim.o
    0x0800a618   0x0000002c   Code   RO         1184    i.TT4_AddAAR        lib_tagtype4.o
    0x0800a644   0x0000007c   Code   RO         1185    i.TT4_Init          lib_tagtype4.o
    0x0800a6c0   0x00000048   Code   RO         1186    i.TT4_ReadEmail     lib_tagtype4.o
    0x0800a708   0x00000048   Code   RO         1187    i.TT4_ReadGeo       lib_tagtype4.o
    0x0800a750   0x00000048   Code   RO         1188    i.TT4_ReadMyApp     lib_tagtype4.o
    0x0800a798   0x00000048   Code   RO         1190    i.TT4_ReadSMS       lib_tagtype4.o
    0x0800a7e0   0x00000048   Code   RO         1191    i.TT4_ReadURI       lib_tagtype4.o
    0x0800a828   0x00000048   Code   RO         1192    i.TT4_ReadVcard     lib_tagtype4.o
    0x0800a870   0x0000002c   Code   RO         1193    i.TT4_WriteEmail    lib_tagtype4.o
    0x0800a89c   0x0000002c   Code   RO         1194    i.TT4_WriteGeo      lib_tagtype4.o
    0x0800a8c8   0x0000002c   Code   RO         1196    i.TT4_WriteNDEF     lib_tagtype4.o
    0x0800a8f4   0x0000002c   Code   RO         1197    i.TT4_WriteSMS      lib_tagtype4.o
    0x0800a920   0x0000002c   Code   RO         1198    i.TT4_WriteURI      lib_tagtype4.o
    0x0800a94c   0x0000004a   Code   RO          618    i.TimerDelay_ms_Config  hw_config.o
    0x0800a996   0x00000048   Code   RO          619    i.TimerDelay_us_Config  hw_config.o
    0x0800a9de   0x00000002   PAD
    0x0800a9e0   0x00000048   Code   RO          620    i.TimerTimestamp_us_Config  hw_config.o
    0x0800aa28   0x0000000c   Code   RO          621    i.Timer_Config      hw_config.o
    0x0800aa34   0x0000000c   Code   RO          622    i.Timer_RCC_Config  hw_config.o
    0x0800aa40   0x0000007c   Code   RO          623    i.Timer_Structure_Config  hw_config.o
    0x0800aabc   0x000000c8   Code   RO         4444    i.UART4_IRQHandler  drv_bluetooth.o
    0x0800ab84   0x00000090   Code   RO         3441    i.USART_Cmd         stm32f4xx_usart.o
    0x0800ac14   0x000000dc   Code   RO         3444    i.USART_GetFlagStatus  stm32f4xx_usart.o
    0x0800acf0   0x00000144   Code   RO         3445    i.USART_GetITStatus  stm32f4xx_usart.o
    0x0800ae34   0x00000134   Code   RO         3447    i.USART_ITConfig    stm32f4xx_usart.o
    0x0800af68   0x00000208   Code   RO         3448    i.USART_Init        stm32f4xx_usart.o
    0x0800b170   0x0000006c   Code   RO         3455    i.USART_ReceiveData  stm32f4xx_usart.o
    0x0800b1dc   0x00000080   Code   RO         3458    i.USART_SendData    stm32f4xx_usart.o
    0x0800b25c   0x000000b8   Code   RO          302    i.UpFunc            menu.o
    0x0800b314   0x00000004   Code   RO          739    i.UsageFault_Handler  stm32f4xx_it.o
    0x0800b318   0x0000000e   Code   RO          303    i.WaitDebounce      menu.o
    0x0800b326   0x00000002   PAD
    0x0800b328   0x00000020   Code   RO          304    i.WaitUserAction    menu.o
    0x0800b348   0x000000a0   Code   RO          305    i.WriteEmail        menu.o
    0x0800b3e8   0x00000084   Code   RO          306    i.WriteGeo          menu.o
    0x0800b46c   0x00000084   Code   RO          307    i.WriteSMS          menu.o
    0x0800b4f0   0x00000138   Code   RO          308    i.WriteVcard        menu.o
    0x0800b628   0x0000000e   Code   RO         4598    i.__scatterload_copy  mc_w.l(handlers.o)
    0x0800b636   0x00000002   Code   RO         4599    i.__scatterload_null  mc_w.l(handlers.o)
    0x0800b638   0x0000000e   Code   RO         4600    i.__scatterload_zeroinit  mc_w.l(handlers.o)
    0x0800b646   0x00000004   Code   RO            9    i.assert_failed     main.o
    0x0800b64a   0x00000002   PAD
    0x0800b64c   0x00000018   Code   RO          625    i.decrement_delay   hw_config.o
    0x0800b664   0x0000001e   Code   RO         4138    i.delay             drv_lcdspi_ili9341.o
    0x0800b682   0x00000002   PAD
    0x0800b684   0x00000038   Code   RO          627    i.delay_ms          hw_config.o
    0x0800b6bc   0x00000038   Code   RO          628    i.delay_us          hw_config.o
    0x0800b6f4   0x0000001c   Code   RO          629    i.increment_timestamp  hw_config.o
    0x0800b710   0x000000ec   Code   RO           10    i.main              main.o
    0x0800b7fc   0x000ec8d8   Data   RO          310    .constdata          menu.o
    0x080f80d4   0x0000004c   Data   RO         1778    .constdata          stm32f4xx_flash.o
    0x080f8120   0x00000048   Data   RO         2018    .constdata          stm32f4xx_spi.o
    0x080f8168   0x00000048   Data   RO         2250    .constdata          stm32f4xx_tim.o
    0x080f81b0   0x0000004c   Data   RO         2729    .constdata          stm32f4xx_exti.o
    0x080f81fc   0x0000004c   Data   RO         2798    .constdata          stm32f4xx_gpio.o
    0x080f8248   0x00000048   Data   RO         2918    .constdata          stm32f4xx_i2c.o
    0x080f8290   0x00000048   Data   RO         3160    .constdata          stm32f4xx_rcc.o
    0x080f82d8   0x0000004c   Data   RO         3466    .constdata          stm32f4xx_usart.o
    0x080f8324   0x0000004c   Data   RO         3988    .constdata          stm32f4xx_syscfg.o
    0x080f8370   0x00000018   Data   RO         4043    .constdata          drv_led.o
    0x080f8388   0x000011d0   Data   RO         4139    .constdata          drv_lcdspi_ili9341.o
    0x080f9558   0x00000518   Data   RO          311    .conststring        menu.o
    0x080f9a70   0x00000020   Data   RO         4596    Region$$Table       anon$$obj.o


    Execution Region RW_IRAM1 (Base: 0x20000000, Size: 0x00003908, Max: 0x00020000, ABSOLUTE, COMPRESSED[0x000004e8])

    Base Addr    Size         Type   Attr      Idx    E Section Name        Object

    0x20000000   0x0000000c   Data   RW           11    .data               main.o
    0x2000000c   0x00000864   Data   RW          312    .data               menu.o
    0x20000870   0x00000008   Data   RW          630    .data               hw_config.o
    0x20000878   0x00000001   Data   RW          823    .data               drv_i2c_m24sr.o
    0x20000879   0x00000002   Data   RW          909    .data               drv_m24sr.o
    0x2000087b   0x00000001   PAD
    0x2000087c   0x00000006   Data   RW         1082    .data               lib_m24sr.o
    0x20000882   0x00000002   PAD
    0x20000884   0x0000000c   Data   RW         1542    .data               lib_ndef.o
    0x20000890   0x00000010   Data   RW         3161    .data               stm32f4xx_rcc.o
    0x200008a0   0x00000010   Data   RW         4044    .data               drv_led.o
    0x200008b0   0x00000008   Data   RW         4140    .data               drv_lcdspi_ili9341.o
    0x200008b8   0x00000054   Data   RW         4445    .data               drv_bluetooth.o
    0x2000090c   0x00000014   Data   RW         4535    .data               system_stm32f4xx.o
    0x20000920   0x00000124   Zero   RW          309    .bss                menu.o
    0x20000a44   0x0000020e   Zero   RW          908    .bss                drv_m24sr.o
    0x20000c52   0x00000010   Zero   RW         1081    .bss                lib_m24sr.o
    0x20000c62   0x00000002   PAD
    0x20000c64   0x00002230   Zero   RW         1200    .bss                lib_tagtype4.o
    0x20002e94   0x00000660   Zero   RW         1541    .bss                lib_ndef.o
    0x200034f4   0x00000010   Zero   RW         4042    .bss                drv_led.o
    0x20003504   0x00000004   PAD
    0x20003508   0x00000400   Zero   RW         4523    STACK               startup_stm32f40_41xxx.o


==============================================================================

Image component sizes


      Code (inc. data)   RO Data    RW Data    ZI Data      Debug   Object Name

      1676        360          0         84          0      10652   drv_bluetooth.o
      1128         98          0          1          0       6064   drv_i2c_m24sr.o
      2660        130       4560          8          0      22366   drv_lcdspi_ili9341.o
       200         48         24         16         16       4094   drv_led.o
      3306        158          0          2        526      21845   drv_m24sr.o
       706         44          0          8          0       7144   hw_config.o
       210          0          0          0          0       3945   lib_iso7816_password.o
      1180         42          0          6         16      12766   lib_m24sr.o
      1212         96          0         12       1632       8125   lib_ndef.o
       264         22          0          0          0       1452   lib_ndef_aar.o
      1194         86          0          0          0       4117   lib_ndef_email.o
       962         46          0          0          0       3989   lib_ndef_geo.o
       322         26          0          0          0       1975   lib_ndef_myapp.o
      1014         62          0          0          0       4097   lib_ndef_sms.o
      2464        880          0          0          0       3545   lib_ndef_uri.o
       550        140          0          0          0       2819   lib_ndef_vcard.o
       204          0          0          0          0       3990   lib_stproprietary_feature.o
       820        122          0          0       8752       9432   lib_tagtype4.o
       504         16          0         12          0     347560   main.o
     15324       4816     970224       2148        292      49109   menu.o
       372        152          0          0          0       1879   misc.o
        36          8        392          0       1024        804   startup_stm32f40_41xxx.o
       468         28         76          0          0       3274   stm32f4xx_exti.o
       152         18         76          0          0       1357   stm32f4xx_flash.o
      1616        298         76          0          0       5439   stm32f4xx_gpio.o
      1848        264         72          0          0      10288   stm32f4xx_i2c.o
       130          8          0          0          0       5579   stm32f4xx_it.o
      1380        170         72         16          0      13532   stm32f4xx_rcc.o
      1140        184         72          0          0       5178   stm32f4xx_spi.o
       196          8         76          0          0        836   stm32f4xx_syscfg.o
      1280        340         72          0          0       5283   stm32f4xx_tim.o
      1752        260         76          0          0       6749   stm32f4xx_usart.o
       100         18          0         20          0       1157   system_stm32f4xx.o

    ----------------------------------------------------------------------
     46418       8948     975900       2336      12264     590441   Object Totals
         0          0         32          0          0          0   (incl. Generated)
        48          0          0          3          6          0   (incl. Padding)

    ----------------------------------------------------------------------

      Code (inc. data)   RO Data    RW Data    ZI Data      Debug   Library Member Name

        92          0          0          0          0          0   __dczerorl2.o
         0          0          0          0          0          0   entry.o
         0          0          0          0          0          0   entry10a.o
         0          0          0          0          0          0   entry11a.o
         8          4          0          0          0          0   entry2.o
         4          0          0          0          0          0   entry5.o
         0          0          0          0          0          0   entry7b.o
         0          0          0          0          0          0   entry8b.o
         8          4          0          0          0          0   entry9a.o
        30          0          0          0          0          0   handlers.o
        36          8          0          0          0         68   init.o
        26          0          0          0          0         80   memcmp.o
        36          0          0          0          0         68   memcpya.o
        36          0          0          0          0        108   memseta.o
        14          0          0          0          0         68   strlen.o

    ----------------------------------------------------------------------
       290         16          0          0          0        392   Library Totals
         0          0          0          0          0          0   (incl. Padding)

    ----------------------------------------------------------------------

      Code (inc. data)   RO Data    RW Data    ZI Data      Debug   Library Name

       290         16          0          0          0        392   mc_w.l

    ----------------------------------------------------------------------
       290         16          0          0          0        392   Library Totals

    ----------------------------------------------------------------------

==============================================================================


      Code (inc. data)   RO Data    RW Data    ZI Data      Debug   

     46708       8964     975900       2336      12264     560329   Grand Totals
     46708       8964     975900       1256      12264     560329   ELF Image Totals (compressed)
     46708       8964     975900       1256          0          0   ROM Totals

==============================================================================

    Total RO  Size (Code + RO Data)              1022608 ( 998.64kB)
    Total RW  Size (RW Data + ZI Data)             14600 (  14.26kB)
    Total ROM Size (Code + RO Data + RW Data)    1023864 ( 999.87kB)

==============================================================================

