ARM Linker, 5.03 [Build 69] [MDK-ARM Standard]

==============================================================================

Section Cross References

    main.o(i.IntExtOnOffConfig) refers to stm32f10x_exti.o(i.EXTI_StructInit) for EXTI_StructInit
    main.o(i.IntExtOnOffConfig) refers to stm32f10x_exti.o(i.EXTI_Init) for EXTI_Init
    main.o(i.IntExtOnOffConfig) refers to stm32f10x_exti.o(i.EXTI_ClearITPendingBit) for EXTI_ClearITPendingBit
    main.o(i.LED_Init) refers to drv_led.o(i.LED_Config) for LED_Config
    main.o(i.LED_Show) refers to drv_led.o(i.LED_On) for LED_On
    main.o(i.LED_Show) refers to hw_config.o(i.delay_ms) for delay_ms
    main.o(i.LED_Show) refers to drv_led.o(i.LED_Off) for LED_Off
    main.o(i.M24SR_DemoInit) refers to lib_iso7816_password.o(i.ISO7816_DisableAllPassword) for ISO7816_DisableAllPassword
    main.o(i.SysTick_Configuration) refers to main.o(i.NVIC_SetPriority) for NVIC_SetPriority
    main.o(i.SysTick_Configuration) refers to system_stm32f10x.o(.data) for SystemCoreClock
    main.o(i.main) refers to stm32f10x_rcc.o(i.RCC_HSEConfig) for RCC_HSEConfig
    main.o(i.main) refers to stm32f10x_rcc.o(i.RCC_WaitForHSEStartUp) for RCC_WaitForHSEStartUp
    main.o(i.main) refers to stm32f10x_flash.o(i.FLASH_PrefetchBufferCmd) for FLASH_PrefetchBufferCmd
    main.o(i.main) refers to stm32f10x_flash.o(i.FLASH_SetLatency) for FLASH_SetLatency
    main.o(i.main) refers to stm32f10x_rcc.o(i.RCC_HCLKConfig) for RCC_HCLKConfig
    main.o(i.main) refers to stm32f10x_rcc.o(i.RCC_PCLK2Config) for RCC_PCLK2Config
    main.o(i.main) refers to stm32f10x_rcc.o(i.RCC_PCLK1Config) for RCC_PCLK1Config
    main.o(i.main) refers to stm32f10x_rcc.o(i.RCC_PLLConfig) for RCC_PLLConfig
    main.o(i.main) refers to stm32f10x_rcc.o(i.RCC_PLLCmd) for RCC_PLLCmd
    main.o(i.main) refers to stm32f10x_rcc.o(i.RCC_GetFlagStatus) for RCC_GetFlagStatus
    main.o(i.main) refers to stm32f10x_rcc.o(i.RCC_SYSCLKConfig) for RCC_SYSCLKConfig
    main.o(i.main) refers to stm32f10x_rcc.o(i.RCC_GetSYSCLKSource) for RCC_GetSYSCLKSource
    main.o(i.main) refers to stm32f10x_rcc.o(i.RCC_APB2PeriphClockCmd) for RCC_APB2PeriphClockCmd
    main.o(i.main) refers to hw_config.o(i.Interrupts_Config) for Interrupts_Config
    main.o(i.main) refers to hw_config.o(i.Timer_Config) for Timer_Config
    main.o(i.main) refers to main.o(i.SysTick_Configuration) for SysTick_Configuration
    main.o(i.main) refers to menu.o(i.InitJoystick) for InitJoystick
    main.o(i.main) refers to main.o(i.LED_Init) for LED_Init
    main.o(i.main) refers to main.o(i.LED_Show) for LED_Show
    main.o(i.main) refers to drv_lcdspi_ili9341.o(i.LCD_Init) for LCD_Init
    main.o(i.main) refers to menu.o(i.STIntro) for STIntro
    main.o(i.main) refers to lib_tagtype4.o(i.TT4_Init) for TT4_Init
    main.o(i.main) refers to main.o(i.M24SR_DemoInit) for M24SR_DemoInit
    main.o(i.main) refers to drv_m24sr.o(i.M24SR_RFConfig) for M24SR_RFConfig
    main.o(i.main) refers to drv_led.o(i.LED_On) for LED_On
    main.o(i.main) refers to hw_config.o(i.StartPerfMeasurement) for StartPerfMeasurement
    main.o(i.main) refers to drv_bluetooth.o(i.BT_Init) for BT_Init
    main.o(i.main) refers to menu.o(i.ShowMenuIcons) for ShowMenuIcons
    main.o(i.main) refers to main.o(i.IntExtOnOffConfig) for IntExtOnOffConfig
    main.o(i.main) refers to menu.o(i.SelFunc) for SelFunc
    main.o(i.main) refers to main.o(.data) for SELStatus
    menu.o(i.AboutFunc) refers to drv_lcdspi_ili9341.o(i.LCD_Clear) for LCD_Clear
    menu.o(i.AboutFunc) refers to main.o(i.IntExtOnOffConfig) for IntExtOnOffConfig
    menu.o(i.AboutFunc) refers to menu.o(i.WaitDebounce) for WaitDebounce
    menu.o(i.AboutFunc) refers to drv_lcdspi_ili9341.o(i.LCD_SetBackColor) for LCD_SetBackColor
    menu.o(i.AboutFunc) refers to drv_lcdspi_ili9341.o(i.LCD_SetTextColor) for LCD_SetTextColor
    menu.o(i.AboutFunc) refers to drv_lcdspi_ili9341.o(i.LCD_ClearLine) for LCD_ClearLine
    menu.o(i.AboutFunc) refers to drv_lcdspi_ili9341.o(i.LCD_DisplayStringLine) for LCD_DisplayStringLine
    menu.o(i.AboutFunc) refers to menu.o(i.WaitUserAction) for WaitUserAction
    menu.o(i.AboutFunc) refers to menu.o(i.DisplayMenu) for DisplayMenu
    menu.o(i.AntennaPres) refers to drv_lcdspi_ili9341.o(i.LCD_Clear) for LCD_Clear
    menu.o(i.AntennaPres) refers to main.o(i.IntExtOnOffConfig) for IntExtOnOffConfig
    menu.o(i.AntennaPres) refers to menu.o(i.WaitDebounce) for WaitDebounce
    menu.o(i.AntennaPres) refers to drv_lcdspi_ili9341.o(i.LCD_SetBackColor) for LCD_SetBackColor
    menu.o(i.AntennaPres) refers to drv_lcdspi_ili9341.o(i.LCD_SetTextColor) for LCD_SetTextColor
    menu.o(i.AntennaPres) refers to drv_lcdspi_ili9341.o(i.LCD_DisplayStringLine) for LCD_DisplayStringLine
    menu.o(i.AntennaPres) refers to hw_config.o(i.delay_ms) for delay_ms
[...]
    i.USART_Init                             0x08009574   Section        0  stm32f10x_usart.o(i.USART_Init)
    i.USART_ReceiveData                      0x0800964c   Section        0  stm32f10x_usart.o(i.USART_ReceiveData)
    i.USART_SendData                         0x08009656   Section        0  stm32f10x_usart.o(i.USART_SendData)
    i.UpFunc                                 0x08009660   Section        0  menu.o(i.UpFunc)
    i.UsageFault_Handler                     0x08009718   Section        0  stm32f10x_it.o(i.UsageFault_Handler)
    i.WaitDebounce                           0x0800971c   Section        0  menu.o(i.WaitDebounce)
    WaitDebounce                             0x0800971d   Thumb Code    14  menu.o(i.WaitDebounce)
    i.WaitUserAction                         0x0800972c   Section        0  menu.o(i.WaitUserAction)
    WaitUserAction                           0x0800972d   Thumb Code    26  menu.o(i.WaitUserAction)
    i.WriteEmail                             0x0800974c   Section        0  menu.o(i.WriteEmail)
    WriteEmail                               0x0800974d   Thumb Code   118  menu.o(i.WriteEmail)
    i.WriteGeo                               0x080097ec   Section        0  menu.o(i.WriteGeo)
    WriteGeo                                 0x080097ed   Thumb Code    94  menu.o(i.WriteGeo)
    i.WriteSMS                               0x08009870   Section        0  menu.o(i.WriteSMS)
    WriteSMS                                 0x08009871   Thumb Code    94  menu.o(i.WriteSMS)
    i.WriteVcard                             0x080098f4   Section        0  menu.o(i.WriteVcard)
    WriteVcard                               0x080098f5   Thumb Code   244  menu.o(i.WriteVcard)
    i.__scatterload_copy                     0x08009a2c   Section       14  handlers.o(i.__scatterload_copy)
    i.__scatterload_null                     0x08009a3a   Section        2  handlers.o(i.__scatterload_null)
    i.__scatterload_zeroinit                 0x08009a3c   Section       14  handlers.o(i.__scatterload_zeroinit)
    i.decrement_delay                        0x08009a4c   Section        0  hw_config.o(i.decrement_delay)
    i.delay                                  0x08009a64   Section        0  drv_lcdspi_ili9341.o(i.delay)
    delay                                    0x08009a65   Thumb Code    30  drv_lcdspi_ili9341.o(i.delay)
    i.delay_ms                               0x08009a84   Section        0  hw_config.o(i.delay_ms)
    i.delay_us                               0x08009abc   Section        0  hw_config.o(i.delay_us)
    i.increment_timestamp                    0x08009af4   Section        0  hw_config.o(i.increment_timestamp)
    i.main                                   0x08009b10   Section        0  main.o(i.main)
    .constdata                               0x08009bf0   Section    968920  menu.o(.constdata)
    .constdata                               0x080f64c8   Section       24  drv_led.o(.constdata)
    .constdata                               0x080f64e0   Section     4560  drv_lcdspi_ili9341.o(.constdata)
    .conststring                             0x080f76b0   Section     1304  menu.o(.conststring)
    .data                                    0x20000000   Section       12  main.o(.data)
    counter_delay_ms                         0x2000000a   Data           2  main.o(.data)
    .data                                    0x2000000c   Section     2148  menu.o(.data)
    TimingDelay                              0x2000000c   Data           4  menu.o(.data)
    .data                                    0x20000870   Section        8  hw_config.o(.data)
    counter_delay_ms                         0x20000870   Data           2  hw_config.o(.data)
    timestamp_us                             0x20000874   Data           4  hw_config.o(.data)
    .data                                    0x20000878   Section        1  drv_i2c_m24sr.o(.data)
    uSynchroMode                             0x20000878   Data           1  drv_i2c_m24sr.o(.data)
    .data                                    0x20000879   Section        2  drv_m24sr.o(.data)
    uDIDbyte                                 0x20000879   Data           1  drv_m24sr.o(.data)
    BlockNumber                              0x2000087a   Data           1  drv_m24sr.o(.data)
    .data                                    0x2000087c   Section        6  lib_m24sr.o(.data)
    NDEFSessionOpenID                        0x2000087c   Data           4  lib_m24sr.o(.data)
    NDEF_FileID                              0x20000880   Data           2  lib_m24sr.o(.data)
    .data                                    0x20000884   Section       12  lib_ndef.o(.data)
    .data                                    0x20000890   Section       20  stm32f10x_rcc.o(.data)
    APBAHBPrescTable                         0x20000890   Data          16  stm32f10x_rcc.o(.data)
    ADCPrescTable                            0x200008a0   Data           4  stm32f10x_rcc.o(.data)
    .data                                    0x200008a4   Section       16  drv_led.o(.data)
    .data                                    0x200008b4   Section        8  drv_lcdspi_ili9341.o(.data)
    CurrentTextColor                         0x200008b4   Data           2  drv_lcdspi_ili9341.o(.data)
    CurrentBackColor                         0x200008b6   Data           2  drv_lcdspi_ili9341.o(.data)
    TextColor                                0x200008b8   Data           2  drv_lcdspi_ili9341.o(.data)
    BackColor                                0x200008ba   Data           2  drv_lcdspi_ili9341.o(.data)
    .data                                    0x200008bc   Section       84  drv_bluetooth.o(.data)
    rx_index                                 0x2000090c   Data           4  drv_bluetooth.o(.data)
    .data                                    0x20000910   Section       20  system_stm32f10x.o(.data)
    .bss                                     0x20000924   Section      292  menu.o(.bss)
    .bss                                     0x20000a48   Section      526  drv_m24sr.o(.bss)
    Command                                  0x20000a48   Data          16  drv_m24sr.o(.bss)
    DataBuffer                               0x20000a58   Data         255  drv_m24sr.o(.bss)
    .bss                                     0x20000c56   Section       16  lib_m24sr.o(.bss)
    .bss                                     0x20000c68   Section     8752  lib_tagtype4.o(.bss)
    .bss                                     0x20002e98   Section     1632  lib_ndef.o(.bss)
    .bss                                     0x200034f8   Section       16  drv_led.o(.bss)
    STACK                                    0x20003508   Section     8192  startup_stm32f10x_xl.o(STACK)

    Global Symbols

    Symbol Name                              Value     Ov Type        Size  Object(Section)

    BuildAttributes$$THM_ISAv4$P$D$K$B$S$PE$A:L22UL41UL21$X:L11$S22US41US21$IEEE1$IW$USESV6$~STKCKD$USESV7$~SHL$OSPACE$EBA8$MICROLIB$REQ8$PRES8$EABIv2 0x00000000   Number         0  anon$$obj.o ABSOLUTE
    __ARM_use_no_argv                        0x00000000   Number         0  main.o ABSOLUTE
    __cpp_initialize__aeabi_                  - Undefined Weak Reference
    __cxa_finalize                            - Undefined Weak Reference
    _clock_init                               - Undefined Weak Reference
    _microlib_exit                            - Undefined Weak Reference
    __Vectors_Size                           0x00000130   Number         0  startup_stm32f10x_xl.o ABSOLUTE
    __Vectors                                0x08000000   Data           4  startup_stm32f10x_xl.o(RESET)
    __Vectors_End                            0x08000130   Data           0  startup_stm32f10x_xl.o(RESET)
    __main                                   0x08000131   Thumb Code     0  entry.o(.ARM.Collect$$$$00000000)
    _main_stk                                0x08000131   Thumb Code     0  entry2.o(.ARM.Collect$$$$00000001)
    _main_scatterload                        0x08000135   Thumb Code     0  entry5.o(.ARM.Collect$$$$00000004)
    __main_after_scatterload                 0x08000139   Thumb Code     0  entry5.o(.ARM.Collect$$$$00000004)
    _main_clock                              0x08000139   Thumb Code     0  entry7b.o(.ARM.Collect$$$$00000008)
    _main_cpp_init                           0x08000139   Thumb Code     0  entry8b.o(.ARM.Collect$$$$0000000A)
    _main_init                               0x08000139   Thumb Code     0  entry9a.o(.ARM.Collect$$$$0000000B)
    __rt_final_cpp                           0x08000141   Thumb Code     0  entry10a.o(.ARM.Collect$$$$0000000D)
    __rt_final_exit                          0x08000141   Thumb Code     0  entry11a.o(.ARM.Collect$$$$0000000F)
    Reset_Handler                            0x08000145   Thumb Code     8  startup_stm32f10x_xl.o(.text)
    ADC1_2_IRQHandler                        0x0800015f   Thumb Code     0  startup_stm32f10x_xl.o(.text)
    ADC3_IRQHandler                          0x0800015f   Thumb Code     0  startup_stm32f10x_xl.o(.text)
    CAN1_RX1_IRQHandler                      0x0800015f   Thumb Code     0  startup_stm32f10x_xl.o(.text)
    CAN1_SCE_IRQHandler                      0x0800015f   Thumb Code     0  startup_stm32f10x_xl.o(.text)
    DMA1_Channel1_IRQHandler                 0x0800015f   Thumb Code     0  startup_stm32f10x_xl.o(.text)
    DMA1_Channel2_IRQHandler                 0x0800015f   Thumb Code     0  startup_stm32f10x_xl.o(.text)
    DMA1_Channel3_IRQHandler                 0x0800015f   Thumb Code     0  startup_stm32f10x_xl.o(.text)
    DMA1_Channel4_IRQHandler                 0x0800015f   Thumb Code     0  startup_stm32f10x_xl.o(.text)
    DMA1_Channel5_IRQHandler                 0x0800015f   Thumb Code     0  startup_stm32f10x_xl.o(.text)
    DMA1_Channel6_IRQHandler                 0x0800015f   Thumb Code     0  startup_stm32f10x_xl.o(.text)
    DMA1_Channel7_IRQHandler                 0x0800015f   Thumb Code     0  startup_stm32f10x_xl.o(.text)
    DMA2_Channel1_IRQHandler                 0x0800015f   Thumb Code     0  startup_stm32f10x_xl.o(.text)
    DMA2_Channel2_IRQHandler                 0x0800015f   Thumb Code     0  startup_stm32f10x_xl.o(.text)
    DMA2_Channel3_IRQHandler                 0x0800015f   Thumb Code     0  startup_stm32f10x_xl.o(.text)
    DMA2_Channel4_5_IRQHandler               0x0800015f   Thumb Code     0  startup_stm32f10x_xl.o(.text)
    EXTI0_IRQHandler                         0x0800015f   Thumb Code     0  startup_stm32f10x_xl.o(.text)
    EXTI15_10_IRQHandler                     0x0800015f   Thumb Code     0  startup_stm32f10x_xl.o(.text)
    EXTI1_IRQHandler                         0x0800015f   Thumb Code     0  startup_stm32f10x_xl.o(.text)
    EXTI2_IRQHandler                         0x0800015f   Thumb Code     0  startup_stm32f10x_xl.o(.text)
    EXTI3_IRQHandler                         0x0800015f   Thumb Code     0  startup_stm32f10x_xl.o(.text)
    EXTI4_IRQHandler                         0x0800015f   Thumb Code     0  startup_stm32f10x_xl.o(.text)
    FLASH_IRQHandler                         0x0800015f   Thumb Code     0  startup_stm32f10x_xl.o(.text)
    FSMC_IRQHandler                          0x0800015f   Thumb Code     0  startup_stm32f10x_xl.o(.text)
    I2C1_ER_IRQHandler                       0x0800015f   Thumb Code     0  startup_stm32f10x_xl.o(.text)
    I2C1_EV_IRQHandler                       0x0800015f   Thumb Code     0  startup_stm32f10x_xl.o(.text)
    I2C2_ER_IRQHandler                       0x0800015f   Thumb Code     0  startup_stm32f10x_xl.o(.text)
    I2C2_EV_IRQHandler                       0x0800015f   Thumb Code     0  startup_stm32f10x_xl.o(.text)
    PVD_IRQHandler                           0x0800015f   Thumb Code     0  startup_stm32f10x_xl.o(.text)
    RCC_IRQHandler                           0x0800015f   Thumb Code     0  startup_stm32f10x_xl.o(.text)
    RTCAlarm_IRQHandler                      0x0800015f   Thumb Code     0  startup_stm32f10x_xl.o(.text)
    RTC_IRQHandler                           0x0800015f   Thumb Code     0  startup_stm32f10x_xl.o(.text)
    SDIO_IRQHandler                          0x0800015f   Thumb Code     0  startup_stm32f10x_xl.o(.text)
    SPI1_IRQHandler                          0x0800015f   Thumb Code     0  startup_stm32f10x_xl.o(.text)
    SPI2_IRQHandler                          0x0800015f   Thumb Code     0  startup_stm32f10x_xl.o(.text)
    SPI3_IRQHandler                          0x0800015f   Thumb Code     0  startup_stm32f10x_xl.o(.text)
    TAMPER_IRQHandler                        0x0800015f   Thumb Code     0  startup_stm32f10x_xl.o(.text)
    TIM1_BRK_TIM9_IRQHandler                 0x0800015f   Thumb Code     0  startup_stm32f10x_xl.o(.text)
    TIM1_CC_IRQHandler                       0x0800015f   Thumb Code     0  startup_stm32f10x_xl.o(.text)
    TIM1_TRG_COM_TIM11_IRQHandler            0x0800015f   Thumb Code     0  startup_stm32f10x_xl.o(.text)
    TIM1_UP_TIM10_IRQHandler                 0x0800015f   Thumb Code     0  startup_stm32f10x_xl.o(.text)
    TIM4_IRQHandler                          0x0800015f   Thumb Code     0  startup_stm32f10x_xl.o(.text)
    TIM5_IRQHandler                          0x0800015f   Thumb Code     0  startup_stm32f10x_xl.o(.text)
    TIM6_IRQHandler                          0x0800015f   Thumb Code     0  startup_stm32f10x_xl.o(.text)
    TIM7_IRQHandler                          0x0800015f   Thumb Code     0  startup_stm32f10x_xl.o(.text)
    TIM8_BRK_TIM12_IRQHandler                0x0800015f   Thumb Code     0  startup_stm32f10x_xl.o(.text)
    TIM8_CC_IRQHandler                       0x0800015f   Thumb Code     0  startup_stm32f10x_xl.o(.text)
    TIM8_TRG_COM_TIM14_IRQHandler            0x0800015f   Thumb Code     0  startup_stm32f10x_xl.o(.text)
    TIM8_UP_TIM13_IRQHandler                 0x0800015f   Thumb Code     0  startup_stm32f10x_xl.o(.text)
    UART5_IRQHandler                         0x0800015f   Thumb Code     0  startup_stm32f10x_xl.o(.text)
    USART1_IRQHandler                        0x0800015f   Thumb Code     0  startup_stm32f10x_xl.o(.text)
    USART2_IRQHandler                        0x0800015f   Thumb Code     0  startup_stm32f10x_xl.o(.text)
    USART3_IRQHandler                        0x0800015f   Thumb Code     0  startup_stm32f10x_xl.o(.text)
    USBWakeUp_IRQHandler                     0x0800015f   Thumb Code     0  startup_stm32f10x_xl.o(.text)
    USB_HP_CAN1_TX_IRQHandler                0x0800015f   Thumb Code     0  startup_stm32f10x_xl.o(.text)
    USB_LP_CAN1_RX0_IRQHandler               0x0800015f   Thumb Code     0  startup_stm32f10x_xl.o(.text)
    WWDG_IRQHandler                          0x0800015f   Thumb Code     0  startup_stm32f10x_xl.o(.text)
    __aeabi_memcpy                           0x08000169   Thumb Code    36  memcpya.o(.text)
    __aeabi_memcpy4                          0x08000169   Thumb Code     0  memcpya.o(.text)
    __aeabi_memcpy8                          0x08000169   Thumb Code     0  memcpya.o(.text)
    __aeabi_memset                           0x0800018d   Thumb Code    14  memseta.o(.text)
    __aeabi_memset4                          0x0800018d   Thumb Code     0  memseta.o(.text)
    __aeabi_memset8                          0x0800018d   Thumb Code     0  memseta.o(.text)
    __aeabi_memclr                           0x0800019b   Thumb Code     4  memseta.o(.text)
    __aeabi_memclr4                          0x0800019b   Thumb Code     0  memseta.o(.text)
    __aeabi_memclr8                          0x0800019b   Thumb Code     0  memseta.o(.text)
    _memset$wrapper                          0x0800019f   Thumb Code    18  memseta.o(.text)
    strlen                                   0x080001b1   Thumb Code    14  strlen.o(.text)
    memcmp                                   0x080001bf   Thumb Code    26  memcmp.o(.text)
    __scatterload                            0x080001d9   Thumb Code    28  init.o(.text)
    __scatterload_rt2                        0x080001d9   Thumb Code     0  init.o(.text)
    __decompress                             0x080001fd   Thumb Code     0  __dczerorl2.o(.text)
    __decompress1                            0x080001fd   Thumb Code    92  __dczerorl2.o(.text)
    BT_Disable                               0x080004b5   Thumb Code    30  drv_bluetooth.o(i.BT_Disable)
    BT_Enable                                0x080004e1   Thumb Code    26  drv_bluetooth.o(i.BT_Enable)
    BT_GetMacAddr                            0x08000581   Thumb Code    24  drv_bluetooth.o(i.BT_GetMacAddr)
    BT_Init                                  0x080008c9   Thumb Code   136  drv_bluetooth.o(i.BT_Init)
    BusFault_Handler                         0x08000a09   Thumb Code     4  stm32f10x_it.o(i.BusFault_Handler)
    DebugMon_Handler                         0x08000ac9   Thumb Code     2  stm32f10x_it.o(i.DebugMon_Handler)
    DownFunc                                 0x08002651   Thumb Code   162  menu.o(i.DownFunc)
    EXTI9_5_IRQHandler                       0x0800270d   Thumb Code    64  stm32f10x_it.o(i.EXTI9_5_IRQHandler)
    EXTI_ClearITPendingBit                   0x08002751   Thumb Code     6  stm32f10x_exti.o(i.EXTI_ClearITPendingBit)
    EXTI_GetITStatus                         0x0800275d   Thumb Code    34  stm32f10x_exti.o(i.EXTI_GetITStatus)
    EXTI_Init                                0x08002785   Thumb Code   142  stm32f10x_exti.o(i.EXTI_Init)
    EXTI_StructInit                          0x08002819   Thumb Code    16  stm32f10x_exti.o(i.EXTI_StructInit)
    FLASH_PrefetchBufferCmd                  0x08002e59   Thumb Code    22  stm32f10x_flash.o(i.FLASH_PrefetchBufferCmd)
    FLASH_SetLatency                         0x08002e75   Thumb Code    18  stm32f10x_flash.o(i.FLASH_SetLatency)
    GPIO_EXTILineConfig                      0x08002e8d   Thumb Code    60  stm32f10x_gpio.o(i.GPIO_EXTILineConfig)
    GPIO_Init                                0x08002ecd   Thumb Code   274  stm32f10x_gpio.o(i.GPIO_Init)
    GPIO_ReadInputDataBit                    0x08002fdf   Thumb Code    18  stm32f10x_gpio.o(i.GPIO_ReadInputDataBit)
    GPIO_ResetBits                           0x08002ff1   Thumb Code     4  stm32f10x_gpio.o(i.GPIO_ResetBits)
    GPIO_SetBits                             0x08002ff5   Thumb Code     4  stm32f10x_gpio.o(i.GPIO_SetBits)
    GPIO_WriteBit                            0x08002ff9   Thumb Code    10  stm32f10x_gpio.o(i.GPIO_WriteBit)
    GetElapsed_us                            0x08003005   Thumb Code     6  hw_config.o(i.GetElapsed_us)
    HardFault_Handler                        0x08003011   Thumb Code     4  stm32f10x_it.o(i.HardFault_Handler)
    I2C_AcknowledgeConfig                    0x0800305d   Thumb Code    24  stm32f10x_i2c.o(i.I2C_AcknowledgeConfig)
    I2C_CheckEvent                           0x08003075   Thumb Code    42  stm32f10x_i2c.o(i.I2C_CheckEvent)
    I2C_ClearFlag                            0x0800309f   Thumb Code    12  stm32f10x_i2c.o(i.I2C_ClearFlag)
    I2C_Cmd                                  0x080030ab   Thumb Code    24  stm32f10x_i2c.o(i.I2C_Cmd)
    I2C_DeInit                               0x080030c5   Thumb Code    50  stm32f10x_i2c.o(i.I2C_DeInit)
    I2C_GenerateSTART                        0x080030fd   Thumb Code    24  stm32f10x_i2c.o(i.I2C_GenerateSTART)
    I2C_GenerateSTOP                         0x08003115   Thumb Code    24  stm32f10x_i2c.o(i.I2C_GenerateSTOP)
    I2C_GetFlagStatus                        0x0800312d   Thumb Code    58  stm32f10x_i2c.o(i.I2C_GetFlagStatus)
    I2C_Init                                 0x08003169   Thumb Code   222  stm32f10x_i2c.o(i.I2C_Init)
    I2C_ReadRegister                         0x08003255   Thumb Code    22  stm32f10x_i2c.o(i.I2C_ReadRegister)
    I2C_ReceiveData                          0x0800326b   Thumb Code     8  stm32f10x_i2c.o(i.I2C_ReceiveData)
    I2C_Send7bitAddress                      0x08003273   Thumb Code    18  stm32f10x_i2c.o(i.I2C_Send7bitAddress)
    I2C_SendData                             0x08003285   Thumb Code     4  stm32f10x_i2c.o(i.I2C_SendData)
    ISO7816_DisableAllPassword               0x08003289   Thumb Code    42  lib_iso7816_password.o(i.ISO7816_DisableAllPassword)
    ISO7816_DisableReadPwd                   0x080032b3   Thumb Code    40  lib_iso7816_password.o(i.ISO7816_DisableReadPwd)
    ISO7816_DisableWritePwd                  0x080032db   Thumb Code    40  lib_iso7816_password.o(i.ISO7816_DisableWritePwd)
    ISO7816_EnableReadPwd                    0x08003303   Thumb Code    44  lib_iso7816_password.o(i.ISO7816_EnableReadPwd)
    ISO7816_EnableWritePwd                   0x0800332f   Thumb Code    44  lib_iso7816_password.o(i.ISO7816_EnableWritePwd)
    InitJoystick                             0x0800335d   Thumb Code   132  menu.o(i.InitJoystick)
    IntExtOnOffConfig                        0x080033e5   Thumb Code    72  main.o(i.IntExtOnOffConfig)
    Interrupts_Config                        0x0800342d   Thumb Code   180  hw_config.o(i.Interrupts_Config)
    IsBTModulePresent                        0x080034e1   Thumb Code     6  drv_bluetooth.o(i.IsBTModulePresent)
    IsLED_On                                 0x080034ed   Thumb Code    18  drv_led.o(i.IsLED_On)
    LCD_ChipSelect                           0x08003519   Thumb Code    30  drv_lcdspi_ili9341.o(i.LCD_ChipSelect)
    LCD_Clear                                0x0800353d   Thumb Code    48  drv_lcdspi_ili9341.o(i.LCD_Clear)
    LCD_ClearLine                            0x0800356d   Thumb Code    40  drv_lcdspi_ili9341.o(i.LCD_ClearLine)
    LCD_CtrlLinesConfig_ILI9341              0x08003599   Thumb Code     2  drv_lcdspi_ili9341.o(i.LCD_CtrlLinesConfig_ILI9341)
    LCD_CtrlLinesWrite                       0x0800359b   Thumb Code    20  drv_lcdspi_ili9341.o(i.LCD_CtrlLinesWrite)
    LCD_DisplayChar                          0x080035b1   Thumb Code    34  drv_lcdspi_ili9341.o(i.LCD_DisplayChar)
    LCD_DisplayStringLine                    0x080035d9   Thumb Code    46  drv_lcdspi_ili9341.o(i.LCD_DisplayStringLine)
    LCD_DisplayStringLineWSize               0x08003609   Thumb Code    78  drv_lcdspi_ili9341.o(i.LCD_DisplayStringLineWSize)
    LCD_DrawChar                             0x0800365d   Thumb Code   172  drv_lcdspi_ili9341.o(i.LCD_DrawChar)
    LCD_DrawFullRect                         0x08003715   Thumb Code    42  drv_lcdspi_ili9341.o(i.LCD_DrawFullRect)
    LCD_DrawLine                             0x08003741   Thumb Code    76  drv_lcdspi_ili9341.o(i.LCD_DrawLine)
    LCD_DrawRect                             0x08003791   Thumb Code    68  drv_lcdspi_ili9341.o(i.LCD_DrawRect)
    LCD_Init                                 0x080037d5   Thumb Code    22  drv_lcdspi_ili9341.o(i.LCD_Init)
    LCD_PowerOn                              0x080037ed   Thumb Code   778  drv_lcdspi_ili9341.o(i.LCD_PowerOn)
    LCD_SPIConfig                            0x08003b01   Thumb Code   180  drv_lcdspi_ili9341.o(i.LCD_SPIConfig)
    LCD_SetBackColor                         0x08003bc1   Thumb Code    12  drv_lcdspi_ili9341.o(i.LCD_SetBackColor)
    LCD_SetCursor                            0x08003bd1   Thumb Code   108  drv_lcdspi_ili9341.o(i.LCD_SetCursor)
    LCD_SetCursor_onwindows                  0x08003c41   Thumb Code   212  drv_lcdspi_ili9341.o(i.LCD_SetCursor_onwindows)
    LCD_SetDisplayWindow                     0x08003d19   Thumb Code   128  drv_lcdspi_ili9341.o(i.LCD_SetDisplayWindow)
    LCD_SetTextColor                         0x08003d9d   Thumb Code    12  drv_lcdspi_ili9341.o(i.LCD_SetTextColor)
    LCD_WindowModeDisable                    0x08003dad   Thumb Code    18  drv_lcdspi_ili9341.o(i.LCD_WindowModeDisable)
    LCD_WriteBMP_FAT                         0x08003dc1   Thumb Code   130  drv_lcdspi_ili9341.o(i.LCD_WriteBMP_FAT)
    LCD_WriteCommand                         0x08003e49   Thumb Code    50  drv_lcdspi_ili9341.o(i.LCD_WriteCommand)
    LCD_WriteData                            0x08003e85   Thumb Code    50  drv_lcdspi_ili9341.o(i.LCD_WriteData)
    LCD_WriteRAM                             0x08003ec1   Thumb Code    12  drv_lcdspi_ili9341.o(i.LCD_WriteRAM)
    LCD_WriteRAM_Close                       0x08003ecd   Thumb Code    22  drv_lcdspi_ili9341.o(i.LCD_WriteRAM_Close)
    LCD_WriteRAM_Prepare                     0x08003eed   Thumb Code    28  drv_lcdspi_ili9341.o(i.LCD_WriteRAM_Prepare)
    LCD_nCS_StartByte                        0x08003f0d   Thumb Code    34  drv_lcdspi_ili9341.o(i.LCD_nCS_StartByte)
    LED_Config                               0x08003f39   Thumb Code    60  drv_led.o(i.LED_Config)
    LED_Off                                  0x08003f9d   Thumb Code    34  drv_led.o(i.LED_Off)
    LED_On                                   0x08003fcd   Thumb Code    32  drv_led.o(i.LED_On)
    M24SR_ChangeReferenceData                0x0800467d   Thumb Code   160  drv_m24sr.o(i.M24SR_ChangeReferenceData)
    M24SR_CloseNDEFSession                   0x08004725   Thumb Code    66  lib_m24sr.o(i.M24SR_CloseNDEFSession)
    M24SR_Deselect                           0x080047ad   Thumb Code    88  drv_m24sr.o(i.M24SR_Deselect)
    M24SR_DisableAllPassword                 0x0800480d   Thumb Code    70  lib_m24sr.o(i.M24SR_DisableAllPassword)
    M24SR_DisablePermanentState              0x08004855   Thumb Code   144  drv_m24sr.o(i.M24SR_DisablePermanentState)
    M24SR_DisableReadOnly                    0x080048ed   Thumb Code    42  lib_m24sr.o(i.M24SR_DisableReadOnly)
    M24SR_DisableReadPassword                0x0800491d   Thumb Code    36  lib_m24sr.o(i.M24SR_DisableReadPassword)
    M24SR_DisableVerificationRequirement     0x08004941   Thumb Code   144  drv_m24sr.o(i.M24SR_DisableVerificationRequirement)
    M24SR_DisableWriteOnly                   0x080049d9   Thumb Code    42  lib_m24sr.o(i.M24SR_DisableWriteOnly)
    M24SR_DisableWritePassword               0x08004a09   Thumb Code    36  lib_m24sr.o(i.M24SR_DisableWritePassword)
    M24SR_EnablePermanentState               0x08004a2d   Thumb Code   144  drv_m24sr.o(i.M24SR_EnablePermanentState)
    M24SR_EnableReadOnly                     0x08004ac5   Thumb Code    36  lib_m24sr.o(i.M24SR_EnableReadOnly)
    M24SR_EnableReadPassword                 0x08004ae9   Thumb Code    46  lib_m24sr.o(i.M24SR_EnableReadPassword)
    M24SR_EnableVerificationRequirement      0x08004b19   Thumb Code   144  drv_m24sr.o(i.M24SR_EnableVerificationRequirement)
    M24SR_EnableWriteOnly                    0x08004bb1   Thumb Code    36  lib_m24sr.o(i.M24SR_EnableWriteOnly)
    M24SR_EnableWritePassword                0x08004bd5   Thumb Code    46  lib_m24sr.o(i.M24SR_EnableWritePassword)
    M24SR_ForceReadData                      0x08004c8d   Thumb Code    92  lib_m24sr.o(i.M24SR_ForceReadData)
    M24SR_GetNDEFFileId                      0x08004ce9   Thumb Code    28  lib_m24sr.o(i.M24SR_GetNDEFFileId)
    M24SR_GetSession                         0x08004d09   Thumb Code    58  drv_m24sr.o(i.M24SR_GetSession)
    M24SR_I2CInit                            0x08004d49   Thumb Code   164  drv_i2c_m24sr.o(i.M24SR_I2CInit)
    M24SR_Init                               0x08004dfd   Thumb Code    26  drv_m24sr.o(i.M24SR_Init)
    M24SR_Initialization                     0x08004e3d   Thumb Code   190  lib_m24sr.o(i.M24SR_Initialization)
    M24SR_IsAnswerReady                      0x08004f01   Thumb Code    98  drv_i2c_m24sr.o(i.M24SR_IsAnswerReady)
    M24SR_KillSession                        0x08004fbd   Thumb Code    66  drv_m24sr.o(i.M24SR_KillSession)
    M24SR_ManageGPO                          0x08005009   Thumb Code    30  lib_m24sr.o(i.M24SR_ManageGPO)
    M24SR_ManageI2CGPO                       0x08005027   Thumb Code   102  drv_m24sr.o(i.M24SR_ManageI2CGPO)
    M24SR_ManageRFGPO                        0x0800508d   Thumb Code    86  drv_m24sr.o(i.M24SR_ManageRFGPO)
    M24SR_OpenNDEFSession                    0x080050e5   Thumb Code   158  lib_m24sr.o(i.M24SR_OpenNDEFSession)
    M24SR_PollI2C                            0x0800518d   Thumb Code   200  drv_i2c_m24sr.o(i.M24SR_PollI2C)
    M24SR_RFConfig                           0x08005261   Thumb Code    12  drv_m24sr.o(i.M24SR_RFConfig)
    M24SR_RFConfig_Hard                      0x0800526d   Thumb Code    20  drv_i2c_m24sr.o(i.M24SR_RFConfig_Hard)
    M24SR_ReadBinary                         0x08005285   Thumb Code   158  drv_m24sr.o(i.M24SR_ReadBinary)
    M24SR_ReadData                           0x0800532d   Thumb Code    92  lib_m24sr.o(i.M24SR_ReadData)
    M24SR_ReceiveI2Cresponse                 0x08005389   Thumb Code   284  drv_i2c_m24sr.o(i.M24SR_ReceiveI2Cresponse)
    M24SR_STReadBinary                       0x080054bd   Thumb Code   158  drv_m24sr.o(i.M24SR_STReadBinary)
    M24SR_SelectApplication                  0x08005565   Thumb Code   180  drv_m24sr.o(i.M24SR_SelectApplication)
    M24SR_SelectCCfile                       0x08005629   Thumb Code   168  drv_m24sr.o(i.M24SR_SelectCCfile)
    M24SR_SelectNDEFfile                     0x080056d9   Thumb Code   164  drv_m24sr.o(i.M24SR_SelectNDEFfile)
    M24SR_SelectSystemfile                   0x08005785   Thumb Code   168  drv_m24sr.o(i.M24SR_SelectSystemfile)
    M24SR_SendI2Ccommand                     0x08005835   Thumb Code   224  drv_i2c_m24sr.o(i.M24SR_SendI2Ccommand)
    M24SR_SetI2CSynchroMode                  0x08005929   Thumb Code     6  drv_i2c_m24sr.o(i.M24SR_SetI2CSynchroMode)
    M24SR_UpdateBinary                       0x08005935   Thumb Code   184  drv_m24sr.o(i.M24SR_UpdateBinary)
    M24SR_Verify                             0x08005a19   Thumb Code   204  drv_m24sr.o(i.M24SR_Verify)
    M24SR_WriteData                          0x08005aed   Thumb Code    92  lib_m24sr.o(i.M24SR_WriteData)
    MemManage_Handler                        0x08005b49   Thumb Code     4  stm32f10x_it.o(i.MemManage_Handler)
    NDEF_AddAAR                              0x08005b81   Thumb Code   242  lib_ndef_aar.o(i.NDEF_AddAAR)
    NDEF_IdentifyNDEF                        0x080061dd   Thumb Code   330  lib_ndef.o(i.NDEF_IdentifyNDEF)
    NDEF_ReadEmail                           0x08006ac5   Thumb Code   142  lib_ndef_email.o(i.NDEF_ReadEmail)
    NDEF_ReadGeo                             0x08006b53   Thumb Code   166  lib_ndef_geo.o(i.NDEF_ReadGeo)
    NDEF_ReadMyApp                           0x08006bf9   Thumb Code    34  lib_ndef_myapp.o(i.NDEF_ReadMyApp)
    NDEF_ReadSMS                             0x08006c1b   Thumb Code   166  lib_ndef_sms.o(i.NDEF_ReadSMS)
    NDEF_ReadURI                             0x08006cc1   Thumb Code   148  lib_ndef_uri.o(i.NDEF_ReadURI)
    NDEF_ReadVcard                           0x08006dfd   Thumb Code    30  lib_ndef_vcard.o(i.NDEF_ReadVcard)
    NDEF_WriteEmail                          0x08006e1d   Thumb Code   702  lib_ndef_email.o(i.NDEF_WriteEmail)
    NDEF_WriteGeo                            0x08007115   Thumb Code   558  lib_ndef_geo.o(i.NDEF_WriteGeo)
    NDEF_WriteNDEF                           0x08007365   Thumb Code    52  lib_ndef.o(i.NDEF_WriteNDEF)
    NDEF_WriteSMS                            0x08007399   Thumb Code   580  lib_ndef_sms.o(i.NDEF_WriteSMS)
    NDEF_WriteURI                            0x08007605   Thumb Code   774  lib_ndef_uri.o(i.NDEF_WriteURI)
    NMI_Handler                              0x08007ab5   Thumb Code     2  stm32f10x_it.o(i.NMI_Handler)
    NVIC_Init                                0x08007ab9   Thumb Code   102  misc.o(i.NVIC_Init)
    NVIC_PriorityGroupConfig                 0x08007b2d   Thumb Code    10  misc.o(i.NVIC_PriorityGroupConfig)
    PendSV_Handler                           0x08007b69   Thumb Code     2  stm32f10x_it.o(i.PendSV_Handler)
    RCC_AHBPeriphClockCmd                    0x08007dc9   Thumb Code    26  stm32f10x_rcc.o(i.RCC_AHBPeriphClockCmd)
    RCC_APB1PeriphClockCmd                   0x08007de9   Thumb Code    26  stm32f10x_rcc.o(i.RCC_APB1PeriphClockCmd)
    RCC_APB1PeriphResetCmd                   0x08007e09   Thumb Code    26  stm32f10x_rcc.o(i.RCC_APB1PeriphResetCmd)
    RCC_APB2PeriphClockCmd                   0x08007e29   Thumb Code    26  stm32f10x_rcc.o(i.RCC_APB2PeriphClockCmd)
    RCC_APB2PeriphResetCmd                   0x08007e49   Thumb Code    26  stm32f10x_rcc.o(i.RCC_APB2PeriphResetCmd)
    RCC_GetClocksFreq                        0x08007e69   Thumb Code   192  stm32f10x_rcc.o(i.RCC_GetClocksFreq)
    RCC_GetFlagStatus                        0x08007f3d   Thumb Code    56  stm32f10x_rcc.o(i.RCC_GetFlagStatus)
    RCC_GetSYSCLKSource                      0x08007f79   Thumb Code    10  stm32f10x_rcc.o(i.RCC_GetSYSCLKSource)
    RCC_HCLKConfig                           0x08007f89   Thumb Code    18  stm32f10x_rcc.o(i.RCC_HCLKConfig)
    RCC_HSEConfig                            0x08007fa1   Thumb Code    70  stm32f10x_rcc.o(i.RCC_HSEConfig)
    RCC_PCLK1Config                          0x08007fed   Thumb Code    18  stm32f10x_rcc.o(i.RCC_PCLK1Config)
    RCC_PCLK2Config                          0x08008005   Thumb Code    20  stm32f10x_rcc.o(i.RCC_PCLK2Config)
    RCC_PLLCmd                               0x0800801d   Thumb Code     6  stm32f10x_rcc.o(i.RCC_PLLCmd)
    RCC_PLLConfig                            0x08008029   Thumb Code    24  stm32f10x_rcc.o(i.RCC_PLLConfig)
    RCC_SYSCLKConfig                         0x08008045   Thumb Code    18  stm32f10x_rcc.o(i.RCC_SYSCLKConfig)
    RCC_WaitForHSEStartUp                    0x0800805d   Thumb Code    56  stm32f10x_rcc.o(i.RCC_WaitForHSEStartUp)
    SPI_Cmd                                  0x08008709   Thumb Code    24  stm32f10x_spi.o(i.SPI_Cmd)
    SPI_DataSizeConfig                       0x08008721   Thumb Code    18  stm32f10x_spi.o(i.SPI_DataSizeConfig)
    SPI_I2S_DeInit                           0x08008735   Thumb Code    76  stm32f10x_spi.o(i.SPI_I2S_DeInit)
    SPI_I2S_GetFlagStatus                    0x0800878d   Thumb Code    18  stm32f10x_spi.o(i.SPI_I2S_GetFlagStatus)
    SPI_I2S_SendData                         0x0800879f   Thumb Code     4  stm32f10x_spi.o(i.SPI_I2S_SendData)
    SPI_Init                                 0x080087a3   Thumb Code    60  stm32f10x_spi.o(i.SPI_Init)
    STIntro                                  0x080087e1   Thumb Code    14  menu.o(i.STIntro)
    STProprietary_DisableReadOnly            0x080087f5   Thumb Code    40  lib_stproprietary_feature.o(i.STProprietary_DisableReadOnly)
    STProprietary_DisableWriteOnly           0x0800881d   Thumb Code    40  lib_stproprietary_feature.o(i.STProprietary_DisableWriteOnly)
    STProprietary_EnableReadOnly             0x08008845   Thumb Code    40  lib_stproprietary_feature.o(i.STProprietary_EnableReadOnly)
    STProprietary_EnableWriteOnly            0x0800886d   Thumb Code    40  lib_stproprietary_feature.o(i.STProprietary_EnableWriteOnly)
    STProprietary_GPOConfig                  0x08008895   Thumb Code    44  lib_stproprietary_feature.o(i.STProprietary_GPOConfig)
    SVC_Handler                              0x080088c1   Thumb Code     2  stm32f10x_it.o(i.SVC_Handler)
    SelFunc                                  0x080088c5   Thumb Code    90  menu.o(i.SelFunc)
    ShowMenuIcons                            0x08008a1d   Thumb Code   668  menu.o(i.ShowMenuIcons)
    StartPerfMeasurement                     0x08008cd9   Thumb Code    30  hw_config.o(i.StartPerfMeasurement)
    SysTick_Configuration                    0x08008d65   Thumb Code    74  main.o(i.SysTick_Configuration)
    SysTick_Handler                          0x08008db5   Thumb Code     2  stm32f10x_it.o(i.SysTick_Handler)
    SystemInit                               0x08008db9   Thumb Code    78  system_stm32f10x.o(i.SystemInit)
    TIM2_IRQHandler                          0x08008e19   Thumb Code    16  stm32f10x_it.o(i.TIM2_IRQHandler)
    TIM3_IRQHandler                          0x08008e29   Thumb Code    16  stm32f10x_it.o(i.TIM3_IRQHandler)
    TIM_ClearITPendingBit                    0x08008e3d   Thumb Code     6  stm32f10x_tim.o(i.TIM_ClearITPendingBit)
    TIM_Cmd                                  0x08008e43   Thumb Code    24  stm32f10x_tim.o(i.TIM_Cmd)
    TIM_ITConfig                             0x08008e5b   Thumb Code    18  stm32f10x_tim.o(i.TIM_ITConfig)
    TIM_SetCounter                           0x08008e6d   Thumb Code     4  stm32f10x_tim.o(i.TIM_SetCounter)
    TIM_TimeBaseInit                         0x08008e71   Thumb Code   122  stm32f10x_tim.o(i.TIM_TimeBaseInit)
    TIM_UpdateRequestConfig                  0x08008f15   Thumb Code    24  stm32f10x_tim.o(i.TIM_UpdateRequestConfig)
    TT4_AddAAR                               0x08008f2d   Thumb Code    38  lib_tagtype4.o(i.TT4_AddAAR)
    TT4_Init                                 0x08008f59   Thumb Code   120  lib_tagtype4.o(i.TT4_Init)
    TT4_ReadEmail                            0x08008fd5   Thumb Code    58  lib_tagtype4.o(i.TT4_ReadEmail)
    TT4_ReadGeo                              0x0800901d   Thumb Code    58  lib_tagtype4.o(i.TT4_ReadGeo)
    TT4_ReadMyApp                            0x08009065   Thumb Code    60  lib_tagtype4.o(i.TT4_ReadMyApp)
    TT4_ReadSMS                              0x080090ad   Thumb Code    58  lib_tagtype4.o(i.TT4_ReadSMS)
    TT4_ReadURI                              0x080090f5   Thumb Code    58  lib_tagtype4.o(i.TT4_ReadURI)
    TT4_ReadVcard                            0x0800913d   Thumb Code    58  lib_tagtype4.o(i.TT4_ReadVcard)
    TT4_WriteEmail                           0x08009185   Thumb Code    38  lib_tagtype4.o(i.TT4_WriteEmail)
    TT4_WriteGeo                             0x080091b1   Thumb Code    38  lib_tagtype4.o(i.TT4_WriteGeo)
    TT4_WriteNDEF                            0x080091dd   Thumb Code    38  lib_tagtype4.o(i.TT4_WriteNDEF)
    TT4_WriteSMS                             0x08009209   Thumb Code    38  lib_tagtype4.o(i.TT4_WriteSMS)
    TT4_WriteURI                             0x08009235   Thumb Code    38  lib_tagtype4.o(i.TT4_WriteURI)
    Timer_Config                             0x08009345   Thumb Code    12  hw_config.o(i.Timer_Config)
    Timer_RCC_Config                         0x08009351   Thumb Code    12  hw_config.o(i.Timer_RCC_Config)
    Timer_Structure_Config                   0x0800935d   Thumb Code   124  hw_config.o(i.Timer_Structure_Config)
    UART4_IRQHandler                         0x080093dd   Thumb Code   170  drv_bluetooth.o(i.UART4_IRQHandler)
    USART_Cmd                                0x080094a5   Thumb Code    24  stm32f10x_usart.o(i.USART_Cmd)
    USART_GetFlagStatus                      0x080094bd   Thumb Code    26  stm32f10x_usart.o(i.USART_GetFlagStatus)
    USART_GetITStatus                        0x080094d7   Thumb Code    84  stm32f10x_usart.o(i.USART_GetITStatus)
    USART_ITConfig                           0x0800952b   Thumb Code    74  stm32f10x_usart.o(i.USART_ITConfig)
    USART_Init                               0x08009575   Thumb Code   210  stm32f10x_usart.o(i.USART_Init)
    USART_ReceiveData                        0x0800964d   Thumb Code    10  stm32f10x_usart.o(i.USART_ReceiveData)
    USART_SendData                           0x08009657   Thumb Code     8  stm32f10x_usart.o(i.USART_SendData)
    UpFunc                                   0x08009661   Thumb Code   160  menu.o(i.UpFunc)
    UsageFault_Handler                       0x08009719   Thumb Code     4  stm32f10x_it.o(i.UsageFault_Handler)
    __scatterload_copy                       0x08009a2d   Thumb Code    14  handlers.o(i.__scatterload_copy)
    __scatterload_null                       0x08009a3b   Thumb Code     2  handlers.o(i.__scatterload_null)
    __scatterload_zeroinit                   0x08009a3d   Thumb Code    14  handlers.o(i.__scatterload_zeroinit)
    decrement_delay                          0x08009a4d   Thumb Code    18  hw_config.o(i.decrement_delay)
    delay_ms                                 0x08009a85   Thumb Code    52  hw_config.o(i.delay_ms)
    delay_us                                 0x08009abd   Thumb Code    52  hw_config.o(i.delay_us)
    increment_timestamp                      0x08009af5   Thumb Code    22  hw_config.o(i.increment_timestamp)
    main                                     0x08009b11   Thumb Code   220  main.o(i.main)
    uSTlogo                                  0x08009bf0   Data       92165  menu.o(.constdata)
    uURL                                     0x080203f5   Data        7205  menu.o(.constdata)
    uSMS                                     0x0802201a   Data        7205  menu.o(.constdata)
    uEmail                                   0x08023c3f   Data        7205  menu.o(.constdata)
    uVcard                                   0x08025864   Data        7205  menu.o(.constdata)
    uBT                                      0x08027489   Data        7205  menu.o(.constdata)
    uGeo                                     0x080290ae   Data        7205  menu.o(.constdata)
    uMyApp                                   0x0802acd3   Data        7205  menu.o(.constdata)
    uSlideShow                               0x0802c8f8   Data        7205  menu.o(.constdata)
    uRF_DIS                                  0x0802e51d   Data        7205  menu.o(.constdata)
    uRemoteControl                           0x08030142   Data        7205  menu.o(.constdata)
    uLock                                    0x08031d67   Data        7205  menu.o(.constdata)
    uDisclaimer                              0x0803398c   Data        7205  menu.o(.constdata)
    uPortrait                                0x080355b1   Data        7205  menu.o(.constdata)
    uVcardCSL1                               0x080371d6   Data        7713  menu.o(.constdata)
    uCSL1                                    0x08038ff7   Data        7205  menu.o(.constdata)
    uSlideA_1                                0x0803ac1c   Data       76805  menu.o(.constdata)
    uSlideA_2                                0x0804d821   Data       76805  menu.o(.constdata)
    uSlideB_1                                0x08060426   Data       76805  menu.o(.constdata)
    uSlideB_2                                0x0807302b   Data       76805  menu.o(.constdata)
    uSlideC_1                                0x08085c30   Data       76805  menu.o(.constdata)
    uSlideC_2                                0x08098835   Data       76805  menu.o(.constdata)
    uSlideD_1                                0x080ab43a   Data       76805  menu.o(.constdata)
    uSlideD_2                                0x080be03f   Data       76805  menu.o(.constdata)
    uAntenna1                                0x080d0c44   Data       76805  menu.o(.constdata)
    uAntenna2                                0x080e3849   Data       76805  menu.o(.constdata)
    ASCII                                    0x080f644e   Data          32  menu.o(.constdata)
    SlideAddr                                0x080f6470   Data          32  menu.o(.constdata)
    DelayTiming                              0x080f6490   Data          56  menu.o(.constdata)
    GPIO_CLK                                 0x080f64c8   Data          16  drv_led.o(.constdata)
    GPIO_PIN                                 0x080f64d8   Data           8  drv_led.o(.constdata)
    ASCII_Table                              0x080f64e0   Data        4560  drv_lcdspi_ili9341.o(.constdata)
    Region$$Table$$Base                      0x080f7bc8   Number         0  anon$$obj.o(Region$$Table)
    Region$$Table$$Limit                     0x080f7be8   Number         0  anon$$obj.o(Region$$Table)
    SELStatus                                0x20000000   Data           4  main.o(.data)
    I2C_Cmd_Flag                             0x20000004   Data           1  main.o(.data)
    NFCT4_SS_Flag                            0x20000005   Data           1  main.o(.data)
    NFCT4_CC_Flag                            0x20000006   Data           1  main.o(.data)
    NFCT4_NDEF_Flag                          0x20000007   Data           1  main.o(.data)
    ISO7816_Flag                             0x20000008   Data           1  main.o(.data)
    ST_Flag                                  0x20000009   Data           1  main.o(.data)
    IconsAddr                                0x20000010   Data          96  menu.o(.data)
    IconRect                                 0x20000070   Data          48  menu.o(.data)
    Protocol                                 0x200000a0   Data          12  menu.o(.data)
    URI_Message                              0x200000ac   Data          16  menu.o(.data)
    PhoneNumber                              0x200000bc   Data          14  menu.o(.data)
    Message                                  0x200000ca   Data          71  menu.o(.data)
    Instruction                              0x20000111   Data          53  menu.o(.data)
    EmailAdd                                 0x20000146   Data          25  menu.o(.data)
    Subject                                  0x2000015f   Data          36  menu.o(.data)
    EmailMessage                             0x20000183   Data          78  menu.o(.data)
    Information                              0x200001d1   Data          20  menu.o(.data)
    FirstName                                0x200001e5   Data          14  menu.o(.data)
    Title                                    0x200001f3   Data          18  menu.o(.data)
    Org                                      0x20000205   Data          20  menu.o(.data)
    HomeAddress                              0x20000219   Data           2  menu.o(.data)
    WorkAddress                              0x2000021b   Data          46  menu.o(.data)
    HomeTel                                  0x20000249   Data           2  menu.o(.data)
    WorkTel                                  0x2000024b   Data           2  menu.o(.data)
    CellTel                                  0x2000024d   Data          19  menu.o(.data)
    HomeEmail                                0x20000260   Data           2  menu.o(.data)
    WorkEmail                                0x20000262   Data          26  menu.o(.data)
    NDEF_BT_PAIRING                          0x2000027c   Data          70  menu.o(.data)
    Latitude                                 0x200002c2   Data          11  menu.o(.data)
    Longitude                                0x200002cd   Data          11  menu.o(.data)
    GeoInformation                           0x200002d8   Data          38  menu.o(.data)
    ReadPasswordActivated                    0x200002fe   Data           1  menu.o(.data)
    WritePasswordActivated                   0x200002ff   Data           1  menu.o(.data)
    ReadOnlyModeActivated                    0x20000300   Data           1  menu.o(.data)
    WriteOnlyModeActivated                   0x20000301   Data           1  menu.o(.data)
    MenuActivated                            0x20000302   Data           1  menu.o(.data)
    MenuItemIndex                            0x20000303   Data           1  menu.o(.data)
    nMenuLevel                               0x20000304   Data           1  menu.o(.data)
    RWLockMenuItems                          0x20000308   Data          48  menu.o(.data)
    RWLockMenu                               0x20000338   Data          12  menu.o(.data)
    RWUnLockMenuItems                        0x20000344   Data          48  menu.o(.data)
    RWUnLockMenu                             0x20000374   Data          12  menu.o(.data)
    RWLimitedMenuItems                       0x20000380   Data          48  menu.o(.data)
    RWLimitedMenu                            0x200003b0   Data          12  menu.o(.data)
    RWUnLimitedMenuItems                     0x200003bc   Data          48  menu.o(.data)
    RWUnLimitedMenu                          0x200003ec   Data          12  menu.o(.data)
    LoadURIMenuItems                         0x200003f8   Data          48  menu.o(.data)
    LoadURIMenu                              0x20000428   Data          12  menu.o(.data)
    PasswordMenuItems                        0x20000434   Data          48  menu.o(.data)
    PasswordMenu                             0x20000464   Data          12  menu.o(.data)
    LimitedAccessMenuItems                   0x20000470   Data          48  menu.o(.data)
    LimitedAccessMenu                        0x200004a0   Data          12  menu.o(.data)
    URIMenuItems                             0x200004ac   Data          48  menu.o(.data)
    URIMenu                                  0x200004dc   Data          12  menu.o(.data)
    SMSMenuItems                             0x200004e8   Data          48  menu.o(.data)
    SMSMenu                                  0x20000518   Data          12  menu.o(.data)
    EmailMenuItems                           0x20000524   Data          48  menu.o(.data)
    EmailMenu                                0x20000554   Data          12  menu.o(.data)
    VcardMenuItems                           0x20000560   Data          48  menu.o(.data)
    VcardMenu                                0x20000590   Data          12  menu.o(.data)
    BTMenuItems                              0x2000059c   Data          64  menu.o(.data)
    BTMenu                                   0x200005dc   Data          12  menu.o(.data)
    GeoMenuItems                             0x200005e8   Data          48  menu.o(.data)
    GeoMenu                                  0x20000618   Data          12  menu.o(.data)
    PrivateAppMenuItems                      0x20000624   Data          48  menu.o(.data)
    PrivateAppMenu                           0x20000654   Data          12  menu.o(.data)
    M24SRPresMenuItems                       0x20000660   Data          48  menu.o(.data)
    M24SRPresMenu                            0x20000690   Data          12  menu.o(.data)
    RFDisableMenuItems                       0x2000069c   Data          48  menu.o(.data)
    RFDisableMenu                            0x200006cc   Data          12  menu.o(.data)
    RFGPOMenuItems                           0x200006d8   Data          48  menu.o(.data)
    RFGPOMenu                                0x20000708   Data          12  menu.o(.data)
    LockMenuItems                            0x20000714   Data          64  menu.o(.data)
    LockMenu                                 0x20000754   Data          12  menu.o(.data)
    AboutMenuItems                           0x20000760   Data          32  menu.o(.data)
    AboutMenu                                0x20000780   Data          12  menu.o(.data)
    MainMenuItems                            0x2000078c   Data         192  menu.o(.data)
    MainMenu                                 0x2000084c   Data          12  menu.o(.data)
    LedContext                               0x20000858   Data           4  menu.o(.data)
    LedActivated                             0x2000085c   Data           4  menu.o(.data)
    ItemNumb                                 0x20000860   Data           4  menu.o(.data)
    psMenuItem                               0x20000864   Data           4  menu.o(.data)
    psCurrentMenuItem                        0x20000868   Data           4  menu.o(.data)
    psCurrentMenu                            0x2000086c   Data           4  menu.o(.data)
    SPRecordStructAdd                        0x20000884   Data          12  lib_ndef.o(.data)
    GPIO_PORT                                0x200008a4   Data          16  drv_led.o(.data)
    BT_ModulePresent                         0x200008bc   Data           1  drv_bluetooth.o(.data)
    BT_AnswerBuffer                          0x200008bd   Data          64  drv_bluetooth.o(.data)
    BT_Event                                 0x200008fd   Data           1  drv_bluetooth.o(.data)
    BT_EventSize                             0x20000900   Data           4  drv_bluetooth.o(.data)
    BT_ResponseReady                         0x20000904   Data           1  drv_bluetooth.o(.data)
    BT_ResponseSize                          0x20000908   Data           4  drv_bluetooth.o(.data)
    SystemCoreClock                          0x20000910   Data           4  system_stm32f10x.o(.data)
    AHBPrescTable                            0x20000914   Data          16  system_stm32f10x.o(.data)
    CurrentReadPassword                      0x20000924   Data          16  menu.o(.bss)
    CurrentWritePassword                     0x20000934   Data          16  menu.o(.bss)
    MediaFile                                0x20000944   Data         244  menu.o(.bss)
    psPrevMenu                               0x20000a38   Data          16  menu.o(.bss)
    uM24SRbuffer                             0x20000b57   Data         255  drv_m24sr.o(.bss)
    I2CPassword                              0x20000c56   Data          16  lib_m24sr.o(.bss)
    NDEF_Buffer                              0x20000c68   Data        8192  lib_tagtype4.o(.bss)
    CCFileStruct                             0x20002c68   Data          16  lib_tagtype4.o(.bss)
    RecordStruct                             0x20002c78   Data         544  lib_tagtype4.o(.bss)
    SPRecordStruct1                          0x20002e98   Data         544  lib_ndef.o(.bss)
    SPRecordStruct2                          0x200030b8   Data         544  lib_ndef.o(.bss)
    SPRecordStruct3                          0x200032d8   Data         544  lib_ndef.o(.bss)
    ledState                                 0x200034f8   Data          16  drv_led.o(.bss)
    __initial_sp                             0x20005508   Data           0  startup_stm32f10x_xl.o(STACK)



==============================================================================

Memory Map of the image

  Image Entry point : 0x08000131

  Load Region LR_IROM1 (Base: 0x08000000, Size: 0x000f850c, Max: 0x00100000, ABSOLUTE, COMPRESSED[0x000f80d4])

    Execution Region ER_IROM1 (Base: 0x08000000, Size: 0x000f7be8, Max: 0x00100000, ABSOLUTE)

    Base Addr    Size         Type   Attr      Idx    E Section Name        Object

    0x08000000   0x00000130   Data   RO         3715    RESET               startup_stm32f10x_xl.o
    0x08000130   0x00000000   Code   RO         3765  * .ARM.Collect$$$$00000000  mc_w.l(entry.o)
    0x08000130   0x00000004   Code   RO         3778    .ARM.Collect$$$$00000001  mc_w.l(entry2.o)
    0x08000134   0x00000004   Code   RO         3781    .ARM.Collect$$$$00000004  mc_w.l(entry5.o)
    0x08000138   0x00000000   Code   RO         3783    .ARM.Collect$$$$00000008  mc_w.l(entry7b.o)
    0x08000138   0x00000000   Code   RO         3785    .ARM.Collect$$$$0000000A  mc_w.l(entry8b.o)
    0x08000138   0x00000008   Code   RO         3786    .ARM.Collect$$$$0000000B  mc_w.l(entry9a.o)
    0x08000140   0x00000000   Code   RO         3788    .ARM.Collect$$$$0000000D  mc_w.l(entry10a.o)
    0x08000140   0x00000000   Code   RO         3790    .ARM.Collect$$$$0000000F  mc_w.l(entry11a.o)
    0x08000140   0x00000004   Code   RO         3779    .ARM.Collect$$$$00002712  mc_w.l(entry2.o)
    0x08000144   0x00000024   Code   RO         3716    .text               startup_stm32f10x_xl.o
    0x08000168   0x00000024   Code   RO         3768    .text               mc_w.l(memcpya.o)
    0x0800018c   0x00000024   Code   RO         3770    .text               mc_w.l(memseta.o)
    0x080001b0   0x0000000e   Code   RO         3772    .text               mc_w.l(strlen.o)
    0x080001be   0x0000001a   Code   RO         3774    .text               mc_w.l(memcmp.o)
    0x080001d8   0x00000024   Code   RO         3792    .text               mc_w.l(init.o)
    0x080001fc   0x0000005c   Code   RO         3802    .text               mc_w.l(__dczerorl2.o)
    0x08000258   0x0000012c   Code   RO          190    i.AboutFunc         menu.o
    0x08000384   0x000000ec   Code   RO          191    i.AntennaPres       menu.o
    0x08000470   0x00000030   Code   RO         3627    i.BT_AnswerReady    drv_bluetooth.o
    0x080004a0   0x00000014   Code   RO         3628    i.BT_CLK_Configuration  drv_bluetooth.o
    0x080004b4   0x0000002c   Code   RO         3629    i.BT_Disable        drv_bluetooth.o
    0x080004e0   0x00000024   Code   RO         3630    i.BT_Enable         drv_bluetooth.o
    0x08000504   0x00000058   Code   RO         3631    i.BT_GPIO_Configuration  drv_bluetooth.o
    0x0800055c   0x00000024   Code   RO         3632    i.BT_GetAnswer      drv_bluetooth.o
    0x08000580   0x00000020   Code   RO         3633    i.BT_GetMacAddr     drv_bluetooth.o
    0x080005a0   0x00000328   Code   RO         3634    i.BT_IdentifyEvent  drv_bluetooth.o
    0x080008c8   0x000000ac   Code   RO         3635    i.BT_Init           drv_bluetooth.o
    0x08000974   0x0000004c   Code   RO         3636    i.BT_IsDevicePresent  drv_bluetooth.o
    0x080009c0   0x0000001c   Code   RO         3637    i.BT_Reset          drv_bluetooth.o
    0x080009dc   0x0000002c   Code   RO         3638    i.BT_SendCommand    drv_bluetooth.o
    0x08000a08   0x00000004   Code   RO          660    i.BusFault_Handler  stm32f10x_it.o
    0x08000a0c   0x00000070   Code   RO          192    i.Char2Hex          menu.o
    0x08000a7c   0x0000004c   Code   RO          193    i.DWLoadPhoneApp    menu.o
    0x08000ac8   0x00000002   Code   RO          661    i.DebugMon_Handler  stm32f10x_it.o
    0x08000aca   0x00000002   PAD
    0x08000acc   0x00000048   Code   RO          194    i.DelayJoyStick     menu.o
    0x08000b14   0x00000050   Code   RO          195    i.DisableReadOnlyMode  menu.o
    0x08000b64   0x00000050   Code   RO          196    i.DisableReadPWD    menu.o
    0x08000bb4   0x00000050   Code   RO          197    i.DisableWriteOnlyMode  menu.o
    0x08000c04   0x00000050   Code   RO          198    i.DisableWritePWD   menu.o
    0x08000c54   0x00000118   Code   RO          199    i.Disable_M24SR_RF  menu.o
    0x08000d6c   0x00000148   Code   RO          200    i.DisplayDwLdPhoneAppMessage  menu.o
    0x08000eb4   0x000001ec   Code   RO          201    i.DisplayEmail      menu.o
    0x080010a0   0x00000148   Code   RO          202    i.DisplayErrorMessage  menu.o
    0x080011e8   0x000001ec   Code   RO          203    i.DisplayGeo        menu.o
    0x080013d4   0x0000004c   Code   RO          204    i.DisplayIcons      menu.o
    0x08001420   0x00000190   Code   RO          205    i.DisplayLockPassword  menu.o
    0x080015b0   0x0000009c   Code   RO          206    i.DisplayMenu       menu.o
    0x0800164c   0x000000fc   Code   RO          207    i.DisplayMessage    menu.o
    0x08001748   0x000000c8   Code   RO          208    i.DisplayMessageOnGoing  menu.o
    0x08001810   0x0000010c   Code   RO          209    i.DisplayNormalMode  menu.o
    0x0800191c   0x000001ec   Code   RO          210    i.DisplaySMS        menu.o
    0x08001b08   0x000001ec   Code   RO          211    i.DisplayURI        menu.o
    0x08001cf4   0x0000016c   Code   RO          212    i.DisplayUnLockPassword  menu.o
    0x08001e60   0x0000025c   Code   RO          213    i.DisplayVcard      menu.o
    0x080020bc   0x00000488   Code   RO          214    i.Display_Info      menu.o
    0x08002544   0x0000010c   Code   RO          215    i.DisplaylimitedAccess  menu.o
    0x08002650   0x000000bc   Code   RO          216    i.DownFunc          menu.o
    0x0800270c   0x00000044   Code   RO          662    i.EXTI9_5_IRQHandler  stm32f10x_it.o
    0x08002750   0x0000000c   Code   RO         1543    i.EXTI_ClearITPendingBit  stm32f10x_exti.o
    0x0800275c   0x00000028   Code   RO         1547    i.EXTI_GetITStatus  stm32f10x_exti.o
    0x08002784   0x00000094   Code   RO         1548    i.EXTI_Init         stm32f10x_exti.o
    0x08002818   0x00000010   Code   RO         1549    i.EXTI_StructInit   stm32f10x_exti.o
    0x08002828   0x00000030   Code   RO          217    i.EnableReadOnlyMode  menu.o
    0x08002858   0x00000088   Code   RO          218    i.EnableReadPWD     menu.o
    0x080028e0   0x00000030   Code   RO          219    i.EnableWriteOnlyMode  menu.o
    0x08002910   0x00000084   Code   RO          220    i.EnableWritePWD    menu.o
    0x08002994   0x000000d0   Code   RO          221    i.Enable_BT_Pairing  menu.o
    0x08002a64   0x000002bc   Code   RO          222    i.Enable_GPO_RF     menu.o
    0x08002d20   0x00000118   Code   RO          223    i.Enable_M24SR_RF   menu.o
    0x08002e38   0x00000020   Code   RO          224    i.Event             menu.o
    0x08002e58   0x0000001c   Code   RO         1613    i.FLASH_PrefetchBufferCmd  stm32f10x_flash.o
    0x08002e74   0x00000018   Code   RO         1618    i.FLASH_SetLatency  stm32f10x_flash.o
    0x08002e8c   0x00000040   Code   RO         1773    i.GPIO_EXTILineConfig  stm32f10x_gpio.o
    0x08002ecc   0x00000112   Code   RO         1776    i.GPIO_Init         stm32f10x_gpio.o
    0x08002fde   0x00000012   Code   RO         1780    i.GPIO_ReadInputDataBit  stm32f10x_gpio.o
    0x08002ff0   0x00000004   Code   RO         1783    i.GPIO_ResetBits    stm32f10x_gpio.o
    0x08002ff4   0x00000004   Code   RO         1784    i.GPIO_SetBits      stm32f10x_gpio.o
    0x08002ff8   0x0000000a   Code   RO         1787    i.GPIO_WriteBit     stm32f10x_gpio.o
    0x08003002   0x00000002   PAD
    0x08003004   0x0000000c   Code   RO          547    i.GetElapsed_us     hw_config.o
    0x08003010   0x00000004   Code   RO          663    i.HardFault_Handler  stm32f10x_it.o
    0x08003014   0x00000048   Code   RO          225    i.Hex2Char          menu.o
    0x0800305c   0x00000018   Code   RO         1885    i.I2C_AcknowledgeConfig  stm32f10x_i2c.o
    0x08003074   0x0000002a   Code   RO         1887    i.I2C_CheckEvent    stm32f10x_i2c.o
    0x0800309e   0x0000000c   Code   RO         1888    i.I2C_ClearFlag     stm32f10x_i2c.o
    0x080030aa   0x00000018   Code   RO         1890    i.I2C_Cmd           stm32f10x_i2c.o
    0x080030c2   0x00000002   PAD
    0x080030c4   0x00000038   Code   RO         1893    i.I2C_DeInit        stm32f10x_i2c.o
    0x080030fc   0x00000018   Code   RO         1897    i.I2C_GenerateSTART  stm32f10x_i2c.o
    0x08003114   0x00000018   Code   RO         1898    i.I2C_GenerateSTOP  stm32f10x_i2c.o
    0x0800312c   0x0000003a   Code   RO         1899    i.I2C_GetFlagStatus  stm32f10x_i2c.o
    0x08003166   0x00000002   PAD
    0x08003168   0x000000ec   Code   RO         1904    i.I2C_Init          stm32f10x_i2c.o
    0x08003254   0x00000016   Code   RO         1908    i.I2C_ReadRegister  stm32f10x_i2c.o
    0x0800326a   0x00000008   Code   RO         1909    i.I2C_ReceiveData   stm32f10x_i2c.o
    0x08003272   0x00000012   Code   RO         1911    i.I2C_Send7bitAddress  stm32f10x_i2c.o
    0x08003284   0x00000004   Code   RO         1912    i.I2C_SendData      stm32f10x_i2c.o
    0x08003288   0x0000002a   Code   RO         1434    i.ISO7816_DisableAllPassword  lib_iso7816_password.o
    0x080032b2   0x00000028   Code   RO         1435    i.ISO7816_DisableReadPwd  lib_iso7816_password.o
    0x080032da   0x00000028   Code   RO         1436    i.ISO7816_DisableWritePwd  lib_iso7816_password.o
    0x08003302   0x0000002c   Code   RO         1437    i.ISO7816_EnableReadPwd  lib_iso7816_password.o
    0x0800332e   0x0000002c   Code   RO         1438    i.ISO7816_EnableWritePwd  lib_iso7816_password.o
    0x0800335a   0x00000002   Code   RO          226    i.IdleFunc          menu.o
    0x0800335c   0x00000088   Code   RO          227    i.InitJoystick      menu.o
    0x080033e4   0x00000048   Code   RO            1    i.IntExtOnOffConfig  main.o
    0x0800342c   0x000000b4   Code   RO          548    i.Interrupts_Config  hw_config.o
    0x080034e0   0x0000000c   Code   RO         3639    i.IsBTModulePresent  drv_bluetooth.o
    0x080034ec   0x00000018   Code   RO         3250    i.IsLED_On          drv_led.o
    0x08003504   0x00000014   Code   RO          795    i.IsSBlock          drv_m24sr.o
    0x08003518   0x00000024   Code   RO         3288    i.LCD_ChipSelect    drv_lcdspi_ili9341.o
    0x0800353c   0x00000030   Code   RO         3289    i.LCD_Clear         drv_lcdspi_ili9341.o
    0x0800356c   0x0000002c   Code   RO         3290    i.LCD_ClearLine     drv_lcdspi_ili9341.o
    0x08003598   0x00000002   Code   RO         3294    i.LCD_CtrlLinesConfig_ILI9341  drv_lcdspi_ili9341.o
    0x0800359a   0x00000014   Code   RO         3295    i.LCD_CtrlLinesWrite  drv_lcdspi_ili9341.o
    0x080035ae   0x00000002   PAD
    0x080035b0   0x00000028   Code   RO         3297    i.LCD_DisplayChar   drv_lcdspi_ili9341.o
    0x080035d8   0x0000002e   Code   RO         3301    i.LCD_DisplayStringLine  drv_lcdspi_ili9341.o
    0x08003606   0x00000002   PAD
    0x08003608   0x00000054   Code   RO         3302    i.LCD_DisplayStringLineWSize  drv_lcdspi_ili9341.o
    0x0800365c   0x000000b8   Code   RO         3303    i.LCD_DrawChar      drv_lcdspi_ili9341.o
    0x08003714   0x0000002a   Code   RO         3308    i.LCD_DrawFullRect  drv_lcdspi_ili9341.o
    0x0800373e   0x00000002   PAD
    0x08003740   0x00000050   Code   RO         3309    i.LCD_DrawLine      drv_lcdspi_ili9341.o
    0x08003790   0x00000044   Code   RO         3311    i.LCD_DrawRect      drv_lcdspi_ili9341.o
    0x080037d4   0x00000016   Code   RO         3316    i.LCD_Init          drv_lcdspi_ili9341.o
    0x080037ea   0x00000002   PAD
    0x080037ec   0x00000314   Code   RO         3320    i.LCD_PowerOn       drv_lcdspi_ili9341.o
    0x08003b00   0x000000c0   Code   RO         3322    i.LCD_SPIConfig     drv_lcdspi_ili9341.o
    0x08003bc0   0x00000010   Code   RO         3323    i.LCD_SetBackColor  drv_lcdspi_ili9341.o
    0x08003bd0   0x00000070   Code   RO         3326    i.LCD_SetCursor     drv_lcdspi_ili9341.o
    0x08003c40   0x000000d8   Code   RO         3327    i.LCD_SetCursor_onwindows  drv_lcdspi_ili9341.o
    0x08003d18   0x00000084   Code   RO         3328    i.LCD_SetDisplayWindow  drv_lcdspi_ili9341.o
    0x08003d9c   0x00000010   Code   RO         3330    i.LCD_SetTextColor  drv_lcdspi_ili9341.o
    0x08003dac   0x00000012   Code   RO         3333    i.LCD_WindowModeDisable  drv_lcdspi_ili9341.o
    0x08003dbe   0x00000002   PAD
    0x08003dc0   0x00000088   Code   RO         3335    i.LCD_WriteBMP_FAT  drv_lcdspi_ili9341.o
    0x08003e48   0x0000003c   Code   RO         3336    i.LCD_WriteCommand  drv_lcdspi_ili9341.o
    0x08003e84   0x0000003c   Code   RO         3337    i.LCD_WriteData     drv_lcdspi_ili9341.o
    0x08003ec0   0x0000000c   Code   RO         3338    i.LCD_WriteRAM      drv_lcdspi_ili9341.o
    0x08003ecc   0x00000020   Code   RO         3339    i.LCD_WriteRAM_Close  drv_lcdspi_ili9341.o
    0x08003eec   0x00000020   Code   RO         3340    i.LCD_WriteRAM_Prepare  drv_lcdspi_ili9341.o
    0x08003f0c   0x0000002c   Code   RO         3341    i.LCD_nCS_StartByte  drv_lcdspi_ili9341.o
    0x08003f38   0x0000004c   Code   RO         3251    i.LED_Config        drv_led.o
    0x08003f84   0x00000016   Code   RO            2    i.LED_Init          main.o
    0x08003f9a   0x00000002   PAD
    0x08003f9c   0x00000030   Code   RO         3252    i.LED_Off           drv_led.o
    0x08003fcc   0x0000002c   Code   RO         3253    i.LED_On            drv_led.o
    0x08003ff8   0x00000022   Code   RO            3    i.LED_Show          main.o
    0x0800401a   0x00000002   PAD
    0x0800401c   0x000002f0   Code   RO          228    i.LaunchDemoApp     menu.o
    0x0800430c   0x0000018c   Code   RO          229    i.Load_BT_NDEF      menu.o
    0x08004498   0x0000006c   Code   RO          230    i.Load_URI_Tel      menu.o
    0x08004504   0x00000070   Code   RO          231    i.Load_URI_URL      menu.o
    0x08004574   0x00000108   Code   RO          796    i.M24SR_BuildIBlockCommand  drv_m24sr.o
    0x0800467c   0x000000a8   Code   RO          797    i.M24SR_ChangeReferenceData  drv_m24sr.o
    0x08004724   0x0000004c   Code   RO          972    i.M24SR_CloseNDEFSession  lib_m24sr.o
    0x08004770   0x00000028   Code   RO          798    i.M24SR_ComputeCrc  drv_m24sr.o
    0x08004798   0x00000014   Code   RO            4    i.M24SR_DemoInit    main.o
    0x080047ac   0x00000060   Code   RO          799    i.M24SR_Deselect    drv_m24sr.o
    0x0800480c   0x00000046   Code   RO          973    i.M24SR_DisableAllPassword  lib_m24sr.o
    0x08004852   0x00000002   PAD
    0x08004854   0x00000098   Code   RO          800    i.M24SR_DisablePermanentState  drv_m24sr.o
    0x080048ec   0x00000030   Code   RO          974    i.M24SR_DisableReadOnly  lib_m24sr.o
    0x0800491c   0x00000024   Code   RO          975    i.M24SR_DisableReadPassword  lib_m24sr.o
    0x08004940   0x00000098   Code   RO          801    i.M24SR_DisableVerificationRequirement  drv_m24sr.o
    0x080049d8   0x00000030   Code   RO          976    i.M24SR_DisableWriteOnly  lib_m24sr.o
    0x08004a08   0x00000024   Code   RO          977    i.M24SR_DisableWritePassword  lib_m24sr.o
    0x08004a2c   0x00000098   Code   RO          802    i.M24SR_EnablePermanentState  drv_m24sr.o
    0x08004ac4   0x00000024   Code   RO          978    i.M24SR_EnableReadOnly  lib_m24sr.o
    0x08004ae8   0x0000002e   Code   RO          979    i.M24SR_EnableReadPassword  lib_m24sr.o
    0x08004b16   0x00000002   PAD
    0x08004b18   0x00000098   Code   RO          803    i.M24SR_EnableVerificationRequirement  drv_m24sr.o
    0x08004bb0   0x00000024   Code   RO          980    i.M24SR_EnableWriteOnly  lib_m24sr.o
    0x08004bd4   0x0000002e   Code   RO          981    i.M24SR_EnableWritePassword  lib_m24sr.o
    0x08004c02   0x0000008a   Code   RO          804    i.M24SR_FWTExtension  drv_m24sr.o
    0x08004c8c   0x0000005c   Code   RO          982    i.M24SR_ForceReadData  lib_m24sr.o
    0x08004ce8   0x00000020   Code   RO          983    i.M24SR_GetNDEFFileId  lib_m24sr.o
    0x08004d08   0x00000040   Code   RO          805    i.M24SR_GetSession  drv_m24sr.o
    0x08004d48   0x000000b4   Code   RO          739    i.M24SR_I2CInit     drv_i2c_m24sr.o
    0x08004dfc   0x0000001a   Code   RO          806    i.M24SR_Init        drv_m24sr.o
    0x08004e16   0x00000002   PAD
    0x08004e18   0x00000024   Code   RO          807    i.M24SR_InitStructure  drv_m24sr.o
    0x08004e3c   0x000000c4   Code   RO          984    i.M24SR_Initialization  lib_m24sr.o
    0x08004f00   0x00000070   Code   RO          740    i.M24SR_IsAnswerReady  drv_i2c_m24sr.o
    0x08004f70   0x0000004c   Code   RO          808    i.M24SR_IsCorrectCRC16Residue  drv_m24sr.o
    0x08004fbc   0x0000004c   Code   RO          809    i.M24SR_KillSession  drv_m24sr.o
    0x08005008   0x0000001e   Code   RO          985    i.M24SR_ManageGPO   lib_m24sr.o
    0x08005026   0x00000066   Code   RO          810    i.M24SR_ManageI2CGPO  drv_m24sr.o
    0x0800508c   0x00000056   Code   RO          811    i.M24SR_ManageRFGPO  drv_m24sr.o
    0x080050e2   0x00000002   PAD
    0x080050e4   0x000000a8   Code   RO          986    i.M24SR_OpenNDEFSession  lib_m24sr.o
    0x0800518c   0x000000d4   Code   RO          741    i.M24SR_PollI2C     drv_i2c_m24sr.o
    0x08005260   0x0000000c   Code   RO          812    i.M24SR_RFConfig    drv_m24sr.o
    0x0800526c   0x00000018   Code   RO          742    i.M24SR_RFConfig_Hard  drv_i2c_m24sr.o
    0x08005284   0x000000a8   Code   RO          813    i.M24SR_ReadBinary  drv_m24sr.o
    0x0800532c   0x0000005c   Code   RO          987    i.M24SR_ReadData    lib_m24sr.o
    0x08005388   0x00000134   Code   RO          744    i.M24SR_ReceiveI2Cresponse  drv_i2c_m24sr.o
    0x080054bc   0x000000a8   Code   RO          814    i.M24SR_STReadBinary  drv_m24sr.o
    0x08005564   0x000000c4   Code   RO          815    i.M24SR_SelectApplication  drv_m24sr.o
    0x08005628   0x000000b0   Code   RO          816    i.M24SR_SelectCCfile  drv_m24sr.o
    0x080056d8   0x000000ac   Code   RO          817    i.M24SR_SelectNDEFfile  drv_m24sr.o
    0x08005784   0x000000b0   Code   RO          818    i.M24SR_SelectSystemfile  drv_m24sr.o
    0x08005834   0x000000f4   Code   RO          745    i.M24SR_SendI2Ccommand  drv_i2c_m24sr.o
    0x08005928   0x0000000c   Code   RO          746    i.M24SR_SetI2CSynchroMode  drv_i2c_m24sr.o
    0x08005934   0x000000c0   Code   RO          821    i.M24SR_UpdateBinary  drv_m24sr.o
    0x080059f4   0x00000022   Code   RO          822    i.M24SR_UpdateCrc   drv_m24sr.o
    0x08005a16   0x00000002   PAD
    0x08005a18   0x000000d4   Code   RO          823    i.M24SR_Verify      drv_m24sr.o
    0x08005aec   0x0000005c   Code   RO          988    i.M24SR_WriteData   lib_m24sr.o
    0x08005b48   0x00000004   Code   RO          664    i.MemManage_Handler  stm32f10x_it.o
    0x08005b4c   0x00000034   Code   RO          232    i.Menu_Init         menu.o
    0x08005b80   0x00000108   Code   RO         1353    i.NDEF_AddAAR       lib_ndef_aar.o
    0x08005c88   0x0000017c   Code   RO         1271    i.NDEF_ExtractVcard  lib_ndef_vcard.o
    0x08005e04   0x00000120   Code   RO         1329    i.NDEF_Extract_M24SRDiscoveryApp_Input  lib_ndef_myapp.o
    0x08005f24   0x000000ec   Code   RO         1242    i.NDEF_FillEmailStruct  lib_ndef_email.o
    0x08006010   0x00000094   Code   RO         1300    i.NDEF_FillGeoStruct  lib_ndef_geo.o
    0x080060a4   0x000000ac   Code   RO         1213    i.NDEF_FillSMSStruct  lib_ndef_sms.o
    0x08006150   0x0000008c   Code   RO         1272    i.NDEF_FillVcardStruct  lib_ndef_vcard.o
    0x080061dc   0x0000014a   Code   RO         1366    i.NDEF_IdentifyNDEF  lib_ndef.o
    0x08006326   0x000000e6   Code   RO         1367    i.NDEF_IdentifySPRecord  lib_ndef.o
    0x0800640c   0x00000022   Code   RO         1368    i.NDEF_IsNDEFPresent  lib_ndef.o
    0x0800642e   0x00000002   PAD
    0x08006430   0x00000040   Code   RO         1369    i.NDEF_ParseForumExternalType  lib_ndef.o
    0x08006470   0x00000050   Code   RO         1370    i.NDEF_ParseMediaType  lib_ndef.o
    0x080064c0   0x00000042   Code   RO         1371    i.NDEF_ParseRecordHeader  lib_ndef.o
    0x08006502   0x00000002   PAD
    0x08006504   0x0000008c   Code   RO         1372    i.NDEF_ParseSP      lib_ndef.o
    0x08006590   0x0000004c   Code   RO         1373    i.NDEF_ParseURI     lib_ndef.o
    0x080065dc   0x0000008c   Code   RO         1374    i.NDEF_ParseWellKnownType  lib_ndef.o
    0x08006668   0x0000045c   Code   RO         1189    i.NDEF_Parse_WellKnowType  lib_ndef_uri.o
    0x08006ac4   0x0000008e   Code   RO         1243    i.NDEF_ReadEmail    lib_ndef_email.o
    0x08006b52   0x000000a6   Code   RO         1301    i.NDEF_ReadGeo      lib_ndef_geo.o
    0x08006bf8   0x00000022   Code   RO         1330    i.NDEF_ReadMyApp    lib_ndef_myapp.o
    0x08006c1a   0x000000a6   Code   RO         1214    i.NDEF_ReadSMS      lib_ndef_sms.o
    0x08006cc0   0x00000094   Code   RO         1190    i.NDEF_ReadURI      lib_ndef_uri.o
    0x08006d54   0x00000038   Code   RO         1244    i.NDEF_ReadURI_Email  lib_ndef_email.o
    0x08006d8c   0x00000038   Code   RO         1302    i.NDEF_ReadURI_Geo  lib_ndef_geo.o
    0x08006dc4   0x00000038   Code   RO         1215    i.NDEF_ReadURI_SMS  lib_ndef_sms.o
    0x08006dfc   0x0000001e   Code   RO         1273    i.NDEF_ReadVcard    lib_ndef_vcard.o
    0x08006e1a   0x00000002   PAD
    0x08006e1c   0x000002f8   Code   RO         1245    i.NDEF_WriteEmail   lib_ndef_email.o
    0x08007114   0x00000250   Code   RO         1303    i.NDEF_WriteGeo     lib_ndef_geo.o
    0x08007364   0x00000034   Code   RO         1376    i.NDEF_WriteNDEF    lib_ndef.o
    0x08007398   0x0000026c   Code   RO         1216    i.NDEF_WriteSMS     lib_ndef_sms.o
    0x08007604   0x000004b0   Code   RO         1191    i.NDEF_WriteURI     lib_ndef_uri.o
    0x08007ab4   0x00000002   Code   RO          665    i.NMI_Handler       stm32f10x_it.o
    0x08007ab6   0x00000002   PAD
    0x08007ab8   0x00000074   Code   RO         1506    i.NVIC_Init         misc.o
    0x08007b2c   0x00000014   Code   RO         1507    i.NVIC_PriorityGroupConfig  misc.o
    0x08007b40   0x00000028   Code   RO            5    i.NVIC_SetPriority  main.o
    0x08007b68   0x00000002   Code   RO          666    i.PendSV_Handler    stm32f10x_it.o
    0x08007b6a   0x00000002   PAD
    0x08007b6c   0x0000025c   Code   RO          233    i.ProductPres       menu.o
    0x08007dc8   0x00000020   Code   RO         2089    i.RCC_AHBPeriphClockCmd  stm32f10x_rcc.o
    0x08007de8   0x00000020   Code   RO         2090    i.RCC_APB1PeriphClockCmd  stm32f10x_rcc.o
    0x08007e08   0x00000020   Code   RO         2091    i.RCC_APB1PeriphResetCmd  stm32f10x_rcc.o
    0x08007e28   0x00000020   Code   RO         2092    i.RCC_APB2PeriphClockCmd  stm32f10x_rcc.o
    0x08007e48   0x00000020   Code   RO         2093    i.RCC_APB2PeriphResetCmd  stm32f10x_rcc.o
    0x08007e68   0x000000d4   Code   RO         2100    i.RCC_GetClocksFreq  stm32f10x_rcc.o
    0x08007f3c   0x0000003c   Code   RO         2101    i.RCC_GetFlagStatus  stm32f10x_rcc.o
    0x08007f78   0x00000010   Code   RO         2103    i.RCC_GetSYSCLKSource  stm32f10x_rcc.o
    0x08007f88   0x00000018   Code   RO         2104    i.RCC_HCLKConfig    stm32f10x_rcc.o
    0x08007fa0   0x0000004c   Code   RO         2105    i.RCC_HSEConfig     stm32f10x_rcc.o
    0x08007fec   0x00000018   Code   RO         2111    i.RCC_PCLK1Config   stm32f10x_rcc.o
    0x08008004   0x00000018   Code   RO         2112    i.RCC_PCLK2Config   stm32f10x_rcc.o
    0x0800801c   0x0000000c   Code   RO         2113    i.RCC_PLLCmd        stm32f10x_rcc.o
    0x08008028   0x0000001c   Code   RO         2114    i.RCC_PLLConfig     stm32f10x_rcc.o
    0x08008044   0x00000018   Code   RO         2117    i.RCC_SYSCLKConfig  stm32f10x_rcc.o
    0x0800805c   0x00000038   Code   RO         2119    i.RCC_WaitForHSEStartUp  stm32f10x_rcc.o
    0x08008094   0x00000130   Code   RO          234    i.ReadEmail         menu.o
    0x080081c4   0x00000120   Code   RO          235    i.ReadGeo           menu.o
    0x080082e4   0x000000a0   Code   RO          236    i.ReadKey           menu.o
    0x08008384   0x0000012c   Code   RO          237    i.ReadSMS           menu.o
    0x080084b0   0x00000174   Code   RO          238    i.ReadURI           menu.o
    0x08008624   0x0000006c   Code   RO          239    i.ReadVcard         menu.o
    0x08008690   0x00000078   Code   RO          240    i.ReturnFunc        menu.o
    0x08008708   0x00000018   Code   RO         2383    i.SPI_Cmd           stm32f10x_spi.o
    0x08008720   0x00000012   Code   RO         2384    i.SPI_DataSizeConfig  stm32f10x_spi.o
    0x08008732   0x00000002   PAD
    0x08008734   0x00000058   Code   RO         2390    i.SPI_I2S_DeInit    stm32f10x_spi.o
    0x0800878c   0x00000012   Code   RO         2391    i.SPI_I2S_GetFlagStatus  stm32f10x_spi.o
    0x0800879e   0x00000004   Code   RO         2395    i.SPI_I2S_SendData  stm32f10x_spi.o
    0x080087a2   0x0000003c   Code   RO         2396    i.SPI_Init          stm32f10x_spi.o
    0x080087de   0x00000002   PAD
    0x080087e0   0x00000014   Code   RO          241    i.STIntro           menu.o
    0x080087f4   0x00000028   Code   RO         1470    i.STProprietary_DisableReadOnly  lib_stproprietary_feature.o
    0x0800881c   0x00000028   Code   RO         1471    i.STProprietary_DisableWriteOnly  lib_stproprietary_feature.o
    0x08008844   0x00000028   Code   RO         1472    i.STProprietary_EnableReadOnly  lib_stproprietary_feature.o
    0x0800886c   0x00000028   Code   RO         1473    i.STProprietary_EnableWriteOnly  lib_stproprietary_feature.o
    0x08008894   0x0000002c   Code   RO         1474    i.STProprietary_GPOConfig  lib_stproprietary_feature.o
    0x080088c0   0x00000002   Code   RO          667    i.SVC_Handler       stm32f10x_it.o
    0x080088c2   0x00000002   PAD
    0x080088c4   0x00000074   Code   RO          242    i.SelFunc           menu.o
    0x08008938   0x00000008   Code   RO         3731    i.SetSysClock       system_stm32f10x.o
    0x08008940   0x000000dc   Code   RO         3732    i.SetSysClockTo72   system_stm32f10x.o
    0x08008a1c   0x000002bc   Code   RO          243    i.ShowMenuIcons     menu.o
    0x08008cd8   0x00000028   Code   RO          550    i.StartPerfMeasurement  hw_config.o
    0x08008d00   0x00000064   Code   RO          244    i.SuperUser         menu.o
    0x08008d64   0x00000050   Code   RO            6    i.SysTick_Configuration  main.o
    0x08008db4   0x00000002   Code   RO          668    i.SysTick_Handler   stm32f10x_it.o
    0x08008db6   0x00000002   PAD
    0x08008db8   0x00000060   Code   RO         3734    i.SystemInit        system_stm32f10x.o
    0x08008e18   0x00000010   Code   RO          669    i.TIM2_IRQHandler   stm32f10x_it.o
    0x08008e28   0x00000014   Code   RO          670    i.TIM3_IRQHandler   stm32f10x_it.o
    0x08008e3c   0x00000006   Code   RO         2533    i.TIM_ClearITPendingBit  stm32f10x_tim.o
    0x08008e42   0x00000018   Code   RO         2538    i.TIM_Cmd           stm32f10x_tim.o
    0x08008e5a   0x00000012   Code   RO         2563    i.TIM_ITConfig      stm32f10x_tim.o
    0x08008e6c   0x00000004   Code   RO         2603    i.TIM_SetCounter    stm32f10x_tim.o
    0x08008e70   0x000000a4   Code   RO         2609    i.TIM_TimeBaseInit  stm32f10x_tim.o
    0x08008f14   0x00000018   Code   RO         2612    i.TIM_UpdateRequestConfig  stm32f10x_tim.o
    0x08008f2c   0x0000002c   Code   RO         1084    i.TT4_AddAAR        lib_tagtype4.o
    0x08008f58   0x0000007c   Code   RO         1085    i.TT4_Init          lib_tagtype4.o
    0x08008fd4   0x00000048   Code   RO         1086    i.TT4_ReadEmail     lib_tagtype4.o
    0x0800901c   0x00000048   Code   RO         1087    i.TT4_ReadGeo       lib_tagtype4.o
    0x08009064   0x00000048   Code   RO         1088    i.TT4_ReadMyApp     lib_tagtype4.o
    0x080090ac   0x00000048   Code   RO         1090    i.TT4_ReadSMS       lib_tagtype4.o
    0x080090f4   0x00000048   Code   RO         1091    i.TT4_ReadURI       lib_tagtype4.o
    0x0800913c   0x00000048   Code   RO         1092    i.TT4_ReadVcard     lib_tagtype4.o
    0x08009184   0x0000002c   Code   RO         1093    i.TT4_WriteEmail    lib_tagtype4.o
    0x080091b0   0x0000002c   Code   RO         1094    i.TT4_WriteGeo      lib_tagtype4.o
    0x080091dc   0x0000002c   Code   RO         1096    i.TT4_WriteNDEF     lib_tagtype4.o
    0x08009208   0x0000002c   Code   RO         1097    i.TT4_WriteSMS      lib_tagtype4.o
    0x08009234   0x0000002c   Code   RO         1098    i.TT4_WriteURI      lib_tagtype4.o
    0x08009260   0x0000004c   Code   RO          552    i.TimerDelay_ms_Config  hw_config.o
    0x080092ac   0x0000004a   Code   RO          553    i.TimerDelay_us_Config  hw_config.o
    0x080092f6   0x00000002   PAD
    0x080092f8   0x0000004c   Code   RO          554    i.TimerTimestamp_us_Config  hw_config.o
    0x08009344   0x0000000c   Code   RO          555    i.Timer_Config      hw_config.o
    0x08009350   0x0000000c   Code   RO          556    i.Timer_RCC_Config  hw_config.o
    0x0800935c   0x00000080   Code   RO          557    i.Timer_Structure_Config  hw_config.o
    0x080093dc   0x000000c8   Code   RO         3640    i.UART4_IRQHandler  drv_bluetooth.o
    0x080094a4   0x00000018   Code   RO         3074    i.USART_Cmd         stm32f10x_usart.o
    0x080094bc   0x0000001a   Code   RO         3077    i.USART_GetFlagStatus  stm32f10x_usart.o
    0x080094d6   0x00000054   Code   RO         3078    i.USART_GetITStatus  stm32f10x_usart.o
    0x0800952a   0x0000004a   Code   RO         3080    i.USART_ITConfig    stm32f10x_usart.o
    0x08009574   0x000000d8   Code   RO         3081    i.USART_Init        stm32f10x_usart.o
    0x0800964c   0x0000000a   Code   RO         3088    i.USART_ReceiveData  stm32f10x_usart.o
    0x08009656   0x00000008   Code   RO         3091    i.USART_SendData    stm32f10x_usart.o
    0x0800965e   0x00000002   PAD
    0x08009660   0x000000b8   Code   RO          245    i.UpFunc            menu.o
    0x08009718   0x00000004   Code   RO          671    i.UsageFault_Handler  stm32f10x_it.o
    0x0800971c   0x0000000e   Code   RO          246    i.WaitDebounce      menu.o
    0x0800972a   0x00000002   PAD
    0x0800972c   0x00000020   Code   RO          247    i.WaitUserAction    menu.o
    0x0800974c   0x000000a0   Code   RO          248    i.WriteEmail        menu.o
    0x080097ec   0x00000084   Code   RO          249    i.WriteGeo          menu.o
    0x08009870   0x00000084   Code   RO          250    i.WriteSMS          menu.o
    0x080098f4   0x00000138   Code   RO          251    i.WriteVcard        menu.o
    0x08009a2c   0x0000000e   Code   RO         3796    i.__scatterload_copy  mc_w.l(handlers.o)
    0x08009a3a   0x00000002   Code   RO         3797    i.__scatterload_null  mc_w.l(handlers.o)
    0x08009a3c   0x0000000e   Code   RO         3798    i.__scatterload_zeroinit  mc_w.l(handlers.o)
    0x08009a4a   0x00000002   PAD
    0x08009a4c   0x00000018   Code   RO          560    i.decrement_delay   hw_config.o
    0x08009a64   0x0000001e   Code   RO         3342    i.delay             drv_lcdspi_ili9341.o
    0x08009a82   0x00000002   PAD
    0x08009a84   0x00000038   Code   RO          562    i.delay_ms          hw_config.o
    0x08009abc   0x00000038   Code   RO          563    i.delay_us          hw_config.o
    0x08009af4   0x0000001c   Code   RO          564    i.increment_timestamp  hw_config.o
    0x08009b10   0x000000e0   Code   RO            7    i.main              main.o
    0x08009bf0   0x000ec8d8   Data   RO          253    .constdata          menu.o
    0x080f64c8   0x00000018   Data   RO         3255    .constdata          drv_led.o
    0x080f64e0   0x000011d0   Data   RO         3343    .constdata          drv_lcdspi_ili9341.o
    0x080f76b0   0x00000518   Data   RO          254    .conststring        menu.o
    0x080f7bc8   0x00000020   Data   RO         3794    Region$$Table       anon$$obj.o


    Execution Region RW_IRAM1 (Base: 0x20000000, Size: 0x00005508, Max: 0x00018000, ABSOLUTE, COMPRESSED[0x000004ec])

    Base Addr    Size         Type   Attr      Idx    E Section Name        Object

    0x20000000   0x0000000c   Data   RW            8    .data               main.o
    0x2000000c   0x00000864   Data   RW          255    .data               menu.o
    0x20000870   0x00000008   Data   RW          565    .data               hw_config.o
    0x20000878   0x00000001   Data   RW          747    .data               drv_i2c_m24sr.o
    0x20000879   0x00000002   Data   RW          825    .data               drv_m24sr.o
    0x2000087b   0x00000001   PAD
    0x2000087c   0x00000006   Data   RW          990    .data               lib_m24sr.o
    0x20000882   0x00000002   PAD
    0x20000884   0x0000000c   Data   RW         1378    .data               lib_ndef.o
    0x20000890   0x00000014   Data   RW         2120    .data               stm32f10x_rcc.o
    0x200008a4   0x00000010   Data   RW         3256    .data               drv_led.o
    0x200008b4   0x00000008   Data   RW         3344    .data               drv_lcdspi_ili9341.o
    0x200008bc   0x00000054   Data   RW         3641    .data               drv_bluetooth.o
    0x20000910   0x00000014   Data   RW         3735    .data               system_stm32f10x.o
    0x20000924   0x00000124   Zero   RW          252    .bss                menu.o
    0x20000a48   0x0000020e   Zero   RW          824    .bss                drv_m24sr.o
    0x20000c56   0x00000010   Zero   RW          989    .bss                lib_m24sr.o
    0x20000c66   0x00000002   PAD
    0x20000c68   0x00002230   Zero   RW         1100    .bss                lib_tagtype4.o
    0x20002e98   0x00000660   Zero   RW         1377    .bss                lib_ndef.o
    0x200034f8   0x00000010   Zero   RW         3254    .bss                drv_led.o
    0x20003508   0x00002000   Zero   RW         3713    STACK               startup_stm32f10x_xl.o


==============================================================================

Image component sizes


      Code (inc. data)   RO Data    RW Data    ZI Data      Debug   Object Name

      1644        352          0         84          0       9920   drv_bluetooth.o
      1092         96          0          1          0       5676   drv_i2c_m24sr.o
      2612        130       4560          8          0      20842   drv_lcdspi_ili9341.o
       192         48         24         16         16       3874   drv_led.o
      3306        158          0          2        526      20461   drv_m24sr.o
       774         46          0          8          0       6520   hw_config.o
       210          0          0          0          0       3685   lib_iso7816_password.o
      1180         42          0          6         16      11890   lib_m24sr.o
      1212         96          0         12       1632       7605   lib_ndef.o
       264         22          0          0          0       1396   lib_ndef_aar.o
      1194         86          0          0          0       3913   lib_ndef_email.o
       962         46          0          0          0       3781   lib_ndef_geo.o
       322         26          0          0          0       1871   lib_ndef_myapp.o
      1014         62          0          0          0       3893   lib_ndef_sms.o
      2464        880          0          0          0       3393   lib_ndef_uri.o
       550        140          0          0          0       2659   lib_ndef_vcard.o
       204          0          0          0          0       3738   lib_stproprietary_feature.o
       820        122          0          0       8752       8748   lib_tagtype4.o
       492         18          0         12          0     295045   main.o
     15328       4814     970224       2148        292      45853   menu.o
       136         24          0          0          0       1691   misc.o
        36          8        304          0       8192        784   startup_stm32f10x_xl.o
       216         18          0          0          0       2858   stm32f10x_exti.o
        52         12          0          0          0       1169   stm32f10x_flash.o
       374          4          0          0          0       5150   stm32f10x_gpio.o
       552         20          0          0          0       9960   stm32f10x_i2c.o
       130          8          0          0          0       4959   stm32f10x_it.o
       716         98          0         20          0      12415   stm32f10x_rcc.o
       212         12          0          0          0       4718   stm32f10x_spi.o
       240         42          0          0          0       4295   stm32f10x_tim.o
       442          6          0          0          0       6473   stm32f10x_usart.o
       324         26          0         20          0       2357   system_stm32f10x.o

    ----------------------------------------------------------------------
     39324       7462     975144       2340      19428     521592   Object Totals
         0          0         32          0          0          0   (incl. Generated)
        58          0          0          3          2          0   (incl. Padding)

    ----------------------------------------------------------------------

      Code (inc. data)   RO Data    RW Data    ZI Data      Debug   Library Member Name

        92          0          0          0          0          0   __dczerorl2.o
         0          0          0          0          0          0   entry.o
         0          0          0          0          0          0   entry10a.o
         0          0          0          0          0          0   entry11a.o
         8          4          0          0          0          0   entry2.o
         4          0          0          0          0          0   entry5.o
         0          0          0          0          0          0   entry7b.o
         0          0          0          0          0          0   entry8b.o
         8          4          0          0          0          0   entry9a.o
        30          0          0          0          0          0   handlers.o
        36          8          0          0          0         68   init.o
        26          0          0          0          0         80   memcmp.o
        36          0          0          0          0         68   memcpya.o
        36          0          0          0          0        108   memseta.o
        14          0          0          0          0         68   strlen.o

    ----------------------------------------------------------------------
       292         16          0          0          0        392   Library Totals
         2          0          0          0          0          0   (incl. Padding)

    ----------------------------------------------------------------------

      Code (inc. data)   RO Data    RW Data    ZI Data      Debug   Library Name

       290         16          0          0          0        392   mc_w.l

    ----------------------------------------------------------------------
       292         16          0          0          0        392   Library Totals

    ----------------------------------------------------------------------

==============================================================================


      Code (inc. data)   RO Data    RW Data    ZI Data      Debug   

     39616       7478     975144       2340      19428     505968   Grand Totals
     39616       7478     975144       1260      19428     505968   ELF Image Totals (compressed)
     39616       7478     975144       1260          0          0   ROM Totals

==============================================================================

    Total RO  Size (Code + RO Data)              1014760 ( 990.98kB)
    Total RW  Size (RW Data + ZI Data)             21768 (  21.26kB)
    Total ROM Size (Code + RO Data + RW Data)    1016020 ( 992.21kB)

==============================================================================

